[0;32mI (152) esp_image: segment 1: pï¿½ets Jul 29 2019 12:21:46

rst:0x1 (POWERON_RESET),boot:0x13 (SPI_FAST_FLASH_BOOT)
configsip: 0, SPIWP:0xee
clk_drv:0x00,q_drv:0x00,d_drv:0x00,cs0_drv:0x00,hd_drv:0x00,wp_drv:0x00
mode:DIO, clock div:2
load:0x3fff0030,len:7176
load:0x40078000,len:15564
ho 0 tail 12 room 4
load:0x40080400,len:4
load:0x40080404,len:3904
entry 0x40080640
[0;32mI (31) boot: ESP-IDF v5.3 2nd stage bootloader[0m
[0;32mI (31) boot: compile time Oct 31 2024 19:13:47[0m
[0;32mI (31) boot: Multicore bootloader[0m
[0;32mI (35) boot: chip revision: v3.0[0m
[0;32mI (39) boot.esp32: SPI Speed      : 40MHz[0m
[0;32mI (44) boot.esp32: SPI Mode       : DIO[0m
[0;32mI (48) boot.esp32: SPI Flash Size : 2MB[0m
[0;32mI (53) boot: Enabling RNG early entropy source...[0m
[0;32mI (58) boot: Partition Table:[0m
[0;32mI (62) boot: ## Label            Usage          Type ST Offset   Length[0m
[0;32mI (69) boot:  0 nvs              WiFi data        01 02 00009000 00006000[0m
[0;32mI (76) boot:  1 phy_init         RF data          01 01 0000f000 00001000[0m
[0;32mI (84) boot:  2 factory          factory app      00 00 00010000 00177000[0m
[0;32mI (91) boot: End of partition table[0m
[0;32mI (96) esp_image: segment 0: paddr=00010020 vaddr=3f400020 size=22688h (140936) map[0m
[0;32mI (152) esp_image: segment 1: paddr=000326b0 vaddr=3ff80063 size=00008h (     8) load[0m
[0;32mI (153) esp_image: segment 2: paddr=000326c0 vaddr=3ffb0000 size=03f74h ( 16244) load[0m
[0;32mI (164) esp_image: segment 3: paddr=0003663c vaddr=40080000 size=099dch ( 39388) load[0m
[0;32mI (182) esp_image: segment 4: paddr=00040020 vaddr=400d0020 size=8c37ch (574332) map[0m
[0;32mI (379) esp_image: segment 5: paddr=000cc3a4 vaddr=400899dc size=0fd10h ( 64784) load[0m
[0;32mI (405) esp_image: segment 6: paddr=000dc0bc vaddr=400c0000 size=00064h (   100) load[0m
[0;32mI (418) boot: Loaded app from partition at offset 0x10000[0m
[0;32mI (418) boot: Disabling RNG early entropy source...[0m
[0;32mI (430) cpu_start: Multicore app[0m
[0;32mI (438) cpu_start: Pro cpu start user code[0m
[0;32mI (438) cpu_start: cpu freq: 160000000 Hz[0m
[0;32mI (438) app_init: Application information:[0m
[0;32mI (441) app_init: Project name:     PIR[0m
[0;32mI (446) app_init: App version:      1[0m
[0;32mI (450) app_init: Compile time:     Oct 31 2024 20:01:10[0m
[0;32mI (456) app_init: ELF file SHA256:  147dfc35da69c607...[0m
[0;32mI (462) app_init: ESP-IDF:          v5.3[0m
[0;32mI (467) efuse_init: Min chip rev:     v0.0[0m
[0;32mI (471) efuse_init: Max chip rev:     v3.99 [0m
[0;32mI (476) efuse_init: Chip rev:         v3.0[0m
[0;32mI (481) heap_init: Initializing. RAM available for dynamic allocation:[0m
[0;32mI (489) heap_init: At 3FFAE6E0 len 00001920 (6 KiB): DRAM[0m
[0;32mI (494) heap_init: At 3FFB87A0 len 00027860 (158 KiB): DRAM[0m
[0;32mI (501) heap_init: At 3FFE0440 len 00003AE0 (14 KiB): D/IRAM[0m
[0;32mI (507) heap_init: At 3FFE4350 len 0001BCB0 (111 KiB): D/IRAM[0m
[0;32mI (513) heap_init: At 400996EC len 00006914 (26 KiB): IRAM[0m
[0;32mI (521) spi_flash: detected chip: generic[0m
[0;32mI (524) spi_flash: flash io: dio[0m
[0;33mW (528) spi_flash: Detected size(4096k) larger than the size in the binary image header(2048k). Using the size in the binary image header.[0m
[0;33mW (541) i2c: This driver is an old driver, please migrate your application code to adapt `driver/i2c_master.h`[0m
[0;32mI (553) main_task: Started on CPU0[0m
[0;32mI (563) main_task: Calling app_main()[0m
[0;32mI (563) progress: [APP] Free memory: 274028 bytes[0m
[0;32mI (563) progress: [APP] IDF version: v5.3[0m
[0;32mI (563) progress: MAC address: ec:62:60:bc:e8:50[0m
[0;31mE (573) i2cdev: Could not write to device [0x0b at 0]: -1 (ESP_FAIL)[0m
[0;32mI (693) gauge: Power Mode: 0x1[0m
[0;32mI (693) gauge: APA: 0x2A[0m
[0;32mI (693) gauge: Battery Profile: 0x1[0m
[0;32mI (693) gauge: Temp Mode: 0x0[0m
[0;32mI (693) gauge: Voltage: 3.93	RSOC: 68.0%[0m
[0;32mI (723) progress: Starting Wifi[0m
[0;32mI (10983) progress: Starting Clock[0m
[0;32mI (28983) progress: The current date/time in Germany is: Thu Jan  1 01:00:28 1970[0m
[0;32mI (28983) progress: Not a wakeup from deep sleep[0m
[0;32mI (28983) progress: Waiting for sensors to become inactive[0m
[0;31mE (28993) sleep: Not an RTC IO: GPIO8[0m
ESP_ERROR_CHECK failed: esp_err_t 0x102 (ESP_ERR_INVALID_ARG) at 0x400d811a
file: "./main/main.c" line 137
func: app_main
expression: esp_sleep_enable_ext1_wakeup(wakeup_pins_mask, ESP_EXT1_WAKEUP_ANY_HIGH)

abort() was called at PC 0x4008b6e3 on core 0


Backtrace: 0x40081d4a:0x3ffbb520 0x4008b6ed:0x3ffbb540 0x40093509:0x3ffbb560 0x4008b6e3:0x3ffbb5d0 0x400d811a:0x3ffbb600 0x4015a313:0x3ffbb650 0x4008c239:0x3ffbb680




ELF file SHA256: 147dfc35da69c607

Rebooting...
ets Jul 29 2019 12:21:46

rst:0xc (SW_CPU_RESET),boot:0x13 (SPI_FAST_FLASH_BOOT)
configsip: 0, SPIWP:0xee
clk_drv:0x00,q_drv:0x00,d_drv:0x00,cs0_drv:0x00,hd_drv:0x00,wp_drv:0x00
mode:DIO, clock div:2
load:0x3fff0030,len:7176
load:0x40078000,len:15564
ho 0 tail 12 room 4
load:0x40080400,len:4
load:0x40080404,len:3904
entry 0x40080640
[0;32mI (31) boot: ESP-IDF v5.3 2nd stage bootloader[0m
[0;32mI (31) boot: compile time Oct 31 2024 19:13:47[0m
[0;32mI (31) boot: Multicore bootloader[0m
[0;32mI (35) boot: chip revision: v3.0[0m
[0;32mI (39) boot.esp32: SPI Speed      : 40MHz[0m
[0;32mI (44) boot.esp32: SPI Mode       : DIO[0m
[0;32mI (48) boot.esp32: SPI Flash Size : 2MB[0m
[0;32mI (53) boot: Enabling RNG early entropy source...[0m
[0;32mI (58) boot: Partition Table:[0m
[0;32mI (62) boot: ## Label            Usage          Type ST Offset   Length[0m
[0;32mI (69) boot:  0 nvs              WiFi data        01 02 00009000 00006000[0m
[0;32mI (76) boot:  1 phy_init         RF data          01 01 0000f000 00001000[0m
[0;32mI (84) boot:  2 factory          factory app      00 00 00010000 00177000[0m
[0;32mI (91) boot: End of partition table[0m
[0;32mI (96) esp_image: segment 0: paddr=00010020 vaddr=3f400020 size=22688h (140936) map[0m
[0;32mI (152) esp_image: segment 1: paddr=000326b0 vaddr=3ff80063 size=00008h (     8) load[0m
[0;32mI (153) esp_image: segment 2: paddr=000326c0 vaddr=3ffb0000 size=03f74h ( 16244) load[0m
[0;32mI (164) esp_image: segment 3: paddr=0003663c vaddr=40080000 size=099dch ( 39388) load[0m
[0;32mI (182) esp_image: segment 4: paddr=00040020 vaddr=400d0020 size=8c37ch (574332) map[0m
[0;32mI (379) esp_image: segment 5: paddr=000cc3a4 vaddr=400899dc size=0fd10h ( 64784) load[0m
[0;32mI (405) esp_image: segment 6: paddr=000dc0bc vaddr=400c0000 size=00064h (   100) load[0m
[0;32mI (418) boot: Loaded app from partition at offset 0x10000[0m
[0;32mI (418) boot: Disabling RNG early entropy source...[0m
[0;32mI (430) cpu_start: Multicore app[0m
[0;32mI (438) cpu_start: Pro cpu start user code[0m
[0;32mI (438) cpu_start: cpu freq: 160000000 Hz[0m
[0;32mI (438) app_init: Application information:[0m
[0;32mI (441) app_init: Project name:     PIR[0m
[0;32mI (446) app_init: App version:      1[0m
[0;32mI (450) app_init: Compile time:     Oct 31 2024 20:01:10[0m
[0;32mI (456) app_init: ELF file SHA256:  147dfc35da69c607...[0m
[0;32mI (462) app_init: ESP-IDF:          v5.3[0m
[0;32mI (467) efuse_init: Min chip rev:     v0.0[0m
[0;32mI (471) efuse_init: Max chip rev:     v3.99 [0m
[0;32mI (476) efuse_init: Chip rev:         v3.0[0m
[0;32mI (481) heap_init: Initializing. RAM available for dynamic allocation:[0m
[0;32mI (488) heap_init: At 3FFAE6E0 len 00001920 (6 KiB): DRAM[0m
[0;32mI (494) heap_init: At 3FFB87A0 len 00027860 (158 KiB): DRAM[0m
[0;32mI (501) heap_init: At 3FFE0440 len 00003AE0 (14 KiB): D/IRAM[0m
[0;32mI (507) heap_init: At 3FFE4350 len 0001BCB0 (111 KiB): D/IRAM[0m
[0;32mI (513) heap_init: At 400996EC len 00006914 (26 KiB): IRAM[0m
[0;32mI (521) spi_flash: detected chip: generic[0m
[0;32mI (524) spi_flash: flash io: dio[0m
[0;33mW (528) spi_flash: Detected size(4096k) larger than the size in the binary image header(2048k). Using the size in the binary image header.[0m
[0;33mW (541) i2c: This driver is an old driver, please migrate your application code to adapt `driver/i2c_master.h`[0m
[0;32mI (553) main_task: Started on CPU0[0m
[0;32mI (563) main_task: Calling app_main()[0m
[0;32mI (563) progress: [APP] Free memory: 274028 bytes[0m
[0;32mI (563) progress: [APP] IDF version: v5.3[0m
[0;32mI (563) progress: MAC address: ec:62:60:bc:e8:50[0m
[0;31mE (573) i2cdev: Could not write to device [0x0b at 0]: -1 (ESP_FAIL)[0m
[0;32mI (693) gauge: Power Mode: 0x1[0m
[0;32mI (693) gauge: APA: 0x2A[0m
[0;32mI (693) gauge: Battery Profile: 0x1[0m
[0;32mI (693) gauge: Temp Mode: 0x0[0m
[0;32mI (693) gauge: Voltage: 3.93	RSOC: 67.0%[0m
[0;32mI (723) progress: Starting Wifi[0m
[0;32mI (3693) progress: Starting Clock[0m
[0;32mI (9693) progress: The current date/time in Germany is: Thu Oct 31 20:02:32 2024[0m
[0;32mI (9693) progress: Not a wakeup from deep sleep[0m
[0;32mI (9693) progress: Waiting for sensors to become inactive[0m
[0;31mE (9703) sleep: Not an RTC IO: GPIO8[0m
ESP_ERROR_CHECK failed: esp_err_t 0x102 (ESP_ERR_INVALID_ARG) at 0x400d811a
file: "./main/main.c" line 137
func: app_main
expression: esp_sleep_enable_ext1_wakeup(wakeup_pins_mask, ESP_EXT1_WAKEUP_ANY_HIGH)

abort() was called at PC 0x4008b6e3 on core 0


Backtrace: 0x40081d4a:0x3ffbb520 0x4008b6ed:0x3ffbb540 0x40093509:0x3ffbb560 0x4008b6e3:0x3ffbb5d0 0x400d811a:0x3ffbb600 0x4015a313:0x3ffbb650 0x4008c239:0x3ffbb680




ELF file SHA256: 147dfc35da69c607

Rebooting...
ets Jul 29 2019 12:21:46

rst:0xc (SW_CPU_RESET),boot:0x13 (SPI_FAST_FLASH_BOOT)
configsip: 0, SPIWP:0xee
clk_drv:0x00,q_drv:0x00,d_drv:0x00,cs0_drv:0x00,hd_drv:0x00,wp_drv:0x00
mode:DIO, clock div:2
load:0x3fff0030,len:7176
load:0x40078000,len:15564
ho 0 tail 12 room 4
load:0x40080400,len:4
load:0x40080404,len:3904
entry 0x40080640
[0;32mI (31) boot: ESP-IDF v5.3 2nd stage bootloader[0m
[0;32mI (31) boot: compile time Oct 31 2024 19:13:47[0m
[0;32mI (31) boot: Multicore bootloader[0m
[0;32mI (35) boot: chip revision: v3.0[0m
[0;32mI (39) boot.esp32: SPI Speed      : 40MHz[0m
[0;32mI (44) boot.esp32: SPI Mode       : DIO[0m
[0;32mI (48) boot.esp32: SPI Flash Size : 2MB[0m
[0;32mI (53) boot: Enabling RNG early entropy source...[0m
[0;32mI (58) boot: Partition Table:[0m
[0;32mI (62) boot: ## Label            Usage          Type ST Offset   Length[0m
[0;32mI (69) boot:  0 nvs              WiFi data        01 02 00009000 00006000[0m
[0;32mI (76) boot:  1 phy_init         RF data          01 01 0000f000 00001000[0m
[0;32mI (84) boot:  2 factory          factory app      00 00 00010000 00177000[0m
[0;32mI (91) boot: End of partition table[0m
[0;32mI (96) esp_image: segment 0: paddr=00010020 vaddr=3f400020 size=22688h (140936) map[0m
[0;32mI (152) esp_image: segment 1: paddr=000326b0 vaddr=3ff80063 size=00008h (     8) load[0m
[0;32mI (153) esp_image: segment 2: paddr=000326c0 vaddr=3ffb0000 size=03f74h ( 16244) load[0m
[0;32mI (164) esp_image: segment 3: paddr=0003663c vaddr=40080000 size=099dch ( 39388) load[0m
[0;32mI (182) esp_image: segment 4: paddr=00040020 vaddr=400d0020 size=8c37ch (574332) map[0m
[0;32mI (379) esp_image: segment 5: paddr=000cc3a4 vaddr=400899dc size=0fd10h ( 64784) load[0m
[0;32mI (405) esp_image: segment 6: paddr=000dc0bc vaddr=400c0000 size=00064h (   100) load[0m
[0;32mI (418) boot: Loaded app from partition at offset 0x10000[0m
[0;32mI (418) boot: Disabling RNG early entropy source...[0m
[0;32mI (430) cpu_start: Multicore app[0m
[0;32mI (438) cpu_start: Pro cpu start user code[0m
[0;32mI (438) cpu_start: cpu freq: 160000000 Hz[0m
[0;32mI (438) app_init: Application information:[0m
[0;32mI (441) app_init: Project name:     PIR[0m
[0;32mI (446) app_init: App version:      1[0m
[0;32mI (450) app_init: Compile time:     Oct 31 2024 20:01:10[0m
[0;32mI (456) app_init: ELF file SHA256:  147dfc35da69c607...[0m
[0;32mI (462) app_init: ESP-IDF:          v5.3[0m
[0;32mI (467) efuse_init: Min chip rev:     v0.0[0m
[0;32mI (471) efuse_init: Max chip rev:     v3.99 [0m
[0;32mI (476) efuse_init: Chip rev:         v3.0[0m
[0;32mI (481) heap_init: Initializing. RAM available for dynamic allocation:[0m
[0;32mI (488) heap_init: At 3FFAE6E0 len 00001920 (6 KiB): DRAM[0m
[0;32mI (494) heap_init: At 3FFB87A0 len 00027860 (158 KiB): DRAM[0m
[0;32mI (501) heap_init: At 3FFE0440 len 00003AE0 (14 KiB): D/IRAM[0m
[0;32mI (507) heap_init: At 3FFE4350 len 0001BCB0 (111 KiB): D/IRAM[0m
[0;32mI (513) heap_init: At 400996EC len 00006914 (26 KiB): IRAM[0m
[0;32mI (521) spi_flash: detected chip: generic[0m
[0;32mI (524) spi_flash: flash io: dio[0m
[0;33mW (528) spi_flash: Detected size(4096k) larger than the size in the binary image header(2048k). Using the size in the binary image header.[0m
[0;33mW (541) i2c: This driver is an old driver, please migrate your application code to adapt `driver/i2c_master.h`[0m
[0;32mI (553) main_task: Started on CPU0[0m
[0;32mI (563) main_task: Calling app_main()[0m
[0;32mI (563) progress: [APP] Free memory: 274028 bytes[0m
[0;32mI (563) progress: [APP] IDF version: v5.3[0m
[0;32mI (563) progress: MAC address: ec:62:60:bc:e8:50[0m
[0;31mE (573) i2cdev: Could not write to device [0x0b at 0]: -1 (ESP_FAIL)[0m
[0;32mI (693) gauge: Power Mode: 0x1[0m
[0;32mI (693) gauge: APA: 0x2A[0m
[0;32mI (693) gauge: Battery Profile: 0x1[0m
[0;32mI (693) gauge: Temp Mode: 0x0[0m
[0;32mI (693) gauge: Voltage: 3.93	RSOC: 67.0%[0m
[0;32mI (723) progress: Starting Wifi[0m
[0;32mI (15233) progress: Starting Clock[0m
[0;32mI (21233) progress: The current date/time in Germany is: Thu Oct 31 20:02:53 2024[0m
[0;32mI (21233) progress: Not a wakeup from deep sleep[0m
[0;32mI (21233) progress: Waiting for sensors to become inactive[0m
[0;31mE (21243) sleep: Not an RTC IO: GPIO8[0m
ESP_ERROR_CHECK failed: esp_err_t 0x102 (ESP_ERR_INVALID_ARG) at 0x400d811a
file: "./main/main.c" line 137
func: app_main
expression: esp_sleep_enable_ext1_wakeup(wakeup_pins_mask, ESP_EXT1_WAKEUP_ANY_HIGH)

abort() was called at PC 0x4008b6e3 on core 0


Backtrace: 0x40081d4a:0x3ffbb520 0x4008b6ed:0x3ffbb540 0x40093509:0x3ffbb560 0x4008b6e3:0x3ffbb5d0 0x400d811a:0x3ffbb600 0x4015a313:0x3ffbb650 0x4008c239:0x3ffbb680




ELF file SHA256: 147dfc35da69c607

Rebooting...
ets Jul 29 2019 12:21:46

rst:0xc (SW_CPU_RESET),boot:0x13 (SPI_FAST_FLASH_BOOT)
configsip: 0, SPIWP:0xee
clk_drv:0x00,q_drv:0x00,d_drv:0x00,cs0_drv:0x00,hd_drv:0x00,wp_drv:0x00
mode:DIO, clock div:2
load:0x3fff0030,len:7176
load:0x40078000,len:15564
ho 0 tail 12 room 4
load:0x40080400,len:4
load:0x40080404,len:3904
entry 0x40080640
[0;32mI (31) boot: ESP-IDF v5.3 2nd stage bootloader[0m
[0;32mI (31) boot: compile time Oct 31 2024 19:13:47[0m
[0;32mI (31) boot: Multicore bootloader[0m
[0;32mI (35) boot: chip revision: v3.0[0m
[0;32mI (39) boot.esp32: SPI Speed      : 40MHz[0m
[0;32mI (44) boot.esp32: SPI Mode       : DIO[0m
[0;32mI (48) boot.esp32: SPI Flash Size : 2MB[0m
[0;32mI (53) boot: Enabling RNG early entropy source...[0m
[0;32mI (58) boot: Partition Table:[0m
[0;32mI (62) boot: ## Label            Usage          Type ST Offset   Length[0m
[0;32mI (69) boot:  0 nvs              WiFi data        01 02 00009000 00006000[0m
[0;32mI (76) boot:  1 phy_init         RF data          01 01 0000f000 00001000[0m
[0;32mI (84) boot:  2 factory          factory app      00 00 00010000 00177000[0m
[0;32mI (91) boot: End of partition table[0m
[0;32mI (96) esp_image: segment 0: paddr=00010020 vaddr=3f400020 size=22688h (140936) map[0m
[0;32mI (152) esp_image: segment 1: paddr=000326b0 vaddr=3ff80063 size=00008h (     8) load[0m
[0;32mI (153) esp_image: segment 2: paddr=000326c0 vaddr=3ffb0000 size=03f74h ( 16244) load[0m
[0;32mI (164) esp_image: segment 3: paddr=0003663c vaddr=40080000 size=099dch ( 39388) load[0m
[0;32mI (182) esp_image: segment 4: paddr=00040020 vaddr=400d0020 size=8c37ch (574332) map[0m
[0;32mI (379) esp_image: segment 5: paddr=000cc3a4 vaddr=400899dc size=0fd10h ( 64784) load[0m
[0;32mI (405) esp_image: segment 6: paddr=000dc0bc vaddr=400c0000 size=00064h (   100) load[0m
[0;32mI (418) boot: Loaded app from partition at offset 0x10000[0m
[0;32mI (418) boot: Disabling RNG early entropy source...[0m
[0;32mI (430) cpu_start: Multicore app[0m
[0;32mI (438) cpu_start: Pro cpu start user code[0m
[0;32mI (438) cpu_start: cpu freq: 160000000 Hz[0m
[0;32mI (438) app_init: Application information:[0m
[0;32mI (441) app_init: Project name:     PIR[0m
[0;32mI (446) app_init: App version:      1[0m
[0;32mI (450) app_init: Compile time:     Oct 31 2024 20:01:10[0m
[0;32mI (456) app_init: ELF file SHA256:  147dfc35da69c607...[0m
[0;32mI (462) app_init: ESP-IDF:          v5.3[0m
[0;32mI (467) efuse_init: Min chip rev:     v0.0[0m
[0;32mI (471) efuse_init: Max chip rev:     v3.99 [0m
[0;32mI (476) efuse_init: Chip rev:         v3.0[0m
[0;32mI (481) heap_init: Initializing. RAM available for dynamic allocation:[0m
[0;32mI (488) heap_init: At 3FFAE6E0 len 00001920 (6 KiB): DRAM[0m
[0;32mI (494) heap_init: At 3FFB87A0 len 00027860 (158 KiB): DRAM[0m
[0;32mI (501) heap_init: At 3FFE0440 len 00003AE0 (14 KiB): D/IRAM[0m
[0;32mI (507) heap_init: At 3FFE4350 len 0001BCB0 (111 KiB): D/IRAM[0m
[0;32mI (513) heap_init: At 400996EC len 00006914 (26 KiB): IRAM[0m
[0;32mI (521) spi_flash: detected chip: generic[0m
[0;32mI (524) spi_flash: flash io: dio[0m
[0;33mW (528) spi_flash: Detected size(4096k) larger than the size in the binary image header(2048k). Using the size in the binary image header.[0m
[0;33mW (541) i2c: This driver is an old driver, please migrate your application code to adapt `driver/i2c_master.h`[0m
[0;32mI (553) main_task: Started on CPU0[0m
[0;32mI (563) main_task: Calling app_main()[0m
[0;32mI (563) progress: [APP] Free memory: 274028 bytes[0m
[0;32mI (563) progress: [APP] IDF version: v5.3[0m
[0;32mI (563) progress: MAC address: ec:62:60:bc:e8:50[0m
[0;31mE (573) i2cdev: Could not write to device [0x0b at 0]: -1 (ESP_FAIL)[0m
[0;32mI (693) gauge: Power Mode: 0x1[0m
[0;32mI (693) gauge: APA: 0x2A[0m
[0;32mI (693) gauge: Battery Profile: 0x1[0m
[0;32mI (693) gauge: Temp Mode: 0x0[0m
[0;32mI (693) gauge: Voltage: 3.93	RSOC: 67.0%[0m
[0;32mI (723) progress: Starting Wifi[0m
[0;32mI (15293) progress: Starting Clock[0m
[0;32mI (19293) progress: The current date/time in Germany is: Thu Oct 31 20:03:12 2024[0m
[0;32mI (19293) progress: Not a wakeup from deep sleep[0m
[0;32mI (19293) progress: Waiting for sensors to become inactive[0m
[0;31mE (19303) sleep: Not an RTC IO: GPIO8[0m
ESP_ERROR_CHECK failed: esp_err_t 0x102 (ESP_ERR_INVALID_ARG) at 0x400d811a
file: "./main/main.c" line 137
func: app_main
expression: esp_sleep_enable_ext1_wakeup(wakeup_pins_mask, ESP_EXT1_WAKEUP_ANY_HIGH)

abort() was called at PC 0x4008b6e3 on core 0


Backtrace: 0x40081d4a:0x3ffbb520 0x4008b6ed:0x3ffbb540 0x40093509:0x3ffbb560 0x4008b6e3:0x3ffbb5d0 0x400d811a:0x3ffbb600 0x4015a313:0x3ffbb650 0x4008c239:0x3ffbb680




ELF file SHA256: 147dfc35da69c607

Rebooting...
ets Jul 29 2019 12:21:46

rst:0xc (SW_CPU_RESET),boot:0x13 (SPI_FAST_FLASH_BOOT)
configsip: 0, SPIWP:0xee
clk_drv:0x00,q_drv:0x00,d_drv:0x00,cs0_drv:0x00,hd_drv:0x00,wp_drv:0x00
mode:DIO, clock div:2
load:0x3fff0030,len:7176
load:0x40078000,len:15564
ho 0 tail 12 room 4
load:0x40080400,len:4
load:0x40080404,len:3904
entry 0x40080640
[0;32mI (31) boot: ESP-IDF v5.3 2nd stage bootloader[0m
[0;32mI (31) boot: compile time Oct 31 2024 19:13:47[0m
[0;32mI (31) boot: Multicore bootloader[0m
[0;32mI (35) boot: chip revision: v3.0[0m
[0;32mI (39) boot.esp32: SPI Speed      : 40MHz[0m
[0;32mI (44) boot.esp32: SPI Mode       : DIO[0m
[0;32mI (48) boot.esp32: SPI Flash Size : 2MB[0m
[0;32mI (53) boot: Enabling RNG early entropy source...[0m
[0;32mI (58) boot: Partition Table:[0m
[0;32mI (62) boot: ## Label            Usage          Type ST Offset   Length[0m
[0;32mI (69) boot:  0 nvs              WiFi data        01 02 00009000 00006000[0m
[0;32mI (76) boot:  1 phy_init         RF data          01 01 0000f000 00001000[0m
[0;32mI (84) boot:  2 factory          factory app      00 00 00010000 00177000[0m
[0;32mI (91) boot: End of partition table[0m
[0;32mI (96) esp_image: segment 0: paddr=00010020 vaddr=3f400020 size=22688h (140936) map[0m
[0;32mI (152) esp_image: segment 1: paddr=000326b0 vaddr=3ff80063 size=00008h (     8) load[0m
[0;32mI (153) esp_image: segment 2: paddr=000326c0 vaddr=3ffb0000 size=03f74h ( 16244) load[0m
[0;32mI (164) esp_image: segment 3: paddr=0003663c vaddr=40080000 size=099dch ( 39388) load[0m
[0;32mI (182) esp_image: segment 4: paddr=00040020 vaddr=400d0020 size=8c37ch (574332) map[0m
[0;32mI (379) esp_image: segment 5: paddr=000cc3a4 vaddr=400899dc size=0fd10h ( 64784) load[0m
[0;32mI (405) esp_image: segment 6: paddr=000dc0bc vaddr=400c0000 size=00064h (   100) load[0m
[0;32mI (418) boot: Loaded app from partition at offset 0x10000[0m
[0;32mI (418) boot: Disabling RNG early entropy source...[0m
[0;32mI (430) cpu_start: Multicore app[0m
[0;32mI (438) cpu_start: Pro cpu start user code[0m
[0;32mI (438) cpu_start: cpu freq: 160000000 Hz[0m
[0;32mI (438) app_init: Application information:[0m
[0;32mI (441) app_init: Project name:     PIR[0m
[0;32mI (446) app_init: App version:      1[0m
[0;32mI (450) app_init: Compile time:     Oct 31 2024 20:01:10[0m
[0;32mI (456) app_init: ELF file SHA256:  147dfc35da69c607...[0m
[0;32mI (462) app_init: ESP-IDF:          v5.3[0m
[0;32mI (467) efuse_init: Min chip rev:     v0.0[0m
[0;32mI (471) efuse_init: Max chip rev:     v3.99 [0m
[0;32mI (476) efuse_init: Chip rev:         v3.0[0m
[0;32mI (481) heap_init: Initializing. RAM available for dynamic allocation:[0m
[0;32mI (488) heap_init: At 3FFAE6E0 len 00001920 (6 KiB): DRAM[0m
[0;32mI (494) heap_init: At 3FFB87A0 len 00027860 (158 KiB): DRAM[0m
[0;32mI (501) heap_init: At 3FFE0440 len 00003AE0 (14 KiB): D/IRAM[0m
[0;32mI (507) heap_init: At 3FFE4350 len 0001BCB0 (111 KiB): D/IRAM[0m
[0;32mI (513) heap_init: At 400996EC len 00006914 (26 KiB): IRAM[0m
[0;32mI (521) spi_flash: detected chip: generic[0m
[0;32mI (524) spi_flash: flash io: dio[0m
[0;33mW (528) spi_flash: Detected size(4096k) larger than the size in the binary image header(2048k). Using the size in the binary image header.[0m
[0;33mW (541) i2c: This driver is an old driver, please migrate your application code to adapt `driver/i2c_master.h`[0m
[0;32mI (553) main_task: Started on CPU0[0m
[0;32mI (563) main_task: Calling app_main()[0m
[0;32mI (563) progress: [APP] Free memory: 274028 bytes[0m
[0;32mI (563) progress: [APP] IDF version: v5.3[0m
[0;32mI (563) progress: MAC address: ec:62:60:bc:e8:50[0m
[0;31mE (573) i2cdev: Could not write to device [0x0b at 0]: -1 (ESP_FAIL)[0m
[0;32mI (693) gauge: Power Mode: 0x1[0m
[0;32mI (693) gauge: APA: 0x2A[0m
[0;32mI (693) gauge: Battery Profile: 0x1[0m
[0;32mI (693) gauge: Temp Mode: 0x0[0m
[0;32mI (693) gauge: Voltage: 3.93	RSOC: 68.0%[0m
[0;32mI (723) progress: Starting Wifi[0m
[0;32mI (15163) progress: Starting Clock[0m
[0;32mI (19163) progress: The current date/time in Germany is: Thu Oct 31 20:03:31 2024[0m
[0;32mI (19163) progress: Not a wakeup from deep sleep[0m
[0;32mI (19163) progress: Waiting for sensors to become inactive[0m
[0;31mE (28173) sleep: Not an RTC IO: GPIO8[0m
ESP_ERROR_CHECK failed: esp_err_t 0x102 (ESP_ERR_INVALID_ARG) at 0x400d811a
file: "./main/main.c" line 137
func: app_main
expression: esp_sleep_enable_ext1_wakeup(wakeup_pins_mask, ESP_EXT1_WAKEUP_ANY_HIGH)

abort() was called at PC 0x4008b6e3 on core 0


Backtrace: 0x40081d4a:0x3ffbb520 0x4008b6ed:0x3ffbb540 0x40093509:0x3ffbb560 0x4008b6e3:0x3ffbb5d0 0x400d811a:0x3ffbb600 0x4015a313:0x3ffbb650 0x4008c239:0x3ffbb680




ELF file SHA256: 147dfc35da69c607

Rebooting...
ets Jul 29 2019 12:21:46

rst:0xc (SW_CPU_RESET),boot:0x13 (SPI_FAST_FLASH_BOOT)
configsip: 0, SPIWP:0xee
clk_drv:0x00,q_drv:0x00,d_drv:0x00,cs0_drv:0x00,hd_drv:0x00,wp_drv:0x00
mode:DIO, clock div:2
load:0x3fff0030,len:7176
load:0x40078000,len:15564
ho 0 tail 12 room 4
load:0x40080400,len:4
load:0x40080404,len:3904
entry 0x40080640
[0;32mI (31) boot: ESP-IDF v5.3 2nd stage bootloader[0m
[0;32mI (31) boot: compile time Oct 31 2024 19:13:47[0m
[0;32mI (31) boot: Multicore bootloader[0m
[0;32mI (35) boot: chip revision: v3.0[0m
[0;32mI (39) boot.esp32: SPI Speed      : 40MHz[0m
[0;32mI (44) boot.esp32: SPI Mode       : DIO[0m
[0;32mI (48) boot.esp32: SPI Flash Size : 2MB[0m
[0;32mI (53) boot: Enabling RNG early entropy source...[0m
[0;32mI (58) boot: Partition Table:[0m
[0;32mI (62) boot: ## Label            Usage          Type ST Offset   Length[0m
[0;32mI (69) boot:  0 nvs              WiFi data        01 02 00009000 00006000[0m
[0;32mI (76) boot:  1 phy_init         RF data          01 01 0000f000 00001000[0m
[0;32mI (84) boot:  2 factory          factory app      00 00 00010000 00177000[0m
[0;32mI (91) boot: End of partition table[0m
[0;32mI (96) esp_image: segment 0: paddr=00010020 vaddr=3f400020 size=22688h (140936) map[0m
[0;32mI (152) esp_image: segment 1: paddr=000326b0 vaddr=3ff80063 size=00008h (     8) load[0m
[0;32mI (153) esp_image: segment 2: paddr=000326c0 vaddr=3ffb0000 size=03f74h ( 16244) load[0m
[0;32mI (164) esp_image: segment 3: paddr=0003663c vaddr=40080000 size=099dch ( 39388) load[0m
[0;32mI (182) esp_image: segment 4: paddr=00040020 vaddr=400d0020 size=8c37ch (574332) map[0m
[0;32mI (379) esp_image: segment 5: paddr=000cc3a4 vaddr=400899dc size=0fd10h ( 64784) load[0m
[0;32mI (405) esp_image: segment 6: paddr=000dc0bc vaddr=400c0000 size=00064h (   100) load[0m
[0;32mI (418) boot: Loaded app from partition at offset 0x10000[0m
[0;32mI (418) boot: Disabling RNG early entropy source...[0m
[0;32mI (430) cpu_start: Multicore app[0m
[0;32mI (438) cpu_start: Pro cpu start user code[0m
[0;32mI (438) cpu_start: cpu freq: 160000000 Hz[0m
[0;32mI (438) app_init: Application information:[0m
[0;32mI (441) app_init: Project name:     PIR[0m
[0;32mI (446) app_init: App version:      1[0m
[0;32mI (450) app_init: Compile time:     Oct 31 2024 20:01:10[0m
[0;32mI (456) app_init: ELF file SHA256:  147dfc35da69c607...[0m
[0;32mI (462) app_init: ESP-IDF:          v5.3[0m
[0;32mI (467) efuse_init: Min chip rev:     v0.0[0m
[0;32mI (471) efuse_init: Max chip rev:     v3.99 [0m
[0;32mI (476) efuse_init: Chip rev:         v3.0[0m
[0;32mI (481) heap_init: Initializing. RAM available for dynamic allocation:[0m
[0;32mI (488) heap_init: At 3FFAE6E0 len 00001920 (6 KiB): DRAM[0m
[0;32mI (494) heap_init: At 3FFB87A0 len 00027860 (158 KiB): DRAM[0m
[0;32mI (501) heap_init: At 3FFE0440 len 00003AE0 (14 KiB): D/IRAM[0m
[0;32mI (507) heap_init: At 3FFE4350 len 0001BCB0 (111 KiB): D/IRAM[0m
[0;32mI (513) heap_init: At 400996EC len 00006914 (26 KiB): IRAM[0m
[0;32mI (521) spi_flash: detected chip: generic[0m
[0;32mI (524) spi_flash: flash io: dio[0m
[0;33mW (528) spi_flash: Detected size(4096k) larger than the size in the binary image header(2048k). Using the size in the binary image header.[0m
[0;33mW (541) i2c: This driver is an old driver, please migrate your application code to adapt `driver/i2c_master.h`[0m
[0;32mI (553) main_task: Started on CPU0[0m
[0;32mI (563) main_task: Calling app_main()[0m
[0;32mI (563) progress: [APP] Free memory: 274028 bytes[0m
[0;32mI (563) progress: [APP] IDF version: v5.3[0m
[0;32mI (563) progress: MAC address: ec:62:60:bc:e8:50[0m
[0;31mE (573) i2cdev: Could not write to device [0x0b at 0]: -1 (ESP_FAIL)[0m
[0;32mI (693) gauge: Power Mode: 0x1[0m
[0;32mI (693) gauge: APA: 0x2A[0m
[0;32mI (693) gauge: Battery Profile: 0x1[0m
[0;32mI (693) gauge: Temp Mode: 0x0[0m
[0;32mI (693) gauge: Voltage: 3.93	RSOC: 68.0%[0m
[0;32mI (723) progress: Starting Wifi[0m
[0;32mI (10963) progress: Starting Clock[0m
[0;32mI (28963) progress: The current date/time in Germany is: Thu Oct 31 20:04:09 2024[0m
[0;32mI (28963) progress: Not a wakeup from deep sleep[0m
[0;32mI (28963) progress: Waiting for sensors to become inactive[0m
[0;31mE (30973) sleep: Not an RTC IO: GPIO8[0m
ESP_ERROR_CHECK failed: esp_err_t 0x102 (ESP_ERR_INVALID_ARG) at 0x400d811a
file: "./main/main.c" line 137
func: app_main
expression: esp_sleep_enable_ext1_wakeup(wakeup_pins_mask, ESP_EXT1_WAKEUP_ANY_HIGH)

abort() was called at PC 0x4008b6e3 on core 0


Backtrace: 0x40081d4a:0x3ffbb520 0x4008b6ed:0x3ffbb540 0x40093509:0x3ffbb560 0x4008b6e3:0x3ffbb5d0 0x400d811a:0x3ffbb600 0x4015a313:0x3ffbb650 0x4008c239:0x3ffbb680




ELF file SHA256: 147dfc35da69c607

Rebooting...
ets Jul 29 2019 12:21:46

rst:0xc (SW_CPU_RESET),boot:0x13 (SPI_FAST_FLASH_BOOT)
configsip: 0, SPIWP:0xee
clk_drv:0x00,q_drv:0x00,d_drv:0x00,cs0_drv:0x00,hd_drv:0x00,wp_drv:0x00
mode:DIO, clock div:2
load:0x3fff0030,len:7176
load:0x40078000,len:15564
ho 0 tail 12 room 4
load:0x40080400,len:4
load:0x40080404,len:3904
entry 0x40080640
[0;32mI (31) boot: ESP-IDF v5.3 2nd stage bootloader[0m
[0;32mI (31) boot: compile time Oct 31 2024 19:13:47[0m
[0;32mI (31) boot: Multicore bootloader[0m
[0;32mI (35) boot: chip revision: v3.0[0m
[0;32mI (39) boot.esp32: SPI Speed      : 40MHz[0m
[0;32mI (44) boot.esp32: SPI Mode       : DIO[0m
[0;32mI (48) boot.esp32: SPI Flash Size : 2MB[0m
[0;32mI (53) boot: Enabling RNG early entropy source...[0m
[0;32mI (58) boot: Partition Table:[0m
[0;32mI (62) boot: ## Label            Usage          Type ST Offset   Length[0m
[0;32mI (69) boot:  0 nvs              WiFi data        01 02 00009000 00006000[0m
[0;32mI (76) boot:  1 phy_init         RF data          01 01 0000f000 00001000[0m
[0;32mI (84) boot:  2 factory          factory app      00 00 00010000 00177000[0m
[0;32mI (91) boot: End of partition table[0m
[0;32mI (96) esp_image: segment 0: paddr=00010020 vaddr=3f400020 size=22688h (140936) map[0m
[0;32mI (152) esp_image: segment 1: paddr=000326b0 vaddr=3ff80063 size=00008h (     8) load[0m
[0;32mI (153) esp_image: segment 2: paddr=000326c0 vaddr=3ffb0000 size=03f74h ( 16244) load[0m
[0;32mI (164) esp_image: segment 3: paddr=0003663c vaddr=40080000 size=099dch ( 39388) load[0m
[0;32mI (182) esp_image: segment 4: paddr=00040020 vaddr=400d0020 size=8c37ch (574332) map[0m
[0;32mI (379) esp_image: segment 5: paddr=000cc3a4 vaddr=400899dc size=0fd10h ( 64784) load[0m
[0;32mI (405) esp_image: segment 6: paddr=000dc0bc vaddr=400c0000 size=00064h (   100) load[0m
[0;32mI (418) boot: Loaded app from partition at offset 0x10000[0m
[0;32mI (418) boot: Disabling RNG early entropy source...[0m
[0;32mI (430) cpu_start: Multicore app[0m
[0;32mI (438) cpu_start: Pro cpu start user code[0m
[0;32mI (438) cpu_start: cpu freq: 160000000 Hz[0m
[0;32mI (438) app_init: Application information:[0m
[0;32mI (441) app_init: Project name:     PIR[0m
[0;32mI (446) app_init: App version:      1[0m
[0;32mI (450) app_init: Compile time:     Oct 31 2024 20:01:10[0m
[0;32mI (456) app_init: ELF file SHA256:  147dfc35da69c607...[0m
[0;32mI (462) app_init: ESP-IDF:          v5.3[0m
[0;32mI (467) efuse_init: Min chip rev:     v0.0[0m
[0;32mI (471) efuse_init: Max chip rev:     v3.99 [0m
[0;32mI (476) efuse_init: Chip rev:         v3.0[0m
[0;32mI (481) heap_init: Initializing. RAM available for dynamic allocation:[0m
[0;32mI (488) heap_init: At 3FFAE6E0 len 00001920 (6 KiB): DRAM[0m
[0;32mI (494) heap_init: At 3FFB87A0 len 00027860 (158 KiB): DRAM[0m
[0;32mI (501) heap_init: At 3FFE0440 len 00003AE0 (14 KiB): D/IRAM[0m
[0;32mI (507) heap_init: At 3FFE4350 len 0001BCB0 (111 KiB): D/IRAM[0m
[0;32mI (513) heap_init: At 400996EC len 00006914 (26 KiB): IRAM[0m
[0;32mI (521) spi_flash: detected chip: generic[0m
[0;32mI (524) spi_flash: flash io: dio[0m
[0;33mW (528) spi_flash: Detected size(4096k) larger than the size in the binary image header(2048k). Using the size in the binary image header.[0m
[0;33mW (541) i2c: This driver is an old driver, please migrate your application code to adapt `driver/i2c_master.h`[0m
[0;32mI (553) main_task: Started on CPU0[0m
[0;32mI (563) main_task: Calling app_main()[0m
[0;32mI (563) progress: [APP] Free memory: 274028 bytes[0m
[0;32mI (563) progress: [APP] IDF version: v5.3[0m
[0;32mI (563) progress: MAC address: ec:62:60:bc:e8:50[0m
[0;31mE (573) i2cdev: Could not write to device [0x0b at 0]: -1 (ESP_FAIL)[0m
[0;32mI (693) gauge: Power Mode: 0x1[0m
[0;32mI (693) gauge: APA: 0x2A[0m
[0;32mI (693) gauge: Battery Profile: 0x1[0m
[0;32mI (693) gauge: Temp Mode: 0x0[0m
[0;32mI (693) gauge: Voltage: 3.93	RSOC: 67.0%[0m
[0;32mI (723) progress: Starting Wifi[0m
[0;32mI (3703) progress: Starting Clock[0m
[0;32mI (5703) progress: The current date/time in Germany is: Thu Oct 31 20:04:17 2024[0m
[0;32mI (5703) progress: Not a wakeup from deep sleep[0m
[0;32mI (5703) progress: Waiting for sensors to become inactive[0m
[0;31mE (8713) sleep: Not an RTC IO: GPIO8[0m
ESP_ERROR_CHECK failed: esp_err_t 0x102 (ESP_ERR_INVALID_ARG) at 0x400d811a
file: "./main/main.c" line 137
func: app_main
expression: esp_sleep_enable_ext1_wakeup(wakeup_pins_mask, ESP_EXT1_WAKEUP_ANY_HIGH)

abort() was called at PC 0x4008b6e3 on core 0


Backtrace: 0x40081d4a:0x3ffbb520 0x4008b6ed:0x3ffbb540 0x40093509:0x3ffbb560 0x4008b6e3:0x3ffbb5d0 0x400d811a:0x3ffbb600 0x4015a313:0x3ffbb650 0x4008c239:0x3ffbb680




ELF file SHA256: 147dfc35da69c607

Rebooting...
ets Jul 29 2019 12:21:46

rst:0xc (SW_CPU_RESET),boot:0x13 (SPI_FAST_FLASH_BOOT)
configsip: 0, SPIWP:0xee
clk_drv:0x00,q_drv:0x00,d_drv:0x00,cs0_drv:0x00,hd_drv:0x00,wp_drv:0x00
mode:DIO, clock div:2
load:0x3fff0030,len:7176
load:0x40078000,len:15564
ho 0 tail 12 room 4
load:0x40080400,len:4
load:0x40080404,len:3904
entry 0x40080640
[0;32mI (31) boot: ESP-IDF v5.3 2nd stage bootloader[0m
[0;32mI (31) boot: compile time Oct 31 2024 19:13:47[0m
[0;32mI (31) boot: Multicore bootloader[0m
[0;32mI (35) boot: chip revision: v3.0[0m
[0;32mI (39) boot.esp32: SPI Speed      : 40MHz[0m
[0;32mI (44) boot.esp32: SPI Mode       : DIO[0m
[0;32mI (48) boot.esp32: SPI Flash Size : 2MB[0m
[0;32mI (53) boot: Enabling RNG early entropy source...[0m
[0;32mI (58) boot: Partition Table:[0m
[0;32mI (62) boot: ## Label            Usage          Type ST Offset   Length[0m
[0;32mI (69) boot:  0 nvs              WiFi data        01 02 00009000 00006000[0m
[0;32mI (76) boot:  1 phy_init         RF data          01 01 0000f000 00001000[0m
[0;32mI (84) boot:  2 factory          factory app      00 00 00010000 00177000[0m
[0;32mI (91) boot: End of partition table[0m
[0;32mI (96) esp_image: segment 0: paddr=00010020 vaddr=3f400020 size=22688h (140936) map[0m
[0;32mI (152) esp_image: segment 1: paddr=000326b0 vaddr=3ff80063 size=00008h (     8) load[0m
[0;32mI (153) esp_image: segment 2: paddr=000326c0 vaddr=3ffb0000 size=03f74h ( 16244) load[0m
[0;32mI (164) esp_image: segment 3: paddr=0003663c vaddr=40080000 size=099dch ( 39388) load[0m
[0;32mI (182) esp_image: segment 4: paddr=00040020 vaddr=400d0020 size=8c37ch (574332) map[0m
[0;32mI (379) esp_image: segment 5: paddr=000cc3a4 vaddr=400899dc size=0fd10h ( 64784) load[0m
[0;32mI (405) esp_image: segment 6: paddr=000dc0bc vaddr=400c0000 size=00064h (   100) load[0m
[0;32mI (418) boot: Loaded app from partition at offset 0x10000[0m
[0;32mI (418) boot: Disabling RNG early entropy source...[0m
[0;32mI (430) cpu_start: Multicore app[0m
[0;32mI (438) cpu_start: Pro cpu start user code[0m
[0;32mI (438) cpu_start: cpu freq: 160000000 Hz[0m
[0;32mI (438) app_init: Application information:[0m
[0;32mI (441) app_init: Project name:     PIR[0m
[0;32mI (446) app_init: App version:      1[0m
[0;32mI (450) app_init: Compile time:     Oct 31 2024 20:01:10[0m
[0;32mI (456) app_init: ELF file SHA256:  147dfc35da69c607...[0m
[0;32mI (462) app_init: ESP-IDF:          v5.3[0m
[0;32mI (467) efuse_init: Min chip rev:     v0.0[0m
[0;32mI (471) efuse_init: Max chip rev:     v3.99 [0m
[0;32mI (476) efuse_init: Chip rev:         v3.0[0m
[0;32mI (481) heap_init: Initializing. RAM available for dynamic allocation:[0m
[0;32mI (488) heap_init: At 3FFAE6E0 len 00001920 (6 KiB): DRAM[0m
[0;32mI (494) heap_init: At 3FFB87A0 len 00027860 (158 KiB): DRAM[0m
[0;32mI (501) heap_init: At 3FFE0440 len 00003AE0 (14 KiB): D/IRAM[0m
[0;32mI (507) heap_init: At 3FFE4350 len 0001BCB0 (111 KiB): D/IRAM[0m
[0;32mI (513) heap_init: At 400996EC len 00006914 (26 KiB): IRAM[0m
[0;32mI (521) spi_flash: detected chip: generic[0m
[0;32mI (524) spi_flash: flash io: dio[0m
[0;33mW (528) spi_flash: Detected size(4096k) larger than the size in the binary image header(2048k). Using the size in the binary image header.[0m
[0;33mW (541) i2c: This driver is an old driver, please migrate your application code to adapt `driver/i2c_master.h`[0m
[0;32mI (553) main_task: Started on CPU0[0m
[0;32mI (563) main_task: Calling app_main()[0m
[0;32mI (563) progress: [APP] Free memory: 274028 bytes[0m
[0;32mI (563) progress: [APP] IDF version: v5.3[0m
[0;32mI (563) progress: MAC address: ec:62:60:bc:e8:50[0m
[0;31mE (573) i2cdev: Could not write to device [0x0b at 0]: -1 (ESP_FAIL)[0m
[0;32mI (693) gauge: Power Mode: 0x1[0m
[0;32mI (693) gauge: APA: 0x2A[0m
[0;32mI (693) gauge: Battery Profile: 0x1[0m
[0;32mI (693) gauge: Temp Mode: 0x0[0m
[0;32mI (693) gauge: Voltage: 3.93	RSOC: 68.0%[0m
[0;32mI (723) progress: Starting Wifi[0m
[0;32mI (25173) progress: Starting Clock[0m
[0;32mI (31173) progress: The current date/time in Germany is: Thu Oct 31 20:04:51 2024[0m
[0;32mI (31173) progress: Not a wakeup from deep sleep[0m
[0;32mI (31173) progress: Waiting for sensors to become inactive[0m
[0;31mE (31183) sleep: Not an RTC IO: GPIO8[0m
ESP_ERROR_CHECK failed: esp_err_t 0x102 (ESP_ERR_INVALID_ARG) at 0x400d811a
file: "./main/main.c" line 137
func: app_main
expression: esp_sleep_enable_ext1_wakeup(wakeup_pins_mask, ESP_EXT1_WAKEUP_ANY_HIGH)

abort() was called at PC 0x4008b6e3 on core 0


Backtrace: 0x40081d4a:0x3ffbb520 0x4008b6ed:0x3ffbb540 0x40093509:0x3ffbb560 0x4008b6e3:0x3ffbb5d0 0x400d811a:0x3ffbb600 0x4015a313:0x3ffbb650 0x4008c239:0x3ffbb680




ELF file SHA256: 147dfc35da69c607

Rebooting...
ets Jul 29 2019 12:21:46

rst:0xc (SW_CPU_RESET),boot:0x13 (SPI_FAST_FLASH_BOOT)
configsip: 0, SPIWP:0xee
clk_drv:0x00,q_drv:0x00,d_drv:0x00,cs0_drv:0x00,hd_drv:0x00,wp_drv:0x00
mode:DIO, clock div:2
load:0x3fff0030,len:7176
load:0x40078000,len:15564
ho 0 tail 12 room 4
load:0x40080400,len:4
load:0x40080404,len:3904
entry 0x40080640
[0;32mI (31) boot: ESP-IDF v5.3 2nd stage bootloader[0m
[0;32mI (31) boot: compile time Oct 31 2024 19:13:47[0m
[0;32mI (31) boot: Multicore bootloader[0m
[0;32mI (35) boot: chip revision: v3.0[0m
[0;32mI (39) boot.esp32: SPI Speed      : 40MHz[0m
[0;32mI (44) boot.esp32: SPI Mode       : DIO[0m
[0;32mI (48) boot.esp32: SPI Flash Size : 2MB[0m
[0;32mI (53) boot: Enabling RNG early entropy source...[0m
[0;32mI (58) boot: Partition Table:[0m
[0;32mI (62) boot: ## Label            Usage          Type ST Offset   Length[0m
[0;32mI (69) boot:  0 nvs              WiFi data        01 02 00009000 00006000[0m
[0;32mI (76) boot:  1 phy_init         RF data          01 01 0000f000 00001000[0m
[0;32mI (84) boot:  2 factory          factory app      00 00 00010000 00177000[0m
[0;32mI (91) boot: End of partition table[0m
[0;32mI (96) esp_image: segment 0: paddr=00010020 vaddr=3f400020 size=22688h (140936) map[0m
[0;32mI (152) esp_image: segment 1: paddr=000326b0 vaddr=3ff80063 size=00008h (     8) load[0m
[0;32mI (153) esp_image: segment 2: paddr=000326c0 vaddr=3ffb0000 size=03f74h ( 16244) load[0m
[0;32mI (164) esp_image: segment 3: paddr=0003663c vaddr=40080000 size=099dch ( 39388) load[0m
[0;32mI (182) esp_image: segment 4: paddr=00040020 vaddr=400d0020 size=8c37ch (574332) map[0m
[0;32mI (379) esp_image: segment 5: paddr=000cc3a4 vaddr=400899dc size=0fd10h ( 64784) load[0m
[0;32mI (405) esp_image: segment 6: paddr=000dc0bc vaddr=400c0000 size=00064h (   100) load[0m
[0;32mI (418) boot: Loaded app from partition at offset 0x10000[0m
[0;32mI (418) boot: Disabling RNG early entropy source...[0m
[0;32mI (430) cpu_start: Multicore app[0m
[0;32mI (438) cpu_start: Pro cpu start user code[0m
[0;32mI (438) cpu_start: cpu freq: 160000000 Hz[0m
[0;32mI (438) app_init: Application information:[0m
[0;32mI (441) app_init: Project name:     PIR[0m
[0;32mI (446) app_init: App version:      1[0m
[0;32mI (450) app_init: Compile time:     Oct 31 2024 20:01:10[0m
[0;32mI (456) app_init: ELF file SHA256:  147dfc35da69c607...[0m
[0;32mI (462) app_init: ESP-IDF:          v5.3[0m
[0;32mI (467) efuse_init: Min chip rev:     v0.0[0m
[0;32mI (471) efuse_init: Max chip rev:     v3.99 [0m
[0;32mI (476) efuse_init: Chip rev:         v3.0[0m
[0;32mI (481) heap_init: Initializing. RAM available for dynamic allocation:[0m
[0;32mI (488) heap_init: At 3FFAE6E0 len 00001920 (6 KiB): DRAM[0m
[0;32mI (494) heap_init: At 3FFB87A0 len 00027860 (158 KiB): DRAM[0m
[0;32mI (501) heap_init: At 3FFE0440 len 00003AE0 (14 KiB): D/IRAM[0m
[0;32mI (507) heap_init: At 3FFE4350 len 0001BCB0 (111 KiB): D/IRAM[0m
[0;32mI (513) heap_init: At 400996EC len 00006914 (26 KiB): IRAM[0m
[0;32mI (521) spi_flash: detected chip: generic[0m
[0;32mI (524) spi_flash: flash io: dio[0m
[0;33mW (528) spi_flash: Detected size(4096k) larger than the size in the binary image header(2048k). Using the size in the binary image header.[0m
[0;33mW (541) i2c: This driver is an old driver, please migrate your application code to adapt `driver/i2c_master.h`[0m
[0;32mI (553) main_task: Started on CPU0[0m
[0;32mI (563) main_task: Calling app_main()[0m
[0;32mI (563) progress: [APP] Free memory: 274028 bytes[0m
[0;32mI (563) progress: [APP] IDF version: v5.3[0m
[0;32mI (563) progress: MAC address: ec:62:60:bc:e8:50[0m
[0;31mE (573) i2cdev: Could not write to device [0x0b at 0]: -1 (ESP_FAIL)[0m
[0;32mI (693) gauge: Power Mode: 0x1[0m
[0;32mI (693) gauge: APA: 0x2A[0m
[0;32mI (693) gauge: Battery Profile: 0x1[0m
[0;32mI (693) gauge: Temp Mode: 0x0[0m
[0;32mI (693) gauge: Voltage: 3.93	RSOC: 68.0%[0m
[0;32mI (723) progress: Starting Wifi[0m
[0;32mI (15373) progress: Starting Clock[0m
[0;32mI (21373) progress: The current date/time in Germany is: Thu Oct 31 20:05:13 2024[0m
[0;32mI (21373) progress: Not a wakeup from deep sleep[0m
[0;32mI (21373) progress: Waiting for sensors to become inactive[0m
[0;31mE (21383) sleep: Not an RTC IO: GPIO8[0m
ESP_ERROR_CHECK failed: esp_err_t 0x102 (ESP_ERR_INVALID_ARG) at 0x400d811a
file: "./main/main.c" line 137
func: app_main
expression: esp_sleep_enable_ext1_wakeup(wakeup_pins_mask, ESP_EXT1_WAKEUP_ANY_HIGH)

abort() was called at PC 0x4008b6e3 on core 0


Backtrace: 0x40081d4a:0x3ffbb520 0x4008b6ed:0x3ffbb540 0x40093509:0x3ffbb560 0x4008b6e3:0x3ffbb5d0 0x400d811a:0x3ffbb600 0x4015a313:0x3ffbb650 0x4008c239:0x3ffbb680




ELF file SHA256: 147dfc35da69c607

Rebooting...
ets Jul 29 2019 12:21:46

rst:0xc (SW_CPU_RESET),boot:0x13 (SPI_FAST_FLASH_BOOT)
configsip: 0, SPIWP:0xee
clk_drv:0x00,q_drv:0x00,d_drv:0x00,cs0_drv:0x00,hd_drv:0x00,wp_drv:0x00
mode:DIO, clock div:2
load:0x3fff0030,len:7176
load:0x40078000,len:15564
ho 0 tail 12 room 4
load:0x40080400,len:4
load:0x40080404,len:3904
entry 0x40080640
[0;32mI (31) boot: ESP-IDF v5.3 2nd stage bootloader[0m
[0;32mI (31) boot: compile time Oct 31 2024 19:13:47[0m
[0;32mI (31) boot: Multicore bootloader[0m
[0;32mI (35) boot: chip revision: v3.0[0m
[0;32mI (39) boot.esp32: SPI Speed      : 40MHz[0m
[0;32mI (44) boot.esp32: SPI Mode       : DIO[0m
[0;32mI (48) boot.esp32: SPI Flash Size : 2MB[0m
[0;32mI (53) boot: Enabling RNG early entropy source...[0m
[0;32mI (58) boot: Partition Table:[0m
[0;32mI (62) boot: ## Label            Usage          Type ST Offset   Length[0m
[0;32mI (69) boot:  0 nvs              WiFi data        01 02 00009000 00006000[0m
[0;32mI (76) boot:  1 phy_init         RF data          01 01 0000f000 00001000[0m
[0;32mI (84) boot:  2 factory          factory app      00 00 00010000 00177000[0m
[0;32mI (91) boot: End of partition table[0m
[0;32mI (96) esp_image: segment 0: paddr=00010020 vaddr=3f400020 size=22688h (140936) map[0m
[0;32mI (152) esp_image: segment 1: paddr=000326b0 vaddr=3ff80063 size=00008h (     8) load[0m
[0;32mI (153) esp_image: segment 2: paddr=000326c0 vaddr=3ffb0000 size=03f74h ( 16244) load[0m
[0;32mI (164) esp_image: segment 3: paddr=0003663c vaddr=40080000 size=099dch ( 39388) load[0m
[0;32mI (182) esp_image: segment 4: paddr=00040020 vaddr=400d0020 size=8c37ch (574332) map[0m
[0;32mI (379) esp_image: segment 5: paddr=000cc3a4 vaddr=400899dc size=0fd10h ( 64784) load[0m
[0;32mI (405) esp_image: segment 6: paddr=000dc0bc vaddr=400c0000 size=00064h (   100) load[0m
[0;32mI (418) boot: Loaded app from partition at offset 0x10000[0m
[0;32mI (418) boot: Disabling RNG early entropy source...[0m
[0;32mI (430) cpu_start: Multicore app[0m
[0;32mI (438) cpu_start: Pro cpu start user code[0m
[0;32mI (438) cpu_start: cpu freq: 160000000 Hz[0m
[0;32mI (438) app_init: Application information:[0m
[0;32mI (441) app_init: Project name:     PIR[0m
[0;32mI (446) app_init: App version:      1[0m
[0;32mI (450) app_init: Compile time:     Oct 31 2024 20:01:10[0m
[0;32mI (456) app_init: ELF file SHA256:  147dfc35da69c607...[0m
[0;32mI (462) app_init: ESP-IDF:          v5.3[0m
[0;32mI (467) efuse_init: Min chip rev:     v0.0[0m
[0;32mI (471) efuse_init: Max chip rev:     v3.99 [0m
[0;32mI (476) efuse_init: Chip rev:         v3.0[0m
[0;32mI (481) heap_init: Initializing. RAM available for dynamic allocation:[0m
[0;32mI (488) heap_init: At 3FFAE6E0 len 00001920 (6 KiB): DRAM[0m
[0;32mI (494) heap_init: At 3FFB87A0 len 00027860 (158 KiB): DRAM[0m
[0;32mI (501) heap_init: At 3FFE0440 len 00003AE0 (14 KiB): D/IRAM[0m
[0;32mI (507) heap_init: At 3FFE4350 len 0001BCB0 (111 KiB): D/IRAM[0m
[0;32mI (513) heap_init: At 400996EC len 00006914 (26 KiB): IRAM[0m
[0;32mI (521) spi_flash: detected chip: generic[0m
[0;32mI (524) spi_flash: flash io: dio[0m
[0;33mW (528) spi_flash: Detected size(4096k) larger than the size in the binary image header(2048k). Using the size in the binary image header.[0m
[0;33mW (541) i2c: This driver is an old driver, please migrate your application code to adapt `driver/i2c_master.h`[0m
[0;32mI (553) main_task: Started on CPU0[0m
[0;32mI (563) main_task: Calling app_main()[0m
[0;32mI (563) progress: [APP] Free memory: 274028 bytes[0m
[0;32mI (563) progress: [APP] IDF version: v5.3[0m
[0;32mI (563) progress: MAC address: ec:62:60:bc:e8:50[0m
[0;31mE (573) i2cdev: Could not write to device [0x0b at 0]: -1 (ESP_FAIL)[0m
[0;32mI (693) gauge: Power Mode: 0x1[0m
[0;32mI (693) gauge: APA: 0x2A[0m
[0;32mI (693) gauge: Battery Profile: 0x1[0m
[0;32mI (693) gauge: Temp Mode: 0x0[0m
[0;32mI (693) gauge: Voltage: 3.93	RSOC: 68.0%[0m
[0;32mI (723) progress: Starting Wifi[0m
[0;32mI (15423) progress: Starting Clock[0m
[0;32mI (17423) progress: The current date/time in Germany is: Thu Oct 31 20:05:30 2024[0m
[0;32mI (17423) progress: Not a wakeup from deep sleep[0m
[0;32mI (17423) progress: Waiting for sensors to become inactive[0m
[0;31mE (19433) sleep: Not an RTC IO: GPIO8[0m
ESP_ERROR_CHECK failed: esp_err_t 0x102 (ESP_ERR_INVALID_ARG) at 0x400d811a
file: "./main/main.c" line 137
func: app_main
expression: esp_sleep_enable_ext1_wakeup(wakeup_pins_mask, ESP_EXT1_WAKEUP_ANY_HIGH)

abort() was called at PC 0x4008b6e3 on core 0


Backtrace: 0x40081d4a:0x3ffbb520 0x4008b6ed:0x3ffbb540 0x40093509:0x3ffbb560 0x4008b6e3:0x3ffbb5d0 0x400d811a:0x3ffbb600 0x4015a313:0x3ffbb650 0x4008c239:0x3ffbb680




ELF file SHA256: 147dfc35da69c607

Rebooting...
ets Jul 29 2019 12:21:46

rst:0xc (SW_CPU_RESET),boot:0x13 (SPI_FAST_FLASH_BOOT)
configsip: 0, SPIWP:0xee
clk_drv:0x00,q_drv:0x00,d_drv:0x00,cs0_drv:0x00,hd_drv:0x00,wp_drv:0x00
mode:DIO, clock div:2
load:0x3fff0030,len:7176
load:0x40078000,len:15564
ho 0 tail 12 room 4
load:0x40080400,len:4
load:0x40080404,len:3904
entry 0x40080640
[0;32mI (31) boot: ESP-IDF v5.3 2nd stage bootloader[0m
[0;32mI (31) boot: compile time Oct 31 2024 19:13:47[0m
[0;32mI (31) boot: Multicore bootloader[0m
[0;32mI (35) boot: chip revision: v3.0[0m
[0;32mI (39) boot.esp32: SPI Speed      : 40MHz[0m
[0;32mI (44) boot.esp32: SPI Mode       : DIO[0m
[0;32mI (48) boot.esp32: SPI Flash Size : 2MB[0m
[0;32mI (53) boot: Enabling RNG early entropy source...[0m
[0;32mI (58) boot: Partition Table:[0m
[0;32mI (62) boot: ## Label            Usage          Type ST Offset   Length[0m
[0;32mI (69) boot:  0 nvs              WiFi data        01 02 00009000 00006000[0m
[0;32mI (76) boot:  1 phy_init         RF data          01 01 0000f000 00001000[0m
[0;32mI (84) boot:  2 factory          factory app      00 00 00010000 00177000[0m
[0;32mI (91) boot: End of partition table[0m
[0;32mI (96) esp_image: segment 0: paddr=00010020 vaddr=3f400020 size=22688h (140936) map[0m
[0;32mI (152) esp_image: segment 1: paddr=000326b0 vaddr=3ff80063 size=00008h (     8) load[0m
[0;32mI (153) esp_image: segment 2: paddr=000326c0 vaddr=3ffb0000 size=03f74h ( 16244) load[0m
[0;32mI (164) esp_image: segment 3: paddr=0003663c vaddr=40080000 size=099dch ( 39388) load[0m
[0;32mI (182) esp_image: segment 4: paddr=00040020 vaddr=400d0020 size=8c37ch (574332) map[0m
[0;32mI (379) esp_image: segment 5: paddr=000cc3a4 vaddr=400899dc size=0fd10h ( 64784) load[0m
[0;32mI (405) esp_image: segment 6: paddr=000dc0bc vaddr=400c0000 size=00064h (   100) load[0m
[0;32mI (418) boot: Loaded app from partition at offset 0x10000[0m
[0;32mI (418) boot: Disabling RNG early entropy source...[0m
[0;32mI (430) cpu_start: Multicore app[0m
[0;32mI (438) cpu_start: Pro cpu start user code[0m
[0;32mI (438) cpu_start: cpu freq: 160000000 Hz[0m
[0;32mI (438) app_init: Application information:[0m
[0;32mI (441) app_init: Project name:     PIR[0m
[0;32mI (446) app_init: App version:      1[0m
[0;32mI (450) app_init: Compile time:     Oct 31 2024 20:01:10[0m
[0;32mI (456) app_init: ELF file SHA256:  147dfc35da69c607...[0m
[0;32mI (462) app_init: ESP-IDF:          v5.3[0m
[0;32mI (467) efuse_init: Min chip rev:     v0.0[0m
[0;32mI (471) efuse_init: Max chip rev:     v3.99 [0m
[0;32mI (476) efuse_init: Chip rev:         v3.0[0m
[0;32mI (481) heap_init: Initializing. RAM available for dynamic allocation:[0m
[0;32mI (488) heap_init: At 3FFAE6E0 len 00001920 (6 KiB): DRAM[0m
[0;32mI (494) heap_init: At 3FFB87A0 len 00027860 (158 KiB): DRAM[0m
[0;32mI (501) heap_init: At 3FFE0440 len 00003AE0 (14 KiB): D/IRAM[0m
[0;32mI (507) heap_init: At 3FFE4350 len 0001BCB0 (111 KiB): D/IRAM[0m
[0;32mI (513) heap_init: At 400996EC len 00006914 (26 KiB): IRAM[0m
[0;32mI (521) spi_flash: detected chip: generic[0m
[0;32mI (524) spi_flash: flash io: dio[0m
[0;33mW (528) spi_flash: Detected size(4096k) larger than the size in the binary image header(2048k). Using the size in the binary image header.[0m
[0;33mW (541) i2c: This driver is an old driver, please migrate your application code to adapt `driver/i2c_master.h`[0m
[0;32mI (553) main_task: Started on CPU0[0m
[0;32mI (563) main_task: Calling app_main()[0m
[0;32mI (563) progress: [APP] Free memory: 274028 bytes[0m
[0;32mI (563) progress: [APP] IDF version: v5.3[0m
[0;32mI (563) progress: MAC address: ec:62:60:bc:e8:50[0m
[0;31mE (573) i2cdev: Could not write to device [0x0b at 0]: -1 (ESP_FAIL)[0m
[0;32mI (693) gauge: Power Mode: 0x1[0m
[0;32mI (693) gauge: APA: 0x2A[0m
[0;32mI (693) gauge: Battery Profile: 0x1[0m
[0;32mI (693) gauge: Temp Mode: 0x0[0m
[0;32mI (693) gauge: Voltage: 3.93	RSOC: 68.0%[0m
[0;32mI (723) progress: Starting Wifi[0m
[0;32mI (25193) progress: Starting Clock[0m
[0;32mI (27193) progress: The current date/time in Germany is: Thu Oct 31 20:06:00 2024[0m
[0;32mI (27193) progress: Not a wakeup from deep sleep[0m
[0;32mI (27193) progress: Waiting for sensors to become inactive[0m
[0;31mE (27203) sleep: Not an RTC IO: GPIO8[0m
ESP_ERROR_CHECK failed: esp_err_t 0x102 (ESP_ERR_INVALID_ARG) at 0x400d811a
file: "./main/main.c" line 137
func: app_main
expression: esp_sleep_enable_ext1_wakeup(wakeup_pins_mask, ESP_EXT1_WAKEUP_ANY_HIGH)

abort() was called at PC 0x4008b6e3 on core 0


Backtrace: 0x40081d4a:0x3ffbb520 0x4008b6ed:0x3ffbb540 0x40093509:0x3ffbb560 0x4008b6e3:0x3ffbb5d0 0x400d811a:0x3ffbb600 0x4015a313:0x3ffbb650 0x4008c239:0x3ffbb680




ELF file SHA256: 147dfc35da69c607

Rebooting...
ets Jul 29 2019 12:21:46

rst:0xc (SW_CPU_RESET),boot:0x13 (SPI_FAST_FLASH_BOOT)
configsip: 0, SPIWP:0xee
clk_drv:0x00,q_drv:0x00,d_drv:0x00,cs0_drv:0x00,hd_drv:0x00,wp_drv:0x00
mode:DIO, clock div:2
load:0x3fff0030,len:7176
load:0x40078000,len:15564
ho 0 tail 12 room 4
load:0x40080400,len:4
load:0x40080404,len:3904
entry 0x40080640
[0;32mI (31) boot: ESP-IDF v5.3 2nd stage bootloader[0m
[0;32mI (31) boot: compile time Oct 31 2024 19:13:47[0m
[0;32mI (31) boot: Multicore bootloader[0m
[0;32mI (35) boot: chip revision: v3.0[0m
[0;32mI (39) boot.esp32: SPI Speed      : 40MHz[0m
[0;32mI (44) boot.esp32: SPI Mode       : DIO[0m
[0;32mI (48) boot.esp32: SPI Flash Size : 2MB[0m
[0;32mI (53) boot: Enabling RNG early entropy source...[0m
[0;32mI (58) boot: Partition Table:[0m
[0;32mI (62) boot: ## Label            Usage          Type ST Offset   Length[0m
[0;32mI (69) boot:  0 nvs              WiFi data        01 02 00009000 00006000[0m
[0;32mI (76) boot:  1 phy_init         RF data          01 01 0000f000 00001000[0m
[0;32mI (84) boot:  2 factory          factory app      00 00 00010000 00177000[0m
[0;32mI (91) boot: End of partition table[0m
[0;32mI (96) esp_image: segment 0: paddr=00010020 vaddr=3f400020 size=22688h (140936) map[0m
[0;32mI (152) esp_image: segment 1: paddr=000326b0 vaddr=3ff80063 size=00008h (     8) load[0m
[0;32mI (153) esp_image: segment 2: paddr=000326c0 vaddr=3ffb0000 size=03f74h ( 16244) load[0m
[0;32mI (164) esp_image: segment 3: paddr=0003663c vaddr=40080000 size=099dch ( 39388) load[0m
[0;32mI (182) esp_image: segment 4: paddr=00040020 vaddr=400d0020 size=8c37ch (574332) map[0m
[0;32mI (379) esp_image: segment 5: paddr=000cc3a4 vaddr=400899dc size=0fd10h ( 64784) load[0m
[0;32mI (405) esp_image: segment 6: paddr=000dc0bc vaddr=400c0000 size=00064h (   100) load[0m
[0;32mI (418) boot: Loaded app from partition at offset 0x10000[0m
[0;32mI (418) boot: Disabling RNG early entropy source...[0m
[0;32mI (430) cpu_start: Multicore app[0m
[0;32mI (438) cpu_start: Pro cpu start user code[0m
[0;32mI (438) cpu_start: cpu freq: 160000000 Hz[0m
[0;32mI (438) app_init: Application information:[0m
[0;32mI (441) app_init: Project name:     PIR[0m
[0;32mI (446) app_init: App version:      1[0m
[0;32mI (450) app_init: Compile time:     Oct 31 2024 20:01:10[0m
[0;32mI (456) app_init: ELF file SHA256:  147dfc35da69c607...[0m
[0;32mI (462) app_init: ESP-IDF:          v5.3[0m
[0;32mI (467) efuse_init: Min chip rev:     v0.0[0m
[0;32mI (471) efuse_init: Max chip rev:     v3.99 [0m
[0;32mI (476) efuse_init: Chip rev:         v3.0[0m
[0;32mI (481) heap_init: Initializing. RAM available for dynamic allocation:[0m
[0;32mI (488) heap_init: At 3FFAE6E0 len 00001920 (6 KiB): DRAM[0m
[0;32mI (494) heap_init: At 3FFB87A0 len 00027860 (158 KiB): DRAM[0m
[0;32mI (501) heap_init: At 3FFE0440 len 00003AE0 (14 KiB): D/IRAM[0m
[0;32mI (507) heap_init: At 3FFE4350 len 0001BCB0 (111 KiB): D/IRAM[0m
[0;32mI (513) heap_init: At 400996EC len 00006914 (26 KiB): IRAM[0m
[0;32mI (521) spi_flash: detected chip: generic[0m
[0;32mI (524) spi_flash: flash io: dio[0m
[0;33mW (528) spi_flash: Detected size(4096k) larger than the size in the binary image header(2048k). Using the size in the binary image header.[0m
[0;33mW (541) i2c: This driver is an old driver, please migrate your application code to adapt `driver/i2c_master.h`[0m
[0;32mI (553) main_task: Started on CPU0[0m
[0;32mI (563) main_task: Calling app_main()[0m
[0;32mI (563) progress: [APP] Free memory: 274028 bytes[0m
[0;32mI (563) progress: [APP] IDF version: v5.3[0m
[0;32mI (563) progress: MAC address: ec:62:60:bc:e8:50[0m
[0;31mE (573) i2cdev: Could not write to device [0x0b at 0]: -1 (ESP_FAIL)[0m
[0;32mI (693) gauge: Power Mode: 0x1[0m
[0;32mI (693) gauge: APA: 0x2A[0m
[0;32mI (693) gauge: Battery Profile: 0x1[0m
[0;32mI (693) gauge: Temp Mode: 0x0[0m
[0;32mI (693) gauge: Voltage: 3.93	RSOC: 68.0%[0m
[0;32mI (723) progress: Starting Wifi[0m
[0;32mI (15383) progress: Starting Clock[0m
[0;32mI (19383) progress: The current date/time in Germany is: Thu Oct 31 20:06:19 2024[0m
[0;32mI (19383) progress: Not a wakeup from deep sleep[0m
[0;32mI (19383) progress: Waiting for sensors to become inactive[0m
[0;31mE (19393) sleep: Not an RTC IO: GPIO8[0m
ESP_ERROR_CHECK failed: esp_err_t 0x102 (ESP_ERR_INVALID_ARG) at 0x400d811a
file: "./main/main.c" line 137
func: app_main
expression: esp_sleep_enable_ext1_wakeup(wakeup_pins_mask, ESP_EXT1_WAKEUP_ANY_HIGH)

abort() was called at PC 0x4008b6e3 on core 0


Backtrace: 0x40081d4a:0x3ffbb520 0x4008b6ed:0x3ffbb540 0x40093509:0x3ffbb560 0x4008b6e3:0x3ffbb5d0 0x400d811a:0x3ffbb600 0x4015a313:0x3ffbb650 0x4008c239:0x3ffbb680




ELF file SHA256: 147dfc35da69c607

Rebooting...
ets Jul 29 2019 12:21:46

rst:0xc (SW_CPU_RESET),boot:0x13 (SPI_FAST_FLASH_BOOT)
configsip: 0, SPIWP:0xee
clk_drv:0x00,q_drv:0x00,d_drv:0x00,cs0_drv:0x00,hd_drv:0x00,wp_drv:0x00
mode:DIO, clock div:2
load:0x3fff0030,len:7176
load:0x40078000,len:15564
ho 0 tail 12 room 4
load:0x40080400,len:4
load:0x40080404,len:3904
entry 0x40080640
[0;32mI (31) boot: ESP-IDF v5.3 2nd stage bootloader[0m
[0;32mI (31) boot: compile time Oct 31 2024 19:13:47[0m
[0;32mI (31) boot: Multicore bootloader[0m
[0;32mI (35) boot: chip revision: v3.0[0m
[0;32mI (39) boot.esp32: SPI Speed      : 40MHz[0m
[0;32mI (44) boot.esp32: SPI Mode       : DIO[0m
[0;32mI (48) boot.esp32: SPI Flash Size : 2MB[0m
[0;32mI (53) boot: Enabling RNG early entropy source...[0m
[0;32mI (58) boot: Partition Table:[0m
[0;32mI (62) boot: ## Label            Usage          Type ST Offset   Length[0m
[0;32mI (69) boot:  0 nvs              WiFi data        01 02 00009000 00006000[0m
[0;32mI (76) boot:  1 phy_init         RF data          01 01 0000f000 00001000[0m
[0;32mI (84) boot:  2 factory          factory app      00 00 00010000 00177000[0m
[0;32mI (91) boot: End of partition table[0m
[0;32mI (96) esp_image: segment 0: paddr=00010020 vaddr=3f400020 size=22688h (140936) map[0m
[0;32mI (152) esp_image: segment 1: paddr=000326b0 vaddr=3ff80063 size=00008h (     8) load[0m
[0;32mI (153) esp_image: segment 2: paddr=000326c0 vaddr=3ffb0000 size=03f74h ( 16244) load[0m
[0;32mI (164) esp_image: segment 3: paddr=0003663c vaddr=40080000 size=099dch ( 39388) load[0m
[0;32mI (182) esp_image: segment 4: paddr=00040020 vaddr=400d0020 size=8c37ch (574332) map[0m
[0;32mI (379) esp_image: segment 5: paddr=000cc3a4 vaddr=400899dc size=0fd10h ( 64784) load[0m
[0;32mI (405) esp_image: segment 6: paddr=000dc0bc vaddr=400c0000 size=00064h (   100) load[0m
[0;32mI (418) boot: Loaded app from partition at offset 0x10000[0m
[0;32mI (418) boot: Disabling RNG early entropy source...[0m
[0;32mI (430) cpu_start: Multicore app[0m
[0;32mI (438) cpu_start: Pro cpu start user code[0m
[0;32mI (438) cpu_start: cpu freq: 160000000 Hz[0m
[0;32mI (438) app_init: Application information:[0m
[0;32mI (441) app_init: Project name:     PIR[0m
[0;32mI (446) app_init: App version:      1[0m
[0;32mI (450) app_init: Compile time:     Oct 31 2024 20:01:10[0m
[0;32mI (456) app_init: ELF file SHA256:  147dfc35da69c607...[0m
[0;32mI (462) app_init: ESP-IDF:          v5.3[0m
[0;32mI (467) efuse_init: Min chip rev:     v0.0[0m
[0;32mI (471) efuse_init: Max chip rev:     v3.99 [0m
[0;32mI (476) efuse_init: Chip rev:         v3.0[0m
[0;32mI (481) heap_init: Initializing. RAM available for dynamic allocation:[0m
[0;32mI (488) heap_init: At 3FFAE6E0 len 00001920 (6 KiB): DRAM[0m
[0;32mI (494) heap_init: At 3FFB87A0 len 00027860 (158 KiB): DRAM[0m
[0;32mI (501) heap_init: At 3FFE0440 len 00003AE0 (14 KiB): D/IRAM[0m
[0;32mI (507) heap_init: At 3FFE4350 len 0001BCB0 (111 KiB): D/IRAM[0m
[0;32mI (513) heap_init: At 400996EC len 00006914 (26 KiB): IRAM[0m
[0;32mI (521) spi_flash: detected chip: generic[0m
[0;32mI (524) spi_flash: flash io: dio[0m
[0;33mW (528) spi_flash: Detected size(4096k) larger than the size in the binary image header(2048k). Using the size in the binary image header.[0m
[0;33mW (541) i2c: This driver is an old driver, please migrate your application code to adapt `driver/i2c_master.h`[0m
[0;32mI (553) main_task: Started on CPU0[0m
[0;32mI (563) main_task: Calling app_main()[0m
[0;32mI (563) progress: [APP] Free memory: 274028 bytes[0m
[0;32mI (563) progress: [APP] IDF version: v5.3[0m
[0;32mI (563) progress: MAC address: ec:62:60:bc:e8:50[0m
[0;31mE (573) i2cdev: Could not write to device [0x0b at 0]: -1 (ESP_FAIL)[0m
[0;32mI (693) gauge: Power Mode: 0x1[0m
[0;32mI (693) gauge: APA: 0x2A[0m
[0;32mI (693) gauge: Battery Profile: 0x1[0m
[0;32mI (693) gauge: Temp Mode: 0x0[0m
[0;32mI (693) gauge: Voltage: 3.93	RSOC: 67.0%[0m
[0;32mI (723) progress: Starting Wifi[0m
[0;32mI (15123) progress: Starting Clock[0m
[0;32mI (19123) progress: The current date/time in Germany is: Thu Oct 31 20:06:38 2024[0m
[0;32mI (19123) progress: Not a wakeup from deep sleep[0m
[0;32mI (19123) progress: Waiting for sensors to become inactive[0m
[0;31mE (19133) sleep: Not an RTC IO: GPIO8[0m
ESP_ERROR_CHECK failed: esp_err_t 0x102 (ESP_ERR_INVALID_ARG) at 0x400d811a
file: "./main/main.c" line 137
func: app_main
expression: esp_sleep_enable_ext1_wakeup(wakeup_pins_mask, ESP_EXT1_WAKEUP_ANY_HIGH)

abort() was called at PC 0x4008b6e3 on core 0


Backtrace: 0x40081d4a:0x3ffbb520 0x4008b6ed:0x3ffbb540 0x40093509:0x3ffbb560 0x4008b6e3:0x3ffbb5d0 0x400d811a:0x3ffbb600 0x4015a313:0x3ffbb650 0x4008c239:0x3ffbb680




ELF file SHA256: 147dfc35da69c607

Rebooting...
ets Jul 29 2019 12:21:46

rst:0xc (SW_CPU_RESET),boot:0x13 (SPI_FAST_FLASH_BOOT)
configsip: 0, SPIWP:0xee
clk_drv:0x00,q_drv:0x00,d_drv:0x00,cs0_drv:0x00,hd_drv:0x00,wp_drv:0x00
mode:DIO, clock div:2
load:0x3fff0030,len:7176
load:0x40078000,len:15564
ho 0 tail 12 room 4
load:0x40080400,len:4
load:0x40080404,len:3904
entry 0x40080640
[0;32mI (31) boot: ESP-IDF v5.3 2nd stage bootloader[0m
[0;32mI (31) boot: compile time Oct 31 2024 19:13:47[0m
[0;32mI (31) boot: Multicore bootloader[0m
[0;32mI (35) boot: chip revision: v3.0[0m
[0;32mI (39) boot.esp32: SPI Speed      : 40MHz[0m
[0;32mI (44) boot.esp32: SPI Mode       : DIO[0m
[0;32mI (48) boot.esp32: SPI Flash Size : 2MB[0m
[0;32mI (53) boot: Enabling RNG early entropy source...[0m
[0;32mI (58) boot: Partition Table:[0m
[0;32mI (62) boot: ## Label            Usage          Type ST Offset   Length[0m
[0;32mI (69) boot:  0 nvs              WiFi data        01 02 00009000 00006000[0m
[0;32mI (76) boot:  1 phy_init         RF data          01 01 0000f000 00001000[0m
[0;32mI (84) boot:  2 factory          factory app      00 00 00010000 00177000[0m
[0;32mI (91) boot: End of partition table[0m
[0;32mI (96) esp_image: segment 0: paddr=00010020 vaddr=3f400020 size=22688h (140936) map[0m
[0;32mI (152) esp_image: segment 1: paddr=000326b0 vaddr=3ff80063 size=00008h (     8) load[0m
[0;32mI (153) esp_image: segment 2: paddr=000326c0 vaddr=3ffb0000 size=03f74h ( 16244) load[0m
[0;32mI (164) esp_image: segment 3: paddr=0003663c vaddr=40080000 size=099dch ( 39388) load[0m
[0;32mI (182) esp_image: segment 4: paddr=00040020 vaddr=400d0020 size=8c37ch (574332) map[0m
[0;32mI (379) esp_image: segment 5: paddr=000cc3a4 vaddr=400899dc size=0fd10h ( 64784) load[0m
[0;32mI (405) esp_image: segment 6: paddr=000dc0bc vaddr=400c0000 size=00064h (   100) load[0m
[0;32mI (418) boot: Loaded app from partition at offset 0x10000[0m
[0;32mI (418) boot: Disabling RNG early entropy source...[0m
[0;32mI (430) cpu_start: Multicore app[0m
[0;32mI (438) cpu_start: Pro cpu start user code[0m
[0;32mI (438) cpu_start: cpu freq: 160000000 Hz[0m
[0;32mI (438) app_init: Application information:[0m
[0;32mI (441) app_init: Project name:     PIR[0m
[0;32mI (446) app_init: App version:      1[0m
[0;32mI (450) app_init: Compile time:     Oct 31 2024 20:01:10[0m
[0;32mI (456) app_init: ELF file SHA256:  147dfc35da69c607...[0m
[0;32mI (462) app_init: ESP-IDF:          v5.3[0m
[0;32mI (467) efuse_init: Min chip rev:     v0.0[0m
[0;32mI (471) efuse_init: Max chip rev:     v3.99 [0m
[0;32mI (476) efuse_init: Chip rev:         v3.0[0m
[0;32mI (481) heap_init: Initializing. RAM available for dynamic allocation:[0m
[0;32mI (488) heap_init: At 3FFAE6E0 len 00001920 (6 KiB): DRAM[0m
[0;32mI (494) heap_init: At 3FFB87A0 len 00027860 (158 KiB): DRAM[0m
[0;32mI (501) heap_init: At 3FFE0440 len 00003AE0 (14 KiB): D/IRAM[0m
[0;32mI (507) heap_init: At 3FFE4350 len 0001BCB0 (111 KiB): D/IRAM[0m
[0;32mI (513) heap_init: At 400996EC len 00006914 (26 KiB): IRAM[0m
[0;32mI (521) spi_flash: detected chip: generic[0m
[0;32mI (524) spi_flash: flash io: dio[0m
[0;33mW (528) spi_flash: Detected size(4096k) larger than the size in the binary image header(2048k). Using the size in the binary image header.[0m
[0;33mW (541) i2c: This driver is an old driver, please migrate your application code to adapt `driver/i2c_master.h`[0m
[0;32mI (553) main_task: Started on CPU0[0m
[0;32mI (563) main_task: Calling app_main()[0m
[0;32mI (563) progress: [APP] Free memory: 274028 bytes[0m
[0;32mI (563) progress: [APP] IDF version: v5.3[0m
[0;32mI (563) progress: MAC address: ec:62:60:bc:e8:50[0m
[0;31mE (573) i2cdev: Could not write to device [0x0b at 0]: -1 (ESP_FAIL)[0m
[0;32mI (693) gauge: Power Mode: 0x1[0m
[0;32mI (693) gauge: APA: 0x2A[0m
[0;32mI (693) gauge: Battery Profile: 0x1[0m
[0;32mI (693) gauge: Temp Mode: 0x0[0m
[0;32mI (693) gauge: Voltage: 3.93	RSOC: 68.0%[0m
[0;32mI (723) progress: Starting Wifi[0m
[0;32mI (15393) progress: Starting Clock[0m
[0;32mI (19393) progress: The current date/time in Germany is: Thu Oct 31 20:06:58 2024[0m
[0;32mI (19393) progress: Not a wakeup from deep sleep[0m
[0;32mI (19393) progress: Waiting for sensors to become inactive[0m
[0;31mE (19403) sleep: Not an RTC IO: GPIO8[0m
ESP_ERROR_CHECK failed: esp_err_t 0x102 (ESP_ERR_INVALID_ARG) at 0x400d811a
file: "./main/main.c" line 137
func: app_main
expression: esp_sleep_enable_ext1_wakeup(wakeup_pins_mask, ESP_EXT1_WAKEUP_ANY_HIGH)

abort() was called at PC 0x4008b6e3 on core 0


Backtrace: 0x40081d4a:0x3ffbb520 0x4008b6ed:0x3ffbb540 0x40093509:0x3ffbb560 0x4008b6e3:0x3ffbb5d0 0x400d811a:0x3ffbb600 0x4015a313:0x3ffbb650 0x4008c239:0x3ffbb680




ELF file SHA256: 147dfc35da69c607

Rebooting...
ets Jul 29 2019 12:21:46

rst:0xc (SW_CPU_RESET),boot:0x13 (SPI_FAST_FLASH_BOOT)
configsip: 0, SPIWP:0xee
clk_drv:0x00,q_drv:0x00,d_drv:0x00,cs0_drv:0x00,hd_drv:0x00,wp_drv:0x00
mode:DIO, clock div:2
load:0x3fff0030,len:7176
load:0x40078000,len:15564
ho 0 tail 12 room 4
load:0x40080400,len:4
load:0x40080404,len:3904
entry 0x40080640
[0;32mI (31) boot: ESP-IDF v5.3 2nd stage bootloader[0m
[0;32mI (31) boot: compile time Oct 31 2024 19:13:47[0m
[0;32mI (31) boot: Multicore bootloader[0m
[0;32mI (35) boot: chip revision: v3.0[0m
[0;32mI (39) boot.esp32: SPI Speed      : 40MHz[0m
[0;32mI (44) boot.esp32: SPI Mode       : DIO[0m
[0;32mI (48) boot.esp32: SPI Flash Size : 2MB[0m
[0;32mI (53) boot: Enabling RNG early entropy source...[0m
[0;32mI (58) boot: Partition Table:[0m
[0;32mI (62) boot: ## Label            Usage          Type ST Offset   Length[0m
[0;32mI (69) boot:  0 nvs              WiFi data        01 02 00009000 00006000[0m
[0;32mI (76) boot:  1 phy_init         RF data          01 01 0000f000 00001000[0m
[0;32mI (84) boot:  2 factory          factory app      00 00 00010000 00177000[0m
[0;32mI (91) boot: End of partition table[0m
[0;32mI (96) esp_image: segment 0: paddr=00010020 vaddr=3f400020 size=22688h (140936) map[0m
[0;32mI (152) esp_image: segment 1: paddr=000326b0 vaddr=3ff80063 size=00008h (     8) load[0m
[0;32mI (153) esp_image: segment 2: paddr=000326c0 vaddr=3ffb0000 size=03f74h ( 16244) load[0m
[0;32mI (164) esp_image: segment 3: paddr=0003663c vaddr=40080000 size=099dch ( 39388) load[0m
[0;32mI (182) esp_image: segment 4: paddr=00040020 vaddr=400d0020 size=8c37ch (574332) map[0m
[0;32mI (379) esp_image: segment 5: paddr=000cc3a4 vaddr=400899dc size=0fd10h ( 64784) load[0m
[0;32mI (405) esp_image: segment 6: paddr=000dc0bc vaddr=400c0000 size=00064h (   100) load[0m
[0;32mI (418) boot: Loaded app from partition at offset 0x10000[0m
[0;32mI (418) boot: Disabling RNG early entropy source...[0m
[0;32mI (430) cpu_start: Multicore app[0m
[0;32mI (438) cpu_start: Pro cpu start user code[0m
[0;32mI (438) cpu_start: cpu freq: 160000000 Hz[0m
[0;32mI (438) app_init: Application information:[0m
[0;32mI (441) app_init: Project name:     PIR[0m
[0;32mI (446) app_init: App version:      1[0m
[0;32mI (450) app_init: Compile time:     Oct 31 2024 20:01:10[0m
[0;32mI (456) app_init: ELF file SHA256:  147dfc35da69c607...[0m
[0;32mI (462) app_init: ESP-IDF:          v5.3[0m
[0;32mI (467) efuse_init: Min chip rev:     v0.0[0m
[0;32mI (471) efuse_init: Max chip rev:     v3.99 [0m
[0;32mI (476) efuse_init: Chip rev:         v3.0[0m
[0;32mI (481) heap_init: Initializing. RAM available for dynamic allocation:[0m
[0;32mI (488) heap_init: At 3FFAE6E0 len 00001920 (6 KiB): DRAM[0m
[0;32mI (494) heap_init: At 3FFB87A0 len 00027860 (158 KiB): DRAM[0m
[0;32mI (501) heap_init: At 3FFE0440 len 00003AE0 (14 KiB): D/IRAM[0m
[0;32mI (507) heap_init: At 3FFE4350 len 0001BCB0 (111 KiB): D/IRAM[0m
[0;32mI (513) heap_init: At 400996EC len 00006914 (26 KiB): IRAM[0m
[0;32mI (521) spi_flash: detected chip: generic[0m
[0;32mI (524) spi_flash: flash io: dio[0m
[0;33mW (528) spi_flash: Detected size(4096k) larger than the size in the binary image header(2048k). Using the size in the binary image header.[0m
[0;33mW (541) i2c: This driver is an old driver, please migrate your application code to adapt `driver/i2c_master.h`[0m
[0;32mI (553) main_task: Started on CPU0[0m
[0;32mI (563) main_task: Calling app_main()[0m
[0;32mI (563) progress: [APP] Free memory: 274028 bytes[0m
[0;32mI (563) progress: [APP] IDF version: v5.3[0m
[0;32mI (563) progress: MAC address: ec:62:60:bc:e8:50[0m
[0;31mE (573) i2cdev: Could not write to device [0x0b at 0]: -1 (ESP_FAIL)[0m
[0;32mI (693) gauge: Power Mode: 0x1[0m
[0;32mI (693) gauge: APA: 0x2A[0m
[0;32mI (693) gauge: Battery Profile: 0x1[0m
[0;32mI (693) gauge: Temp Mode: 0x0[0m
[0;32mI (693) gauge: Voltage: 3.93	RSOC: 68.0%[0m
[0;32mI (723) progress: Starting Wifi[0m
[0;32mI (25163) progress: Starting Clock[0m
[0;32mI (29163) progress: The current date/time in Germany is: Thu Oct 31 20:07:27 2024[0m
[0;32mI (29163) progress: Not a wakeup from deep sleep[0m
[0;32mI (29163) progress: Waiting for sensors to become inactive[0m
[0;31mE (29173) sleep: Not an RTC IO: GPIO8[0m
ESP_ERROR_CHECK failed: esp_err_t 0x102 (ESP_ERR_INVALID_ARG) at 0x400d811a
file: "./main/main.c" line 137
func: app_main
expression: esp_sleep_enable_ext1_wakeup(wakeup_pins_mask, ESP_EXT1_WAKEUP_ANY_HIGH)

abort() was called at PC 0x4008b6e3 on core 0


Backtrace: 0x40081d4a:0x3ffbb520 0x4008b6ed:0x3ffbb540 0x40093509:0x3ffbb560 0x4008b6e3:0x3ffbb5d0 0x400d811a:0x3ffbb600 0x4015a313:0x3ffbb650 0x4008c239:0x3ffbb680




ELF file SHA256: 147dfc35da69c607

Rebooting...
ets Jul 29 2019 12:21:46

rst:0xc (SW_CPU_RESET),boot:0x13 (SPI_FAST_FLASH_BOOT)
configsip: 0, SPIWP:0xee
clk_drv:0x00,q_drv:0x00,d_drv:0x00,cs0_drv:0x00,hd_drv:0x00,wp_drv:0x00
mode:DIO, clock div:2
load:0x3fff0030,len:7176
load:0x40078000,len:15564
ho 0 tail 12 room 4
load:0x40080400,len:4
load:0x40080404,len:3904
entry 0x40080640
[0;32mI (31) boot: ESP-IDF v5.3 2nd stage bootloader[0m
[0;32mI (31) boot: compile time Oct 31 2024 19:13:47[0m
[0;32mI (31) boot: Multicore bootloader[0m
[0;32mI (35) boot: chip revision: v3.0[0m
[0;32mI (39) boot.esp32: SPI Speed      : 40MHz[0m
[0;32mI (44) boot.esp32: SPI Mode       : DIO[0m
[0;32mI (48) boot.esp32: SPI Flash Size : 2MB[0m
[0;32mI (53) boot: Enabling RNG early entropy source...[0m
[0;32mI (58) boot: Partition Table:[0m
[0;32mI (62) boot: ## Label            Usage          Type ST Offset   Length[0m
[0;32mI (69) boot:  0 nvs              WiFi data        01 02 00009000 00006000[0m
[0;32mI (76) boot:  1 phy_init         RF data          01 01 0000f000 00001000[0m
[0;32mI (84) boot:  2 factory          factory app      00 00 00010000 00177000[0m
[0;32mI (91) boot: End of partition table[0m
[0;32mI (96) esp_image: segment 0: paddr=00010020 vaddr=3f400020 size=22688h (140936) map[0m
[0;32mI (152) esp_image: segment 1: paddr=000326b0 vaddr=3ff80063 size=00008h (     8) load[0m
[0;32mI (153) esp_image: segment 2: paddr=000326c0 vaddr=3ffb0000 size=03f74h ( 16244) load[0m
[0;32mI (164) esp_image: segment 3: paddr=0003663c vaddr=40080000 size=099dch ( 39388) load[0m
[0;32mI (182) esp_image: segment 4: paddr=00040020 vaddr=400d0020 size=8c37ch (574332) map[0m
[0;32mI (379) esp_image: segment 5: paddr=000cc3a4 vaddr=400899dc size=0fd10h ( 64784) load[0m
[0;32mI (405) esp_image: segment 6: paddr=000dc0bc vaddr=400c0000 size=00064h (   100) load[0m
[0;32mI (418) boot: Loaded app from partition at offset 0x10000[0m
[0;32mI (418) boot: Disabling RNG early entropy source...[0m
[0;32mI (430) cpu_start: Multicore app[0m
[0;32mI (438) cpu_start: Pro cpu start user code[0m
[0;32mI (438) cpu_start: cpu freq: 160000000 Hz[0m
[0;32mI (438) app_init: Application information:[0m
[0;32mI (441) app_init: Project name:     PIR[0m
[0;32mI (446) app_init: App version:      1[0m
[0;32mI (450) app_init: Compile time:     Oct 31 2024 20:01:10[0m
[0;32mI (456) app_init: ELF file SHA256:  147dfc35da69c607...[0m
[0;32mI (462) app_init: ESP-IDF:          v5.3[0m
[0;32mI (467) efuse_init: Min chip rev:     v0.0[0m
[0;32mI (471) efuse_init: Max chip rev:     v3.99 [0m
[0;32mI (476) efuse_init: Chip rev:         v3.0[0m
[0;32mI (481) heap_init: Initializing. RAM available for dynamic allocation:[0m
[0;32mI (488) heap_init: At 3FFAE6E0 len 00001920 (6 KiB): DRAM[0m
[0;32mI (494) heap_init: At 3FFB87A0 len 00027860 (158 KiB): DRAM[0m
[0;32mI (501) heap_init: At 3FFE0440 len 00003AE0 (14 KiB): D/IRAM[0m
[0;32mI (507) heap_init: At 3FFE4350 len 0001BCB0 (111 KiB): D/IRAM[0m
[0;32mI (513) heap_init: At 400996EC len 00006914 (26 KiB): IRAM[0m
[0;32mI (521) spi_flash: detected chip: generic[0m
[0;32mI (524) spi_flash: flash io: dio[0m
[0;33mW (528) spi_flash: Detected size(4096k) larger than the size in the binary image header(2048k). Using the size in the binary image header.[0m
[0;33mW (541) i2c: This driver is an old driver, please migrate your application code to adapt `driver/i2c_master.h`[0m
[0;32mI (553) main_task: Started on CPU0[0m
[0;32mI (563) main_task: Calling app_main()[0m
[0;32mI (563) progress: [APP] Free memory: 274028 bytes[0m
[0;32mI (563) progress: [APP] IDF version: v5.3[0m
[0;32mI (563) progress: MAC address: ec:62:60:bc:e8:50[0m
[0;31mE (573) i2cdev: Could not write to device [0x0b at 0]: -1 (ESP_FAIL)[0m
[0;32mI (693) gauge: Power Mode: 0x1[0m
[0;32mI (693) gauge: APA: 0x2A[0m
[0;32mI (693) gauge: Battery Profile: 0x1[0m
[0;32mI (693) gauge: Temp Mode: 0x0[0m
[0;32mI (693) gauge: Voltage: 3.93	RSOC: 68.0%[0m
[0;32mI (723) progress: Starting Wifi[0m
[0;32mI (15243) progress: Starting Clock[0m
[0;32mI (17243) progress: The current date/time in Germany is: Thu Oct 31 20:07:44 2024[0m
[0;32mI (17243) progress: Not a wakeup from deep sleep[0m
[0;32mI (17243) progress: Waiting for sensors to become inactive[0m
[0;31mE (17253) sleep: Not an RTC IO: GPIO8[0m
ESP_ERROR_CHECK failed: esp_err_t 0x102 (ESP_ERR_INVALID_ARG) at 0x400d811a
file: "./main/main.c" line 137
func: app_main
expression: esp_sleep_enable_ext1_wakeup(wakeup_pins_mask, ESP_EXT1_WAKEUP_ANY_HIGH)

abort() was called at PC 0x4008b6e3 on core 0


Backtrace: 0x40081d4a:0x3ffbb520 0x4008b6ed:0x3ffbb540 0x40093509:0x3ffbb560 0x4008b6e3:0x3ffbb5d0 0x400d811a:0x3ffbb600 0x4015a313:0x3ffbb650 0x4008c239:0x3ffbb680




ELF file SHA256: 147dfc35da69c607

Rebooting...
ets Jul 29 2019 12:21:46

rst:0xc (SW_CPU_RESET),boot:0x13 (SPI_FAST_FLASH_BOOT)
configsip: 0, SPIWP:0xee
clk_drv:0x00,q_drv:0x00,d_drv:0x00,cs0_drv:0x00,hd_drv:0x00,wp_drv:0x00
mode:DIO, clock div:2
load:0x3fff0030,len:7176
load:0x40078000,len:15564
ho 0 tail 12 room 4
load:0x40080400,len:4
load:0x40080404,len:3904
entry 0x40080640
[0;32mI (31) boot: ESP-IDF v5.3 2nd stage bootloader[0m
[0;32mI (31) boot: compile time Oct 31 2024 19:13:47[0m
[0;32mI (31) boot: Multicore bootloader[0m
[0;32mI (35) boot: chip revision: v3.0[0m
[0;32mI (39) boot.esp32: SPI Speed      : 40MHz[0m
[0;32mI (44) boot.esp32: SPI Mode       : DIO[0m
[0;32mI (48) boot.esp32: SPI Flash Size : 2MB[0m
[0;32mI (53) boot: Enabling RNG early entropy source...[0m
[0;32mI (58) boot: Partition Table:[0m
[0;32mI (62) boot: ## Label            Usage          Type ST Offset   Length[0m
[0;32mI (69) boot:  0 nvs              WiFi data        01 02 00009000 00006000[0m
[0;32mI (76) boot:  1 phy_init         RF data          01 01 0000f000 00001000[0m
[0;32mI (84) boot:  2 factory          factory app      00 00 00010000 00177000[0m
[0;32mI (91) boot: End of partition table[0m
[0;32mI (96) esp_image: segment 0: paddr=00010020 vaddr=3f400020 size=22688h (140936) map[0m
[0;32mI (152) esp_image: segment 1: paddr=000326b0 vaddr=3ff80063 size=00008h (     8) load[0m
[0;32mI (153) esp_image: segment 2: paddr=000326c0 vaddr=3ffb0000 size=03f74h ( 16244) load[0m
[0;32mI (164) esp_image: segment 3: paddr=0003663c vaddr=40080000 size=099dch ( 39388) load[0m
[0;32mI (182) esp_image: segment 4: paddr=00040020 vaddr=400d0020 size=8c37ch (574332) map[0m
[0;32mI (379) esp_image: segment 5: paddr=000cc3a4 vaddr=400899dc size=0fd10h ( 64784) load[0m
[0;32mI (405) esp_image: segment 6: paddr=000dc0bc vaddr=400c0000 size=00064h (   100) load[0m
[0;32mI (418) boot: Loaded app from partition at offset 0x10000[0m
[0;32mI (418) boot: Disabling RNG early entropy source...[0m
[0;32mI (430) cpu_start: Multicore app[0m
[0;32mI (438) cpu_start: Pro cpu start user code[0m
[0;32mI (438) cpu_start: cpu freq: 160000000 Hz[0m
[0;32mI (438) app_init: Application information:[0m
[0;32mI (441) app_init: Project name:     PIR[0m
[0;32mI (446) app_init: App version:      1[0m
[0;32mI (450) app_init: Compile time:     Oct 31 2024 20:01:10[0m
[0;32mI (456) app_init: ELF file SHA256:  147dfc35da69c607...[0m
[0;32mI (462) app_init: ESP-IDF:          v5.3[0m
[0;32mI (467) efuse_init: Min chip rev:     v0.0[0m
[0;32mI (471) efuse_init: Max chip rev:     v3.99 [0m
[0;32mI (476) efuse_init: Chip rev:         v3.0[0m
[0;32mI (481) heap_init: Initializing. RAM available for dynamic allocation:[0m
[0;32mI (488) heap_init: At 3FFAE6E0 len 00001920 (6 KiB): DRAM[0m
[0;32mI (494) heap_init: At 3FFB87A0 len 00027860 (158 KiB): DRAM[0m
[0;32mI (501) heap_init: At 3FFE0440 len 00003AE0 (14 KiB): D/IRAM[0m
[0;32mI (507) heap_init: At 3FFE4350 len 0001BCB0 (111 KiB): D/IRAM[0m
[0;32mI (513) heap_init: At 400996EC len 00006914 (26 KiB): IRAM[0m
[0;32mI (521) spi_flash: detected chip: generic[0m
[0;32mI (524) spi_flash: flash io: dio[0m
[0;33mW (528) spi_flash: Detected size(4096k) larger than the size in the binary image header(2048k). Using the size in the binary image header.[0m
[0;33mW (541) i2c: This driver is an old driver, please migrate your application code to adapt `driver/i2c_master.h`[0m
[0;32mI (553) main_task: Started on CPU0[0m
[0;32mI (563) main_task: Calling app_main()[0m
[0;32mI (563) progress: [APP] Free memory: 274028 bytes[0m
[0;32mI (563) progress: [APP] IDF version: v5.3[0m
[0;32mI (563) progress: MAC address: ec:62:60:bc:e8:50[0m
[0;31mE (573) i2cdev: Could not write to device [0x0b at 0]: -1 (ESP_FAIL)[0m
[0;32mI (693) gauge: Power Mode: 0x1[0m
[0;32mI (693) gauge: APA: 0x2A[0m
[0;32mI (693) gauge: Battery Profile: 0x1[0m
[0;32mI (693) gauge: Temp Mode: 0x0[0m
[0;32mI (693) gauge: Voltage: 3.93	RSOC: 68.0%[0m
[0;32mI (723) progress: Starting Wifi[0m
[0;32mI (15243) progress: Starting Clock[0m
[0;32mI (19243) progress: The current date/time in Germany is: Thu Oct 31 20:08:04 2024[0m
[0;32mI (19243) progress: Not a wakeup from deep sleep[0m
[0;32mI (19243) progress: Waiting for sensors to become inactive[0m
[0;31mE (19253) sleep: Not an RTC IO: GPIO8[0m
ESP_ERROR_CHECK failed: esp_err_t 0x102 (ESP_ERR_INVALID_ARG) at 0x400d811a
file: "./main/main.c" line 137
func: app_main
expression: esp_sleep_enable_ext1_wakeup(wakeup_pins_mask, ESP_EXT1_WAKEUP_ANY_HIGH)

abort() was called at PC 0x4008b6e3 on core 0


Backtrace: 0x40081d4a:0x3ffbb520 0x4008b6ed:0x3ffbb540 0x40093509:0x3ffbb560 0x4008b6e3:0x3ffbb5d0 0x400d811a:0x3ffbb600 0x4015a313:0x3ffbb650 0x4008c239:0x3ffbb680




ELF file SHA256: 147dfc35da69c607

Rebooting...
ets Jul 29 2019 12:21:46

rst:0xc (SW_CPU_RESET),boot:0x13 (SPI_FAST_FLASH_BOOT)
configsip: 0, SPIWP:0xee
clk_drv:0x00,q_drv:0x00,d_drv:0x00,cs0_drv:0x00,hd_drv:0x00,wp_drv:0x00
mode:DIO, clock div:2
load:0x3fff0030,len:7176
load:0x40078000,len:15564
ho 0 tail 12 room 4
load:0x40080400,len:4
load:0x40080404,len:3904
entry 0x40080640
[0;32mI (31) boot: ESP-IDF v5.3 2nd stage bootloader[0m
[0;32mI (31) boot: compile time Oct 31 2024 19:13:47[0m
[0;32mI (31) boot: Multicore bootloader[0m
[0;32mI (35) boot: chip revision: v3.0[0m
[0;32mI (39) boot.esp32: SPI Speed      : 40MHz[0m
[0;32mI (44) boot.esp32: SPI Mode       : DIO[0m
[0;32mI (48) boot.esp32: SPI Flash Size : 2MB[0m
[0;32mI (53) boot: Enabling RNG early entropy source...[0m
[0;32mI (58) boot: Partition Table:[0m
[0;32mI (62) boot: ## Label            Usage          Type ST Offset   Length[0m
[0;32mI (69) boot:  0 nvs              WiFi data        01 02 00009000 00006000[0m
[0;32mI (76) boot:  1 phy_init         RF data          01 01 0000f000 00001000[0m
[0;32mI (84) boot:  2 factory          factory app      00 00 00010000 00177000[0m
[0;32mI (91) boot: End of partition table[0m
[0;32mI (96) esp_image: segment 0: paddr=00010020 vaddr=3f400020 size=22688h (140936) map[0m
[0;32mI (152) esp_image: segment 1: paddr=000326b0 vaddr=3ff80063 size=00008h (     8) load[0m
[0;32mI (153) esp_image: segment 2: paddr=000326c0 vaddr=3ffb0000 size=03f74h ( 16244) load[0m
[0;32mI (164) esp_image: segment 3: paddr=0003663c vaddr=40080000 size=099dch ( 39388) load[0m
[0;32mI (182) esp_image: segment 4: paddr=00040020 vaddr=400d0020 size=8c37ch (574332) map[0m
[0;32mI (379) esp_image: segment 5: paddr=000cc3a4 vaddr=400899dc size=0fd10h ( 64784) load[0m
[0;32mI (405) esp_image: segment 6: paddr=000dc0bc vaddr=400c0000 size=00064h (   100) load[0m
[0;32mI (418) boot: Loaded app from partition at offset 0x10000[0m
[0;32mI (418) boot: Disabling RNG early entropy source...[0m
[0;32mI (430) cpu_start: Multicore app[0m
[0;32mI (438) cpu_start: Pro cpu start user code[0m
[0;32mI (438) cpu_start: cpu freq: 160000000 Hz[0m
[0;32mI (438) app_init: Application information:[0m
[0;32mI (441) app_init: Project name:     PIR[0m
[0;32mI (446) app_init: App version:      1[0m
[0;32mI (450) app_init: Compile time:     Oct 31 2024 20:01:10[0m
[0;32mI (456) app_init: ELF file SHA256:  147dfc35da69c607...[0m
[0;32mI (462) app_init: ESP-IDF:          v5.3[0m
[0;32mI (467) efuse_init: Min chip rev:     v0.0[0m
[0;32mI (471) efuse_init: Max chip rev:     v3.99 [0m
[0;32mI (476) efuse_init: Chip rev:         v3.0[0m
[0;32mI (481) heap_init: Initializing. RAM available for dynamic allocation:[0m
[0;32mI (488) heap_init: At 3FFAE6E0 len 00001920 (6 KiB): DRAM[0m
[0;32mI (494) heap_init: At 3FFB87A0 len 00027860 (158 KiB): DRAM[0m
[0;32mI (501) heap_init: At 3FFE0440 len 00003AE0 (14 KiB): D/IRAM[0m
[0;32mI (507) heap_init: At 3FFE4350 len 0001BCB0 (111 KiB): D/IRAM[0m
[0;32mI (513) heap_init: At 400996EC len 00006914 (26 KiB): IRAM[0m
[0;32mI (521) spi_flash: detected chip: generic[0m
[0;32mI (524) spi_flash: flash io: dio[0m
[0;33mW (528) spi_flash: Detected size(4096k) larger than the size in the binary image header(2048k). Using the size in the binary image header.[0m
[0;33mW (541) i2c: This driver is an old driver, please migrate your application code to adapt `driver/i2c_master.h`[0m
[0;32mI (553) main_task: Started on CPU0[0m
[0;32mI (563) main_task: Calling app_main()[0m
[0;32mI (563) progress: [APP] Free memory: 274028 bytes[0m
[0;32mI (563) progress: [APP] IDF version: v5.3[0m
[0;32mI (563) progress: MAC address: ec:62:60:bc:e8:50[0m
[0;31mE (573) i2cdev: Could not write to device [0x0b at 0]: -1 (ESP_FAIL)[0m
[0;32mI (693) gauge: Power Mode: 0x1[0m
[0;32mI (693) gauge: APA: 0x2A[0m
[0;32mI (693) gauge: Battery Profile: 0x1[0m
[0;32mI (693) gauge: Temp Mode: 0x0[0m
[0;32mI (693) gauge: Voltage: 3.93	RSOC: 68.0%[0m
[0;32mI (723) progress: Starting Wifi[0m
[0;32mI (15263) progress: Starting Clock[0m
[0;32mI (21263) progress: The current date/time in Germany is: Thu Oct 31 20:08:25 2024[0m
[0;32mI (21263) progress: Not a wakeup from deep sleep[0m
[0;32mI (21263) progress: Waiting for sensors to become inactive[0m
[0;31mE (21273) sleep: Not an RTC IO: GPIO8[0m
ESP_ERROR_CHECK failed: esp_err_t 0x102 (ESP_ERR_INVALID_ARG) at 0x400d811a
file: "./main/main.c" line 137
func: app_main
expression: esp_sleep_enable_ext1_wakeup(wakeup_pins_mask, ESP_EXT1_WAKEUP_ANY_HIGH)

abort() was called at PC 0x4008b6e3 on core 0


Backtrace: 0x40081d4a:0x3ffbb520 0x4008b6ed:0x3ffbb540 0x40093509:0x3ffbb560 0x4008b6e3:0x3ffbb5d0 0x400d811a:0x3ffbb600 0x4015a313:0x3ffbb650 0x4008c239:0x3ffbb680




ELF file SHA256: 147dfc35da69c607

Rebooting...
ets Jul 29 2019 12:21:46

rst:0xc (SW_CPU_RESET),boot:0x13 (SPI_FAST_FLASH_BOOT)
configsip: 0, SPIWP:0xee
clk_drv:0x00,q_drv:0x00,d_drv:0x00,cs0_drv:0x00,hd_drv:0x00,wp_drv:0x00
mode:DIO, clock div:2
load:0x3fff0030,len:7176
load:0x40078000,len:15564
ho 0 tail 12 room 4
load:0x40080400,len:4
load:0x40080404,len:3904
entry 0x40080640
[0;32mI (31) boot: ESP-IDF v5.3 2nd stage bootloader[0m
[0;32mI (31) boot: compile time Oct 31 2024 19:13:47[0m
[0;32mI (31) boot: Multicore bootloader[0m
[0;32mI (35) boot: chip revision: v3.0[0m
[0;32mI (39) boot.esp32: SPI Speed      : 40MHz[0m
[0;32mI (44) boot.esp32: SPI Mode       : DIO[0m
[0;32mI (48) boot.esp32: SPI Flash Size : 2MB[0m
[0;32mI (53) boot: Enabling RNG early entropy source...[0m
[0;32mI (58) boot: Partition Table:[0m
[0;32mI (62) boot: ## Label            Usage          Type ST Offset   Length[0m
[0;32mI (69) boot:  0 nvs              WiFi data        01 02 00009000 00006000[0m
[0;32mI (76) boot:  1 phy_init         RF data          01 01 0000f000 00001000[0m
[0;32mI (84) boot:  2 factory          factory app      00 00 00010000 00177000[0m
[0;32mI (91) boot: End of partition table[0m
[0;32mI (96) esp_image: segment 0: paddr=00010020 vaddr=3f400020 size=22688h (140936) map[0m
[0;32mI (152) esp_image: segment 1: paddr=000326b0 vaddr=3ff80063 size=00008h (     8) load[0m
[0;32mI (153) esp_image: segment 2: paddr=000326c0 vaddr=3ffb0000 size=03f74h ( 16244) load[0m
[0;32mI (164) esp_image: segment 3: paddr=0003663c vaddr=40080000 size=099dch ( 39388) load[0m
[0;32mI (182) esp_image: segment 4: paddr=00040020 vaddr=400d0020 size=8c37ch (574332) map[0m
[0;32mI (379) esp_image: segment 5: paddr=000cc3a4 vaddr=400899dc size=0fd10h ( 64784) load[0m
[0;32mI (405) esp_image: segment 6: paddr=000dc0bc vaddr=400c0000 size=00064h (   100) load[0m
[0;32mI (418) boot: Loaded app from partition at offset 0x10000[0m
[0;32mI (418) boot: Disabling RNG early entropy source...[0m
[0;32mI (430) cpu_start: Multicore app[0m
[0;32mI (438) cpu_start: Pro cpu start user code[0m
[0;32mI (438) cpu_start: cpu freq: 160000000 Hz[0m
[0;32mI (438) app_init: Application information:[0m
[0;32mI (441) app_init: Project name:     PIR[0m
[0;32mI (446) app_init: App version:      1[0m
[0;32mI (450) app_init: Compile time:     Oct 31 2024 20:01:10[0m
[0;32mI (456) app_init: ELF file SHA256:  147dfc35da69c607...[0m
[0;32mI (462) app_init: ESP-IDF:          v5.3[0m
[0;32mI (467) efuse_init: Min chip rev:     v0.0[0m
[0;32mI (471) efuse_init: Max chip rev:     v3.99 [0m
[0;32mI (476) efuse_init: Chip rev:         v3.0[0m
[0;32mI (481) heap_init: Initializing. RAM available for dynamic allocation:[0m
[0;32mI (488) heap_init: At 3FFAE6E0 len 00001920 (6 KiB): DRAM[0m
[0;32mI (494) heap_init: At 3FFB87A0 len 00027860 (158 KiB): DRAM[0m
[0;32mI (501) heap_init: At 3FFE0440 len 00003AE0 (14 KiB): D/IRAM[0m
[0;32mI (507) heap_init: At 3FFE4350 len 0001BCB0 (111 KiB): D/IRAM[0m
[0;32mI (513) heap_init: At 400996EC len 00006914 (26 KiB): IRAM[0m
[0;32mI (521) spi_flash: detected chip: generic[0m
[0;32mI (524) spi_flash: flash io: dio[0m
[0;33mW (528) spi_flash: Detected size(4096k) larger than the size in the binary image header(2048k). Using the size in the binary image header.[0m
[0;33mW (541) i2c: This driver is an old driver, please migrate your application code to adapt `driver/i2c_master.h`[0m
[0;32mI (553) main_task: Started on CPU0[0m
[0;32mI (563) main_task: Calling app_main()[0m
[0;32mI (563) progress: [APP] Free memory: 274028 bytes[0m
[0;32mI (563) progress: [APP] IDF version: v5.3[0m
[0;32mI (563) progress: MAC address: ec:62:60:bc:e8:50[0m
[0;31mE (573) i2cdev: Could not write to device [0x0b at 0]: -1 (ESP_FAIL)[0m
[0;32mI (693) gauge: Power Mode: 0x1[0m
[0;32mI (693) gauge: APA: 0x2A[0m
[0;32mI (693) gauge: Battery Profile: 0x1[0m
[0;32mI (693) gauge: Temp Mode: 0x0[0m
[0;32mI (693) gauge: Voltage: 3.93	RSOC: 68.0%[0m
[0;32mI (723) progress: Starting Wifi[0m
[0;32mI (15423) progress: Starting Clock[0m
[0;32mI (17423) progress: The current date/time in Germany is: Thu Oct 31 20:08:42 2024[0m
[0;32mI (17423) progress: Not a wakeup from deep sleep[0m
[0;32mI (17423) progress: Waiting for sensors to become inactive[0m
[0;31mE (17433) sleep: Not an RTC IO: GPIO8[0m
ESP_ERROR_CHECK failed: esp_err_t 0x102 (ESP_ERR_INVALID_ARG) at 0x400d811a
file: "./main/main.c" line 137
func: app_main
expression: esp_sleep_enable_ext1_wakeup(wakeup_pins_mask, ESP_EXT1_WAKEUP_ANY_HIGH)

abort() was called at PC 0x4008b6e3 on core 0


Backtrace: 0x40081d4a:0x3ffbb520 0x4008b6ed:0x3ffbb540 0x40093509:0x3ffbb560 0x4008b6e3:0x3ffbb5d0 0x400d811a:0x3ffbb600 0x4015a313:0x3ffbb650 0x4008c239:0x3ffbb680




ELF file SHA256: 147dfc35da69c607

Rebooting...
ets Jul 29 2019 12:21:46

rst:0xc (SW_CPU_RESET),boot:0x13 (SPI_FAST_FLASH_BOOT)
configsip: 0, SPIWP:0xee
clk_drv:0x00,q_drv:0x00,d_drv:0x00,cs0_drv:0x00,hd_drv:0x00,wp_drv:0x00
mode:DIO, clock div:2
load:0x3fff0030,len:7176
load:0x40078000,len:15564
ho 0 tail 12 room 4
load:0x40080400,len:4
load:0x40080404,len:3904
entry 0x40080640
[0;32mI (31) boot: ESP-IDF v5.3 2nd stage bootloader[0m
[0;32mI (31) boot: compile time Oct 31 2024 19:13:47[0m
[0;32mI (31) boot: Multicore bootloader[0m
[0;32mI (35) boot: chip revision: v3.0[0m
[0;32mI (39) boot.esp32: SPI Speed      : 40MHz[0m
[0;32mI (44) boot.esp32: SPI Mode       : DIO[0m
[0;32mI (48) boot.esp32: SPI Flash Size : 2MB[0m
[0;32mI (53) boot: Enabling RNG early entropy source...[0m
[0;32mI (58) boot: Partition Table:[0m
[0;32mI (62) boot: ## Label            Usage          Type ST Offset   Length[0m
[0;32mI (69) boot:  0 nvs              WiFi data        01 02 00009000 00006000[0m
[0;32mI (76) boot:  1 phy_init         RF data          01 01 0000f000 00001000[0m
[0;32mI (84) boot:  2 factory          factory app      00 00 00010000 00177000[0m
[0;32mI (91) boot: End of partition table[0m
[0;32mI (96) esp_image: segment 0: paddr=00010020 vaddr=3f400020 size=22688h (140936) map[0m
[0;32mI (152) esp_image: segment 1: paddr=000326b0 vaddr=3ff80063 size=00008h (     8) load[0m
[0;32mI (153) esp_image: segment 2: paddr=000326c0 vaddr=3ffb0000 size=03f74h ( 16244) load[0m
[0;32mI (164) esp_image: segment 3: paddr=0003663c vaddr=40080000 size=099dch ( 39388) load[0m
[0;32mI (182) esp_image: segment 4: paddr=00040020 vaddr=400d0020 size=8c37ch (574332) map[0m
[0;32mI (379) esp_image: segment 5: paddr=000cc3a4 vaddr=400899dc size=0fd10h ( 64784) load[0m
[0;32mI (405) esp_image: segment 6: paddr=000dc0bc vaddr=400c0000 size=00064h (   100) load[0m
[0;32mI (418) boot: Loaded app from partition at offset 0x10000[0m
[0;32mI (418) boot: Disabling RNG early entropy source...[0m
[0;32mI (430) cpu_start: Multicore app[0m
[0;32mI (438) cpu_start: Pro cpu start user code[0m
[0;32mI (438) cpu_start: cpu freq: 160000000 Hz[0m
[0;32mI (438) app_init: Application information:[0m
[0;32mI (441) app_init: Project name:     PIR[0m
[0;32mI (446) app_init: App version:      1[0m
[0;32mI (450) app_init: Compile time:     Oct 31 2024 20:01:10[0m
[0;32mI (456) app_init: ELF file SHA256:  147dfc35da69c607...[0m
[0;32mI (462) app_init: ESP-IDF:          v5.3[0m
[0;32mI (467) efuse_init: Min chip rev:     v0.0[0m
[0;32mI (471) efuse_init: Max chip rev:     v3.99 [0m
[0;32mI (476) efuse_init: Chip rev:         v3.0[0m
[0;32mI (481) heap_init: Initializing. RAM available for dynamic allocation:[0m
[0;32mI (488) heap_init: At 3FFAE6E0 len 00001920 (6 KiB): DRAM[0m
[0;32mI (494) heap_init: At 3FFB87A0 len 00027860 (158 KiB): DRAM[0m
[0;32mI (501) heap_init: At 3FFE0440 len 00003AE0 (14 KiB): D/IRAM[0m
[0;32mI (507) heap_init: At 3FFE4350 len 0001BCB0 (111 KiB): D/IRAM[0m
[0;32mI (513) heap_init: At 400996EC len 00006914 (26 KiB): IRAM[0m
[0;32mI (521) spi_flash: detected chip: generic[0m
[0;32mI (524) spi_flash: flash io: dio[0m
[0;33mW (528) spi_flash: Detected size(4096k) larger than the size in the binary image header(2048k). Using the size in the binary image header.[0m
[0;33mW (541) i2c: This driver is an old driver, please migrate your application code to adapt `driver/i2c_master.h`[0m
[0;32mI (553) main_task: Started on CPU0[0m
[0;32mI (563) main_task: Calling app_main()[0m
[0;32mI (563) progress: [APP] Free memory: 274028 bytes[0m
[0;32mI (563) progress: [APP] IDF version: v5.3[0m
[0;32mI (563) progress: MAC address: ec:62:60:bc:e8:50[0m
[0;31mE (573) i2cdev: Could not write to device [0x0b at 0]: -1 (ESP_FAIL)[0m
[0;32mI (693) gauge: Power Mode: 0x1[0m
[0;32mI (693) gauge: APA: 0x2A[0m
[0;32mI (693) gauge: Battery Profile: 0x1[0m
[0;32mI (693) gauge: Temp Mode: 0x0[0m
[0;32mI (693) gauge: Voltage: 3.93	RSOC: 68.0%[0m
[0;32mI (723) progress: Starting Wifi[0m
[0;32mI (15273) progress: Starting Clock[0m
[0;32mI (17273) progress: The current date/time in Germany is: Thu Oct 31 20:09:00 2024[0m
[0;32mI (17273) progress: Not a wakeup from deep sleep[0m
[0;32mI (17273) progress: Waiting for sensors to become inactive[0m
[0;31mE (17283) sleep: Not an RTC IO: GPIO8[0m
ESP_ERROR_CHECK failed: esp_err_t 0x102 (ESP_ERR_INVALID_ARG) at 0x400d811a
file: "./main/main.c" line 137
func: app_main
expression: esp_sleep_enable_ext1_wakeup(wakeup_pins_mask, ESP_EXT1_WAKEUP_ANY_HIGH)

abort() was called at PC 0x4008b6e3 on core 0


Backtrace: 0x40081d4a:0x3ffbb520 0x4008b6ed:0x3ffbb540 0x40093509:0x3ffbb560 0x4008b6e3:0x3ffbb5d0 0x400d811a:0x3ffbb600 0x4015a313:0x3ffbb650 0x4008c239:0x3ffbb680




ELF file SHA256: 147dfc35da69c607

Rebooting...
ets Jul 29 2019 12:21:46

rst:0xc (SW_CPU_RESET),boot:0x13 (SPI_FAST_FLASH_BOOT)
configsip: 0, SPIWP:0xee
clk_drv:0x00,q_drv:0x00,d_drv:0x00,cs0_drv:0x00,hd_drv:0x00,wp_drv:0x00
mode:DIO, clock div:2
load:0x3fff0030,len:7176
load:0x40078000,len:15564
ho 0 tail 12 room 4
load:0x40080400,len:4
load:0x40080404,len:3904
entry 0x40080640
[0;32mI (31) boot: ESP-IDF v5.3 2nd stage bootloader[0m
[0;32mI (31) boot: compile time Oct 31 2024 19:13:47[0m
[0;32mI (31) boot: Multicore bootloader[0m
[0;32mI (35) boot: chip revision: v3.0[0m
[0;32mI (39) boot.esp32: SPI Speed      : 40MHz[0m
[0;32mI (44) boot.esp32: SPI Mode       : DIO[0m
[0;32mI (48) boot.esp32: SPI Flash Size : 2MB[0m
[0;32mI (53) boot: Enabling RNG early entropy source...[0m
[0;32mI (58) boot: Partition Table:[0m
[0;32mI (62) boot: ## Label            Usage          Type ST Offset   Length[0m
[0;32mI (69) boot:  0 nvs              WiFi data        01 02 00009000 00006000[0m
[0;32mI (76) boot:  1 phy_init         RF data          01 01 0000f000 00001000[0m
