esp_image: segment 3: paddr=0003c494 vaddr=40080000 size=03b84h ( 15236) load[0m
[0;32mI (ï¿½ets Jul 29 2019 12:21:46

rst:0x1 (POWERON_RESET),boot:0x13 (SPI_FAST_FLASH_BOOT)
configsip: 0, SPIWP:0xee
clk_drv:0x00,q_drv:0x00,d_drv:0x00,cs0_drv:0x00,hd_drv:0x00,wp_drv:0x00
mode:DIO, clock div:2
load:0x3fff0030,len:7176
load:0x40078000,len:15564
ho 0 tail 12 room 4
load:0x40080400,len:4
load:0x40080404,len:3904
entry 0x40080640
[0;32mI (31) boot: ESP-IDF v5.3 2nd stage bootloader[0m
[0;32mI (31) boot: compile time Oct 31 2024 19:13:47[0m
[0;32mI (31) boot: Multicore bootloader[0m
[0;32mI (35) boot: chip revision: v3.0[0m
[0;32mI (39) boot.esp32: SPI Speed      : 40MHz[0m
[0;32mI (44) boot.esp32: SPI Mode       : DIO[0m
[0;32mI (48) boot.esp32: SPI Flash Size : 2MB[0m
[0;32mI (53) boot: Enabling RNG early entropy source...[0m
[0;32mI (58) boot: Partition Table:[0m
[0;32mI (62) boot: ## Label            Usage          Type ST Offset   Length[0m
[0;32mI (69) boot:  0 nvs              WiFi data        01 02 00009000 00006000[0m
[0;32mI (76) boot:  1 phy_init         RF data          01 01 0000f000 00001000[0m
[0;32mI (84) boot:  2 factory          factory app      00 00 00010000 00177000[0m
[0;32mI (91) boot: End of partition table[0m
[0;32mI (96) esp_image: segment 0: paddr=00010020 vaddr=3f400020 size=284c0h (165056) map[0m
[0;32mI (161) esp_image: segment 1: paddr=000384e8 vaddr=3ff80063 size=00008h (     8) load[0m
[0;32mI (161) esp_image: segment 2: paddr=000384f8 vaddr=3ffb0000 size=03f94h ( 16276) load[0m
[0;32mI (173) esp_image: segment 3: paddr=0003c494 vaddr=40080000 size=03b84h ( 15236) load[0m
[0;32mI (181) esp_image: segment 4: paddr=00040020 vaddr=400d0020 size=a38a4h (669860) map[0m
[0;32mI (413) esp_image: segment 5: paddr=000e38cc vaddr=40083b84 size=15cach ( 89260) load[0m
[0;32mI (448) esp_image: segment 6: paddr=000f9580 vaddr=400c0000 size=00064h (   100) load[0m
[0;32mI (461) boot: Loaded app from partition at offset 0x10000[0m
[0;32mI (461) boot: Disabling RNG early entropy source...[0m
[0;32mI (473) cpu_start: Multicore app[0m
[0;32mI (482) cpu_start: Pro cpu start user code[0m
[0;32mI (482) cpu_start: cpu freq: 160000000 Hz[0m
[0;32mI (482) app_init: Application information:[0m
[0;32mI (485) app_init: Project name:     PIR[0m
[0;32mI (489) app_init: App version:      1[0m
[0;32mI (493) app_init: Compile time:     Oct 31 2024 19:13:40[0m
[0;32mI (499) app_init: ELF file SHA256:  3dd3236bbfe05fc1...[0m
[0;32mI (505) app_init: ESP-IDF:          v5.3[0m
[0;32mI (510) efuse_init: Min chip rev:     v0.0[0m
[0;32mI (515) efuse_init: Max chip rev:     v3.99 [0m
[0;32mI (520) efuse_init: Chip rev:         v3.0[0m
[0;32mI (525) heap_init: Initializing. RAM available for dynamic allocation:[0m
[0;32mI (532) heap_init: At 3FFAE6E0 len 00001920 (6 KiB): DRAM[0m
[0;32mI (538) heap_init: At 3FFB88B8 len 00027748 (157 KiB): DRAM[0m
[0;32mI (544) heap_init: At 3FFE0440 len 00003AE0 (14 KiB): D/IRAM[0m
[0;32mI (550) heap_init: At 3FFE4350 len 0001BCB0 (111 KiB): D/IRAM[0m
[0;32mI (557) heap_init: At 40099830 len 000067D0 (25 KiB): IRAM[0m
[0;32mI (565) spi_flash: detected chip: generic[0m
[0;32mI (568) spi_flash: flash io: dio[0m
[0;33mW (572) spi_flash: Detected size(4096k) larger than the size in the binary image header(2048k). Using the size in the binary image header.[0m
[0;33mW (585) i2c: This driver is an old driver, please migrate your application code to adapt `driver/i2c_master.h`[0m
[0;32mI (596) main_task: Started on CPU0[0m
[0;32mI (606) main_task: Calling app_main()[0m
[0;32mI (606) progress: [APP] Free memory: 273748 bytes[0m
[0;32mI (606) progress: [APP] IDF version: v5.3[0m
[0;32mI (606) progress: MAC address: 94:3c:c6:d1:42:2c[0m
[0;31mE (626) i2cdev: Could not write to device [0x0b at 0]: 263 (ESP_ERR_TIMEOUT)[0m
[0;31mE (726) i2cdev: Could not write to device [0x0b at 0]: -1 (ESP_FAIL)[0m
[0;31mE (826) i2cdev: Could not write to device [0x0b at 0]: -1 (ESP_FAIL)[0m
[0;31mE (926) i2cdev: Could not write to device [0x0b at 0]: -1 (ESP_FAIL)[0m
[0;31mE (1026) i2cdev: Could not write to device [0x0b at 0]: -1 (ESP_FAIL)[0m
[0;31mE (1126) i2cdev: Could not write to device [0x0b at 0]: -1 (ESP_FAIL)[0m
[0;31mE (1226) i2cdev: Could not write to device [0x0b at 0]: -1 (ESP_FAIL)[0m
[0;31mE (1326) i2cdev: Could not write to device [0x0b at 0]: -1 (ESP_FAIL)[0m
[0;31mE (1426) i2cdev: Could not write to device [0x0b at 0]: -1 (ESP_FAIL)[0m
[0;31mE (1526) i2cdev: Could not write to device [0x0b at 0]: -1 (ESP_FAIL)[0m
[0;31mE (1626) i2cdev: Could not write to device [0x0b at 0]: -1 (ESP_FAIL)[0m
ESP_ERROR_CHECK failed: esp_err_t 0xffffffff (ESP_FAIL) at 0x400d96ef
file: "./main/gauge.c" line 26
func: initialize_lc709203f
expression: lc709203f_set_apa(&lc, 0x2A)

abort() was called at PC 0x4008b6e3 on core 0


Backtrace: 0x40081d4a:0x3ffbb5d0 0x4008b6ed:0x3ffbb5f0 0x40093509:0x3ffbb610 0x4008b6e3:0x3ffbb680 0x400d96ef:0x3ffbb6b0 0x400d9833:0x3ffbb6e0 0x400d8d9c:0x3ffbb720 0x4017183b:0x3ffbb770 0x4008c239:0x3ffbb7a0




ELF file SHA256: 3dd3236bbfe05fc1

Rebooting...
ets Jul 29 2019 12:21:46

rst:0xc (SW_CPU_RESET),boot:0x13 (SPI_FAST_FLASH_BOOT)
configsip: 0, SPIWP:0xee
clk_drv:0x00,q_drv:0x00,d_drv:0x00,cs0_drv:0x00,hd_drv:0x00,wp_drv:0x00
mode:DIO, clock div:2
load:0x3fff0030,len:7176
load:0x40078000,len:15564
ho 0 tail 12 room 4
load:0x40080400,len:4
load:0x40080404,len:3904
entry 0x40080640
[0;32mI (31) boot: ESP-IDF v5.3 2nd stage bootloader[0m
[0;32mI (31) boot: compile time Oct 31 2024 19:13:47[0m
[0;32mI (31) boot: Multicore bootloader[0m
[0;32mI (35) boot: chip revision: v3.0[0m
[0;32mI (39) boot.esp32: SPI Speed      : 40MHz[0m
[0;32mI (44) boot.esp32: SPI Mode       : DIO[0m
[0;32mI (48) boot.esp32: SPI Flash Size : 2MB[0m
[0;32mI (53) boot: Enabling RNG early entropy source...[0m
[0;32mI (58) boot: Partition Table:[0m
[0;32mI (62) boot: ## Label            Usage          Type ST Offset   Length[0m
[0;32mI (69) boot:  0 nvs              WiFi data        01 02 00009000 00006000[0m
[0;32mI (76) boot:  1 phy_init         RF data          01 01 0000f000 00001000[0m
[0;32mI (84) boot:  2 factory          factory app      00 00 00010000 00177000[0m
[0;32mI (91) boot: End of partition table[0m
[0;32mI (96) esp_image: segment 0: paddr=00010020 vaddr=3f400020 size=284c0h (165056) map[0m
[0;32mI (161) esp_image: segment 1: paddr=000384e8 vaddr=3ff80063 size=00008h (     8) load[0m
[0;32mI (161) esp_image: segment 2: paddr=000384f8 vaddr=3ffb0000 size=03f94h ( 16276) load[0m
[0;32mI (172) esp_image: segment 3: paddr=0003c494 vaddr=40080000 size=03b84h ( 15236) load[0m
[0;32mI (181) esp_image: segment 4: paddr=00040020 vaddr=400d0020 size=a38a4h (669860) map[0m
[0;32mI (413) esp_image: segment 5: paddr=000e38cc vaddr=40083b84 size=15cach ( 89260) load[0m
[0;32mI (448) esp_image: segment 6: paddr=000f9580 vaddr=400c0000 size=00064h (   100) load[0m
[0;32mI (461) boot: Loaded app from partition at offset 0x10000[0m
[0;32mI (461) boot: Disabling RNG early entropy source...[0m
[0;32mI (473) cpu_start: Multicore app[0m
[0;32mI (482) cpu_start: Pro cpu start user code[0m
[0;32mI (482) cpu_start: cpu freq: 160000000 Hz[0m
[0;32mI (482) app_init: Application information:[0m
[0;32mI (485) app_init: Project name:     PIR[0m
[0;32mI (489) app_init: App version:      1[0m
[0;32mI (493) app_init: Compile time:     Oct 31 2024 19:13:40[0m
[0;32mI (499) app_init: ELF file SHA256:  3dd3236bbfe05fc1...[0m
[0;32mI (505) app_init: ESP-IDF:          v5.3[0m
[0;32mI (510) efuse_init: Min chip rev:     v0.0[0m
[0;32mI (515) efuse_init: Max chip rev:     v3.99 [0m
[0;32mI (520) efuse_init: Chip rev:         v3.0[0m
[0;32mI (525) heap_init: Initializing. RAM available for dynamic allocation:[0m
[0;32mI (532) heap_init: At 3FFAE6E0 len 00001920 (6 KiB): DRAM[0m
[0;32mI (538) heap_init: At 3FFB88B8 len 00027748 (157 KiB): DRAM[0m
[0;32mI (544) heap_init: At 3FFE0440 len 00003AE0 (14 KiB): D/IRAM[0m
[0;32mI (550) heap_init: At 3FFE4350 len 0001BCB0 (111 KiB): D/IRAM[0m
[0;32mI (557) heap_init: At 40099830 len 000067D0 (25 KiB): IRAM[0m
[0;32mI (565) spi_flash: detected chip: generic[0m
[0;32mI (568) spi_flash: flash io: dio[0m
[0;33mW (571) spi_flash: Detected size(4096k) larger than the size in the binary image header(2048k). Using the size in the binary image header.[0m
[0;33mW (585) i2c: This driver is an old driver, please migrate your application code to adapt `driver/i2c_master.h`[0m
[0;32mI (596) main_task: Started on CPU0[0m
[0;32mI (606) main_task: Calling app_main()[0m
[0;32mI (606) progress: [APP] Free memory: 273748 bytes[0m
[0;32mI (606) progress: [APP] IDF version: v5.3[0m
[0;32mI (606) progress: MAC address: 94:3c:c6:d1:42:2c[0m
[0;31mE (626) i2cdev: Could not write to device [0x0b at 0]: 263 (ESP_ERR_TIMEOUT)[0m
[0;31mE (726) i2cdev: Could not write to device [0x0b at 0]: -1 (ESP_FAIL)[0m
[0;31mE (826) i2cdev: Could not write to device [0x0b at 0]: -1 (ESP_FAIL)[0m
[0;31mE (926) i2cdev: Could not write to device [0x0b at 0]: -1 (ESP_FAIL)[0m
[0;31mE (1026) i2cdev: Could not write to device [0x0b at 0]: -1 (ESP_FAIL)[0m
[0;31mE (1126) i2cdev: Could not write to device [0x0b at 0]: -1 (ESP_FAIL)[0m
[0;31mE (1226) i2cdev: Could not write to device [0x0b at 0]: -1 (ESP_FAIL)[0m
[0;31mE (1326) i2cdev: Could not write to device [0x0b at 0]: -1 (ESP_FAIL)[0m
[0;31mE (1426) i2cdev: Could not write to device [0x0b at 0]: -1 (ESP_FAIL)[0m
[0;31mE (1526) i2cdev: Could not write to device [0x0b at 0]: -1 (ESP_FAIL)[0m
[0;31mE (1626) i2cdev: Could not write to device [0x0b at 0]: -1 (ESP_FAIL)[0m
ESP_ERROR_CHECK failed: esp_err_t 0xffffffff (ESP_FAIL) at 0x400d96ef
file: "./main/gauge.c" line 26
func: initialize_lc709203f
expression: lc709203f_set_apa(&lc, 0x2A)

abort() was called at PC 0x4008b6e3 on core 0


Backtrace: 0x40081d4a:0x3ffbb5d0 0x4008b6ed:0x3ffbb5f0 0x40093509:0x3ffbb610 0x4008b6e3:0x3ffbb680 0x400d96ef:0x3ffbb6b0 0x400d9833:0x3ffbb6e0 0x400d8d9c:0x3ffbb720 0x4017183b:0x3ffbb770 0x4008c239:0x3ffbb7a0




ELF file SHA256: 3dd3236bbfe05fc1

Rebooting...
ets Jul 29 2019 12:21:46

rst:0xc (SW_CPU_RESET),boot:0x13 (SPI_FAST_FLASH_BOOT)
configsip: 0, SPIWP:0xee
clk_drv:0x00,q_drv:0x00,d_drv:0x00,cs0_drv:0x00,hd_drv:0x00,wp_drv:0x00
mode:DIO, clock div:2
load:0x3fff0030,len:7176
load:0x40078000,len:15564
ho 0 tail 12 room 4
load:0x40080400,len:4
load:0x40080404,len:3904
entry 0x40080640
[0;32mI (31) boot: ESP-IDF v5.3 2nd stage bootloader[0m
[0;32mI (31) boot: compile time Oct 31 2024 19:13:47[0m
[0;32mI (31) boot: Multicore bootloader[0m
[0;32mI (35) boot: chip revision: v3.0[0m
[0;32mI (39) boot.esp32: SPI Speed      : 40MHz[0m
[0;32mI (44) boot.esp32: SPI Mode       : DIO[0m
[0;32mI (48) boot.esp32: SPI Flash Size : 2MB[0m
[0;32mI (53) boot: Enabling RNG early entropy source...[0m
[0;32mI (58) boot: Partition Table:[0m
[0;32mI (62) boot: ## Label            Usage          Type ST Offset   Length[0m
[0;32mI (69) boot:  0 nvs              WiFi data        01 02 00009000 00006000[0m
[0;32mI (76) boot:  1 phy_init         RF data          01 01 0000f000 00001000[0m
[0;32mI (84) boot:  2 factory          factory app      00 00 00010000 00177000[0m
[0;32mI (91) boot: End of partition table[0m
[0;32mI (96) esp_image: segment 0: paddr=00010020 vaddr=3f400020 size=284c0h (165056) map[0m
[0;32mI (161) esp_image: segment 1: paddr=000384e8 vaddr=3ff80063 size=00008h (     8) load[0m
[0;32mI (161) esp_image: segment 2: paddr=000384f8 vaddr=3ffb0000 size=03f94h ( 16276) load[0m
[0;32mI (172) esp_image: segment 3: paddr=0003c494 vaddr=40080000 size=03b84h ( 15236) load[0m
[0;32mI (181) esp_image: segment 4: paddr=00040020 vaddr=400d0020 size=a38a4h (669860) map[0m
[0;32mI (413) esp_image: segment 5: paddr=000e38cc vaddr=40083b84 size=15cach ( 89260) load[0m
[0;32mI (448) esp_image: segment 6: paddr=000f9580 vaddr=400c0000 size=00064h (   100) load[0m
[0;32mI (461) boot: Loaded app from partition at offset 0x10000[0m
[0;32mI (461) boot: Disabling RNG early entropy source...[0m
[0;32mI (473) cpu_start: Multicore app[0m
[0;32mI (482) cpu_start: Pro cpu start user code[0m
[0;32mI (482) cpu_start: cpu freq: 160000000 Hz[0m
[0;32mI (482) app_init: Application information:[0m
[0;32mI (485) app_init: Project name:     PIR[0m
[0;32mI (489) app_init: App version:      1[0m
[0;32mI (493) app_init: Compile time:     Oct 31 2024 19:13:40[0m
[0;32mI (499) app_init: ELF file SHA256:  3dd3236bbfe05fc1...[0m
[0;32mI (505) app_init: ESP-IDF:          v5.3[0m
[0;32mI (510) efuse_init: Min chip rev:     v0.0[0m
[0;32mI (515) efuse_init: Max chip rev:     v3.99 [0m
[0;32mI (520) efuse_init: Chip rev:         v3.0[0m
[0;32mI (525) heap_init: Initializing. RAM available for dynamic allocation:[0m
[0;32mI (532) heap_init: At 3FFAE6E0 len 00001920 (6 KiB): DRAM[0m
[0;32mI (538) heap_init: At 3FFB88B8 len 00027748 (157 KiB): DRAM[0m
[0;32mI (544) heap_init: At 3FFE0440 len 00003AE0 (14 KiB): D/IRAM[0m
[0;32mI (550) heap_init: At 3FFE4350 len 0001BCB0 (111 KiB): D/IRAM[0m
[0;32mI (557) heap_init: At 40099830 len 000067D0 (25 KiB): IRAM[0m
[0;32mI (565) spi_flash: detected chip: generic[0m
[0;32mI (568) spi_flash: flash io: dio[0m
[0;33mW (571) spi_flash: Detected size(4096k) larger than the size in the binary image header(2048k). Using the size in the binary image header.[0m
[0;33mW (585) i2c: This driver is an old driver, please migrate your application code to adapt `driver/i2c_master.h`[0m
[0;32mI (596) main_task: Started on CPU0[0m
[0;32mI (606) main_task: Calling app_main()[0m
[0;32mI (606) progress: [APP] Free memory: 273748 bytes[0m
[0;32mI (606) progress: [APP] IDF version: v5.3[0m
[0;32mI (606) progress: MAC address: 94:3c:c6:d1:42:2c[0m
[0;31mE (626) i2cdev: Could not write to device [0x0b at 0]: 263 (ESP_ERR_TIMEOUT)[0m
[0;31mE (726) i2cdev: Could not write to device [0x0b at 0]: -1 (ESP_FAIL)[0m
[0;31mE (826) i2cdev: Could not write to device [0x0b at 0]: -1 (ESP_FAIL)[0m
[0;31mE (926) i2cdev: Could not write to device [0x0b at 0]: -1 (ESP_FAIL)[0m
[0;31mE (1026) i2cdev: Could not write to device [0x0b at 0]: -1 (ESP_FAIL)[0m
[0;31mE (1126) i2cdev: Could not write to device [0x0b at 0]: -1 (ESP_FAIL)[0m
[0;31mE (1226) i2cdev: Could not write to device [0x0b at 0]: -1 (ESP_FAIL)[0m
[0;31mE (1326) i2cdev: Could not write to device [0x0b at 0]: -1 (ESP_FAIL)[0m
[0;31mE (1426) i2cdev: Could not write to device [0x0b at 0]: -1 (ESP_FAIL)[0m
[0;31mE (1526) i2cdev: Could not write to device [0x0b at 0]: -1 (ESP_FAIL)[0m
[0;31mE (1626) i2cdev: Could not write to device [0x0b at 0]: -1 (ESP_FAIL)[0m
ESP_ERROR_CHECK failed: esp_err_t 0xffffffff (ESP_FAIL) at 0x400d96ef
file: "./main/gauge.c" line 26
func: initialize_lc709203f
expression: lc709203f_set_apa(&lc, 0x2A)

abort() was called at PC 0x4008b6e3 on core 0


Backtrace: 0x40081d4a:0x3ffbb5d0 0x4008b6ed:0x3ffbb5f0 0x40093509:0x3ffbb610 0x4008b6e3:0x3ffbb680 0x400d96ef:0x3ffbb6b0 0x400d9833:0x3ffbb6e0 0x400d8d9c:0x3ffbb720 0x4017183b:0x3ffbb770 0x4008c239:0x3ffbb7a0




ELF file SHA256: 3dd3236bbfe05fc1

Rebooting...
ets Jul 29 2019 12:21:46

rst:0xc (SW_CPU_RESET),boot:0x13 (SPI_FAST_FLASH_BOOT)
configsip: 0, SPIWP:0xee
clk_drv:0x00,q_drv:0x00,d_drv:0x00,cs0_drv:0x00,hd_drv:0x00,wp_drv:0x00
mode:DIO, clock div:2
load:0x3fff0030,len:7176
load:0x40078000,len:15564
ho 0 tail 12 room 4
load:0x40080400,len:4
load:0x40080404,len:3904
entry 0x40080640
[0;32mI (31) boot: ESP-IDF v5.3 2nd stage bootloader[0m
[0;32mI (31) boot: compile time Oct 31 2024 19:13:47[0m
[0;32mI (31) boot: Multicore bootloader[0m
[0;32mI (35) boot: chip revision: v3.0[0m
[0;32mI (39) boot.esp32: SPI Speed      : 40MHz[0m
[0;32mI (44) boot.esp32: SPI Mode       : DIO[0m
[0;32mI (48) boot.esp32: SPI Flash Size : 2MB[0m
[0;32mI (53) boot: Enabling RNG early entropy source...[0m
[0;32mI (58) boot: Partition Table:[0m
[0;32mI (62) boot: ## Label            Usage          Type ST Offset   Length[0m
[0;32mI (69) boot:  0 nvs              WiFi data        01 02 00009000 00006000[0m
[0;32mI (76) boot:  1 phy_init         RF data          01 01 0000f000 00001000[0m
[0;32mI (84) boot:  2 factory          factory app      00 00 00010000 00177000[0m
[0;32mI (91) boot: End of partition table[0m
[0;32mI (96) esp_image: segment 0: paddr=00010020 vaddr=3f400020 size=284c0h (165056) map[0m
[0;32mI (161) esp_image: segment 1: paddr=000384e8 vaddr=3ff80063 size=00008h (     8) load[0m
[0;32mI (161) esp_image: segment 2: paddr=000384f8 vaddr=3ffb0000 size=03f94h ( 16276) load[0m
[0;32mI (172) esp_image: segment 3: paddr=0003c494 vaddr=40080000 size=03b84h ( 15236) load[0m
[0;32mI (181) esp_image: segment 4: paddr=00040020 vaddr=400d0020 size=a38a4h (669860) map[0m
[0;32mI (413) esp_image: segment 5: paddr=000e38cc vaddr=40083b84 size=15cach ( 89260) load[0m
[0;32mI (448) esp_image: segment 6: paddr=000f9580 vaddr=400c0000 size=00064h (   100) load[0m
[0;32mI (461) boot: Loaded app from partition at offset 0x10000[0m
[0;32mI (461) boot: Disabling RNG early entropy source...[0m
[0;32mI (473) cpu_start: Multicore app[0m
[0;32mI (482) cpu_start: Pro cpu start user code[0m
[0;32mI (482) cpu_start: cpu freq: 160000000 Hz[0m
[0;32mI (482) app_init: Application information:[0m
[0;32mI (485) app_init: Project name:     PIR[0m
[0;32mI (489) app_init: App version:      1[0m
[0;32mI (493) app_init: Compile time:     Oct 31 2024 19:13:40[0m
[0;32mI (499) app_init: ELF file SHA256:  3dd3236bbfe05fc1...[0m
[0;32mI (505) app_init: ESP-IDF:          v5.3[0m
[0;32mI (510) efuse_init: Min chip rev:     v0.0[0m
[0;32mI (515) efuse_init: Max chip rev:     v3.99 [0m
[0;32mI (520) efuse_init: Chip rev:         v3.0[0m
[0;32mI (525) heap_init: Initializing. RAM available for dynamic allocation:[0m
[0;32mI (532) heap_init: At 3FFAE6E0 len 00001920 (6 KiB): DRAM[0m
[0;32mI (538) heap_init: At 3FFB88B8 len 00027748 (157 KiB): DRAM[0m
[0;32mI (544) heap_init: At 3FFE0440 len 00003AE0 (14 KiB): D/IRAM[0m
[0;32mI (550) heap_init: At 3FFE4350 len 0001BCB0 (111 KiB): D/IRAM[0m
[0;32mI (557) heap_init: At 40099830 len 000067D0 (25 KiB): IRAM[0m
[0;32mI (565) spi_flash: detected chip: generic[0m
[0;32mI (568) spi_flash: flash io: dio[0m
[0;33mW (571) spi_flash: Detected size(4096k) larger than the size in the binary image header(2048k). Using the size in the binary image header.[0m
[0;33mW (585) i2c: This driver is an old driver, please migrate your application code to adapt `driver/i2c_master.h`[0m
[0;32mI (596) main_task: Started on CPU0[0m
[0;32mI (606) main_task: Calling app_main()[0m
[0;32mI (606) progress: [APP] Free memory: 273748 bytes[0m
[0;32mI (606) progress: [APP] IDF version: v5.3[0m
[0;32mI (606) progress: MAC address: 94:3c:c6:d1:42:2c[0m
[0;31mE (626) i2cdev: Could not write to device [0x0b at 0]: 263 (ESP_ERR_TIMEOUT)[0m
[0;31mE (726) i2cdev: Could not write to device [0x0b at 0]: -1 (ESP_FAIL)[0m
[0;31mE (826) i2cdev: Could not write to device [0x0b at 0]: -1 (ESP_FAIL)[0m
[0;31mE (926) i2cdev: Could not write to device [0x0b at 0]: -1 (ESP_FAIL)[0m
[0;31mE (1026) i2cdev: Could not write to device [0x0b at 0]: -1 (ESP_FAIL)[0m
[0;31mE (1126) i2cdev: Could not write to device [0x0b at 0]: -1 (ESP_FAIL)[0m
[0;31mE (1226) i2cdev: Could not write to device [0x0b at 0]: -1 (ESP_FAIL)[0m
[0;31mE (1326) i2cdev: Could not write to device [0x0b at 0]: -1 (ESP_FAIL)[0m
[0;31mE (1426) i2cdev: Could not write to device [0x0b at 0]: -1 (ESP_FAIL)[0m
[0;31mE (1526) i2cdev: Could not write to device [0x0b at 0]: -1 (ESP_FAIL)[0m
[0;31mE (1626) i2cdev: Could not write to device [0x0b at 0]: -1 (ESP_FAIL)[0m
ESP_ERROR_CHECK failed: esp_err_t 0xffffffff (ESP_FAIL) at 0x400d96ef
file: "./main/gauge.c" line 26
func: initialize_lc709203f
expression: lc709203f_set_apa(&lc, 0x2A)

abort() was called at PC 0x4008b6e3 on core 0


Backtrace: 0x40081d4a:0x3ffbb5d0 0x4008b6ed:0x3ffbb5f0 0x40093509:0x3ffbb610 0x4008b6e3:0x3ffbb680 0x400d96ef:0x3ffbb6b0 0x400d9833:0x3ffbb6e0 0x400d8d9c:0x3ffbb720 0x4017183b:0x3ffbb770 0x4008c239:0x3ffbb7a0




ELF file SHA256: 3dd3236bbfe05fc1

Rebooting...
ets Jul 29 2019 12:21:46

rst:0xc (SW_CPU_RESET),boot:0x13 (SPI_FAST_FLASH_BOOT)
configsip: 0, SPIWP:0xee
clk_drv:0x00,q_drv:0x00,d_drv:0x00,cs0_drv:0x00,hd_drv:0x00,wp_drv:0x00
mode:DIO, clock div:2
load:0x3fff0030,len:7176
load:0x40078000,len:15564
ho 0 tail 12 room 4
load:0x40080400,len:4
load:0x40080404,len:3904
entry 0x40080640
[0;32mI (31) boot: ESP-IDF v5.3 2nd stage bootloader[0m
[0;32mI (31) boot: compile time Oct 31 2024 19:13:47[0m
[0;32mI (31) boot: Multicore bootloader[0m
[0;32mI (35) boot: chip revision: v3.0[0m
[0;32mI (39) boot.esp32: SPI Speed      : 40MHz[0m
[0;32mI (44) boot.esp32: SPI Mode       : DIO[0m
[0;32mI (48) boot.esp32: SPI Flash Size : 2MB[0m
[0;32mI (53) boot: Enabling RNG early entropy source...[0m
[0;32mI (58) boot: Partition Table:[0m
[0;32mI (62) boot: ## Label            Usage          Type ST Offset   Length[0m
[0;32mI (69) boot:  0 nvs              WiFi data        01 02 00009000 00006000[0m
[0;32mI (76) boot:  1 phy_init         RF data          01 01 0000f000 00001000[0m
[0;32mI (84) boot:  2 factory          factory app      00 00 00010000 00177000[0m
[0;32mI (91) boot: End of partition table[0m
[0;32mI (96) esp_image: segment 0: paddr=00010020 vaddr=3f400020 size=284c0h (165056) map[0m
[0;32mI (161) esp_image: segment 1: paddr=000384e8 vaddr=3ff80063 size=00008h (     8) load[0m
[0;32mI (161) esp_image: segment 2: paddr=000384f8 vaddr=3ffb0000 size=03f94h ( 16276) load[0m
[0;32mI (172) esp_image: segment 3: paddr=0003c494 vaddr=40080000 size=03b84h ( 15236) load[0m
[0;32mI (181) esp_image: segment 4: paddr=00040020 vaddr=400d0020 size=a38a4h (669860) map[0m
[0;32mI (413) esp_image: segment 5: paddr=000e38cc vaddr=40083b84 size=15cach ( 89260) load[0m
[0;32mI (448) esp_image: segment 6: paddr=000f9580 vaddr=400c0000 size=00064h (   100) load[0m
[0;32mI (461) boot: Loaded app from partition at offset 0x10000[0m
[0;32mI (461) boot: Disabling RNG early entropy source...[0m
[0;32mI (473) cpu_start: Multicore app[0m
[0;32mI (482) cpu_start: Pro cpu start user code[0m
[0;32mI (482) cpu_start: cpu freq: 160000000 Hz[0m
[0;32mI (482) app_init: Application information:[0m
[0;32mI (485) app_init: Project name:     PIR[0m
[0;32mI (489) app_init: App version:      1[0m
[0;32mI (493) app_init: Compile time:     Oct 31 2024 19:13:40[0m
[0;32mI (499) app_init: ELF file SHA256:  3dd3236bbfe05fc1...[0m
[0;32mI (505) app_init: ESP-IDF:          v5.3[0m
[0;32mI (510) efuse_init: Min chip rev:     v0.0[0m
[0;32mI (515) efuse_init: Max chip rev:     v3.99 [0m
[0;32mI (520) efuse_init: Chip rev:         v3.0[0m
[0;32mI (525) heap_init: Initializing. RAM available for dynamic allocation:[0m
[0;32mI (532) heap_init: At 3FFAE6E0 len 00001920 (6 KiB): DRAM[0m
[0;32mI (538) heap_init: At 3FFB88B8 len 00027748 (157 KiB): DRAM[0m
[0;32mI (544) heap_init: At 3FFE0440 len 00003AE0 (14 KiB): D/IRAM[0m
[0;32mI (550) heap_init: At 3FFE4350 len 0001BCB0 (111 KiB): D/IRAM[0m
[0;32mI (557) heap_init: At 40099830 len 000067D0 (25 KiB): IRAM[0m
[0;32mI (565) spi_flash: detected chip: generic[0m
[0;32mI (568) spi_flash: flash io: dio[0m
[0;33mW (571) spi_flash: Detected size(4096k) larger than the size in the binary image header(2048k). Using the size in the binary image header.[0m
[0;33mW (585) i2c: This driver is an old driver, please migrate your application code to adapt `driver/i2c_master.h`[0m
[0;32mI (596) main_task: Started on CPU0[0m
[0;32mI (606) main_task: Calling app_main()[0m
[0;32mI (606) progress: [APP] Free memory: 273748 bytes[0m
[0;32mI (606) progress: [APP] IDF version: v5.3[0m
[0;32mI (606) progress: MAC address: 94:3c:c6:d1:42:2c[0m
[0;31mE (626) i2cdev: Could not write to device [0x0b at 0]: 263 (ESP_ERR_TIMEOUT)[0m
[0;31mE (726) i2cdev: Could not write to device [0x0b at 0]: -1 (ESP_FAIL)[0m
[0;31mE (826) i2cdev: Could not write to device [0x0b at 0]: -1 (ESP_FAIL)[0m
[0;31mE (926) i2cdev: Could not write to device [0x0b at 0]: -1 (ESP_FAIL)[0m
[0;31mE (1026) i2cdev: Could not write to device [0x0b at 0]: -1 (ESP_FAIL)[0m
[0;31mE (1126) i2cdev: Could not write to device [0x0b at 0]: -1 (ESP_FAIL)[0m
[0;31mE (1226) i2cdev: Could not write to device [0x0b at 0]: -1 (ESP_FAIL)[0m
[0;31mE (1326) i2cdev: Could not write to device [0x0b at 0]: -1 (ESP_FAIL)[0m
[0;31mE (1426) i2cdev: Could not write to device [0x0b at 0]: -1 (ESP_FAIL)[0m
[0;31mE (1526) i2cdev: Could not write to device [0x0b at 0]: -1 (ESP_FAIL)[0m
[0;31mE (1626) i2cdev: Could not write to device [0x0b at 0]: -1 (ESP_FAIL)[0m
ESP_ERROR_CHECK failed: esp_err_t 0xffffffff (ESP_FAIL) at 0x400d96ef
file: "./main/gauge.c" line 26
func: initialize_lc709203f
expression: lc709203f_set_apa(&lc, 0x2A)

abort() was called at PC 0x4008b6e3 on core 0


Backtrace: 0x40081d4a:0x3ffbb5d0 0x4008b6ed:0x3ffbb5f0 0x40093509:0x3ffbb610 0x4008b6e3:0x3ffbb680 0x400d96ef:0x3ffbb6b0 0x400d9833:0x3ffbb6e0 0x400d8d9c:0x3ffbb720 0x4017183b:0x3ffbb770 0x4008c239:0x3ffbb7a0




ELF file SHA256: 3dd3236bbfe05fc1

Rebooting...
ets Jul 29 2019 12:21:46

rst:0xc (SW_CPU_RESET),boot:0x13 (SPI_FAST_FLASH_BOOT)
configsip: 0, SPIWP:0xee
clk_drv:0x00,q_drv:0x00,d_drv:0x00,cs0_drv:0x00,hd_drv:0x00,wp_drv:0x00
mode:DIO, clock div:2
load:0x3fff0030,len:7176
load:0x40078000,len:15564
ho 0 tail 12 room 4
load:0x40080400,len:4
load:0x40080404,len:3904
entry 0x40080640
[0;32mI (31) boot: ESP-IDF v5.3 2nd stage bootloader[0m
[0;32mI (31) boot: compile time Oct 31 2024 19:13:47[0m
[0;32mI (31) boot: Multicore bootloader[0m
[0;32mI (35) boot: chip revision: v3.0[0m
[0;32mI (39) boot.esp32: SPI Speed      : 40MHz[0m
[0;32mI (44) boot.esp32: SPI Mode       : DIO[0m
[0;32mI (48) boot.esp32: SPI Flash Size : 2MB[0m
[0;32mI (53) boot: Enabling RNG early entropy source...[0m
[0;32mI (58) boot: Partition Table:[0m
[0;32mI (62) boot: ## Label            Usage          Type ST Offset   Length[0m
[0;32mI (69) boot:  0 nvs              WiFi data        01 02 00009000 00006000[0m
[0;32mI (76) boot:  1 phy_init         RF data          01 01 0000f000 00001000[0m
[0;32mI (84) boot:  2 factory          factory app      00 00 00010000 00177000[0m
[0;32mI (91) boot: End of partition table[0m
[0;32mI (96) esp_image: segment 0: paddr=00010020 vaddr=3f400020 size=284c0h (165056) map[0m
[0;32mI (161) esp_image: segment 1: paddr=000384e8 vaddr=3ff80063 size=00008h (     8) load[0m
[0;32mI (161) esp_image: segment 2: paddr=000384f8 vaddr=3ffb0000 size=03f94h ( 16276) load[0m
[0;32mI (172) esp_image: segment 3: paddr=0003c494 vaddr=40080000 size=03b84h ( 15236) load[0m
[0;32mI (181) esp_image: segment 4: paddr=00040020 vaddr=400d0020 size=a38a4h (669860) map[0m
[0;32mI (413) esp_image: segment 5: paddr=000e38cc vaddr=40083b84 size=15cach ( 89260) load[0m
[0;32mI (448) esp_image: segment 6: paddr=000f9580 vaddr=400c0000 size=00064h (   100) load[0m
[0;32mI (461) boot: Loaded app from partition at offset 0x10000[0m
[0;32mI (461) boot: Disabling RNG early entropy source...[0m
[0;32mI (473) cpu_start: Multicore app[0m
[0;32mI (482) cpu_start: Pro cpu start user code[0m
[0;32mI (482) cpu_start: cpu freq: 160000000 Hz[0m
[0;32mI (482) app_init: Application information:[0m
[0;32mI (485) app_init: Project name:     PIR[0m
[0;32mI (489) app_init: App version:      1[0m
[0;32mI (493) app_init: Compile time:     Oct 31 2024 19:13:40[0m
[0;32mI (499) app_init: ELF file SHA256:  3dd3236bbfe05fc1...[0m
[0;32mI (505) app_init: ESP-IDF:          v5.3[0m
[0;32mI (510) efuse_init: Min chip rev:     v0.0[0m
[0;32mI (515) efuse_init: Max chip rev:     v3.99 [0m
[0;32mI (520) efuse_init: Chip rev:         v3.0[0m
[0;32mI (525) heap_init: Initializing. RAM available for dynamic allocation:[0m
[0;32mI (532) heap_init: At 3FFAE6E0 len 00001920 (6 KiB): DRAM[0m
[0;32mI (538) heap_init: At 3FFB88B8 len 00027748 (157 KiB): DRAM[0m
[0;32mI (544) heap_init: At 3FFE0440 len 00003AE0 (14 KiB): D/IRAM[0m
[0;32mI (550) heap_init: At 3FFE4350 len 0001BCB0 (111 KiB): D/IRAM[0m
[0;32mI (557) heap_init: At 40099830 len 000067D0 (25 KiB): IRAM[0m
[0;32mI (565) spi_flash: detected chip: generic[0m
[0;32mI (568) spi_flash: flash io: dio[0m
[0;33mW (571) spi_flash: Detected size(4096k) larger than the size in the binary image header(2048k). Using the size in the binary image header.[0m
[0;33mW (585) i2c: This driver is an old driver, please migrate your application code to adapt `driver/i2c_master.h`[0m
[0;32mI (596) main_task: Started on CPU0[0m
[0;32mI (606) main_task: Calling app_main()[0m
[0;32mI (606) progress: [APP] Free memory: 273748 bytes[0m
[0;32mI (606) progress: [APP] IDF version: v5.3[0m
[0;32mI (606) progress: MAC address: 94:3c:c6:d1:42:2c[0m
[0;31mE (626) i2cdev: Could not write to device [0x0b at 0]: 263 (ESP_ERR_TIMEOUT)[0m
[0;31mE (726) i2cdev: Could not write to device [0x0b at 0]: -1 (ESP_FAIL)[0m
[0;31mE (826) i2cdev: Could not write to device [0x0b at 0]: -1 (ESP_FAIL)[0m
[0;31mE (926) i2cdev: Could not write to device [0x0b at 0]: -1 (ESP_FAIL)[0m
[0;31mE (1026) i2cdev: Could not write to device [0x0b at 0]: -1 (ESP_FAIL)[0m
[0;31mE (1126) i2cdev: Could not write to device [0x0b at 0]: -1 (ESP_FAIL)[0m
[0;31mE (1226) i2cdev: Could not write to device [0x0b at 0]: -1 (ESP_FAIL)[0m
[0;31mE (1326) i2cdev: Could not write to device [0x0b at 0]: -1 (ESP_FAIL)[0m
[0;31mE (1426) i2cdev: Could not write to device [0x0b at 0]: -1 (ESP_FAIL)[0m
[0;31mE (1526) i2cdev: Could not write to device [0x0b at 0]: -1 (ESP_FAIL)[0m
[0;31mE (1626) i2cdev: Could not write to device [0x0b at 0]: -1 (ESP_FAIL)[0m
ESP_ERROR_CHECK failed: esp_err_t 0xffffffff (ESP_FAIL) at 0x400d96ef
file: "./main/gauge.c" line 26
func: initialize_lc709203f
expression: lc709203f_set_apa(&lc, 0x2A)

abort() was called at PC 0x4008b6e3 on core 0


Backtrace: 0x40081d4a:0x3ffbb5d0 0x4008b6ed:0x3ffbb5f0 0x40093509:0x3ffbb610 0x4008b6e3:0x3ffbb680 0x400d96ef:0x3ffbb6b0 0x400d9833:0x3ffbb6e0 0x400d8d9c:0x3ffbb720 0x4017183b:0x3ffbb770 0x4008c239:0x3ffbb7a0




ELF file SHA256: 3dd3236bbfe05fc1

Rebooting...
ets Jul 29 2019 12:21:46

rst:0xc (SW_CPU_RESET),boot:0x13 (SPI_FAST_FLASH_BOOT)
configsip: 0, SPIWP:0xee
clk_drv:0x00,q_drv:0x00,d_drv:0x00,cs0_drv:0x00,hd_drv:0x00,wp_drv:0x00
mode:DIO, clock div:2
load:0x3fff0030,len:7176
load:0x40078000,len:15564
ho 0 tail 12 room 4
load:0x40080400,len:4
load:0x40080404,len:3904
entry 0x40080640
[0;32mI (31) boot: ESP-IDF v5.3 2nd stage bootloader[0m
[0;32mI (31) boot: compile time Oct 31 2024 19:13:47[0m
[0;32mI (31) boot: Multicore bootloader[0m
[0;32mI (35) boot: chip revision: v3.0[0m
[0;32mI (39) boot.esp32: SPI Speed      : 40MHz[0m
[0;32mI (44) boot.esp32: SPI Mode       : DIO[0m
[0;32mI (48) boot.esp32: SPI Flash Size : 2MB[0m
[0;32mI (53) boot: Enabling RNG early entropy source...[0m
[0;32mI (58) boot: Partition Table:[0m
[0;32mI (62) boot: ## Label            Usage          Type ST Offset   Length[0m
[0;32mI (69) boot:  0 nvs              WiFi data        01 02 00009000 00006000[0m
[0;32mI (76) boot:  1 phy_init         RF data          01 01 0000f000 00001000[0m
[0;32mI (84) boot:  2 factory          factory app      00 00 00010000 00177000[0m
[0;32mI (91) boot: End of partition table[0m
[0;32mI (96) esp_image: segment 0: paddr=00010020 vaddr=3f400020 size=284c0h (165056) map[0m
[0;32mI (161) esp_image: segment 1: paddr=000384e8 vaddr=3ff80063 size=00008h (     8) load[0m
[0;32mI (161) esp_image: segment 2: paddr=000384f8 vaddr=3ffb0000 size=03f94h ( 16276) load[0m
[0;32mI (172) esp_image: segment 3: paddr=0003c494 vaddr=40080000 size=03b84h ( 15236) load[0m
[0;32mI (181) esp_image: segment 4: paddr=00040020 vaddr=400d0020 size=a38a4h (669860) map[0m
[0;32mI (413) esp_image: segment 5: paddr=000e38cc vaddr=40083b84 size=15cach ( 89260) load[0m
[0;32mI (448) esp_image: segment 6: paddr=000f9580 vaddr=400c0000 size=00064h (   100) load[0m
[0;32mI (461) boot: Loaded app from partition at offset 0x10000[0m
[0;32mI (461) boot: Disabling RNG early entropy source...[0m
[0;32mI (473) cpu_start: Multicore app[0m
[0;32mI (482) cpu_start: Pro cpu start user code[0m
[0;32mI (482) cpu_start: cpu freq: 160000000 Hz[0m
[0;32mI (482) app_init: Application information:[0m
[0;32mI (485) app_init: Project name:     PIR[0m
[0;32mI (489) app_init: App version:      1[0m
[0;32mI (493) app_init: Compile time:     Oct 31 2024 19:13:40[0m
[0;32mI (499) app_init: ELF file SHA256:  3dd3236bbfe05fc1...[0m
[0;32mI (505) app_init: ESP-IDF:          v5.3[0m
[0;32mI (510) efuse_init: Min chip rev:     v0.0[0m
[0;32mI (515) efuse_init: Max chip rev:     v3.99 [0m
[0;32mI (520) efuse_init: Chip rev:         v3.0[0m
[0;32mI (525) heap_init: Initializing. RAM available for dynamic allocation:[0m
[0;32mI (532) heap_init: At 3FFAE6E0 len 00001920 (6 KiB): DRAM[0m
[0;32mI (538) heap_init: At 3FFB88B8 len 00027748 (157 KiB): DRAM[0m
[0;32mI (544) heap_init: At 3FFE0440 len 00003AE0 (14 KiB): D/IRAM[0m
[0;32mI (550) heap_init: At 3FFE4350 len 0001BCB0 (111 KiB): D/IRAM[0m
[0;32mI (557) heap_init: At 40099830 len 000067D0 (25 KiB): IRAM[0m
[0;32mI (565) spi_flash: detected chip: generic[0m
[0;32mI (568) spi_flash: flash io: dio[0m
[0;33mW (571) spi_flash: Detected size(4096k) larger than the size in the binary image header(2048k). Using the size in the binary image header.[0m
[0;33mW (585) i2c: This driver is an old driver, please migrate your application code to adapt `driver/i2c_master.h`[0m
[0;32mI (596) main_task: Started on CPU0[0m
[0;32mI (606) main_task: Calling app_main()[0m
[0;32mI (606) progress: [APP] Free memory: 273748 bytes[0m
[0;32mI (606) progress: [APP] IDF version: v5.3[0m
[0;32mI (606) progress: MAC address: 94:3c:c6:d1:42:2c[0m
[0;31mE (626) i2cdev: Could not write to device [0x0b at 0]: 263 (ESP_ERR_TIMEOUT)[0m
[0;31mE (726) i2cdev: Could not write to device [0x0b at 0]: -1 (ESP_FAIL)[0m
[0;31mE (826) i2cdev: Could not write to device [0x0b at 0]: -1 (ESP_FAIL)[0m
[0;31mE (926) i2cdev: Could not write to device [0x0b at 0]: -1 (ESP_FAIL)[0m
[0;31mE (1026) i2cdev: Could not write to device [0x0b at 0]: -1 (ESP_FAIL)[0m
[0;31mE (1126) i2cdev: Could not write to device [0x0b at 0]: -1 (ESP_FAIL)[0m
[0;31mE (1226) i2cdev: Could not write to device [0x0b at 0]: -1 (ESP_FAIL)[0m
[0;31mE (1326) i2cdev: Could not write to device [0x0b at 0]: -1 (ESP_FAIL)[0m
[0;31mE (1426) i2cdev: Could not write to device [0x0b at 0]: -1 (ESP_FAIL)[0m
[0;31mE (1526) i2cdev: Could not write to device [0x0b at 0]: -1 (ESP_FAIL)[0m
[0;31mE (1626) i2cdev: Could not write to device [0x0b at 0]: -1 (ESP_FAIL)[0m
ESP_ERROR_CHECK failed: esp_err_t 0xffffffff (ESP_FAIL) at 0x400d96ef
file: "./main/gauge.c" line 26
func: initialize_lc709203f
expression: lc709203f_set_apa(&lc, 0x2A)

abort() was called at PC 0x4008b6e3 on core 0


Backtrace: 0x40081d4a:0x3ffbb5d0 0x4008b6ed:0x3ffbb5f0 0x40093509:0x3ffbb610 0x4008b6e3:0x3ffbb680 0x400d96ef:0x3ffbb6b0 0x400d9833:0x3ffbb6e0 0x400d8d9c:0x3ffbb720 0x4017183b:0x3ffbb770 0x4008c239:0x3ffbb7a0




ELF file SHA256: 3dd3236bbfe05fc1

Rebooting...
ets Jul 29 2019 12:21:46

rst:0xc (SW_CPU_RESET),boot:0x13 (SPI_FAST_FLASH_BOOT)
configsip: 0, SPIWP:0xee
clk_drv:0x00,q_drv:0x00,d_drv:0x00,cs0_drv:0x00,hd_drv:0x00,wp_drv:0x00
mode:DIO, clock div:2
load:0x3fff0030,len:7176
load:0x40078000,len:15564
ho 0 tail 12 room 4
load:0x40080400,len:4
load:0x40080404,len:3904
entry 0x40080640
[0;32mI (31) boot: ESP-IDF v5.3 2nd stage bootloader[0m
[0;32mI (31) boot: compile time Oct 31 2024 19:13:47[0m
[0;32mI (31) boot: Multicore bootloader[0m
[0;32mI (35) boot: chip revision: v3.0[0m
[0;32mI (39) boot.esp32: SPI Speed      : 40MHz[0m
[0;32mI (44) boot.esp32: SPI Mode       : DIO[0m
[0;32mI (48) boot.esp32: SPI Flash Size : 2MB[0m
[0;32mI (53) boot: Enabling RNG early entropy source...[0m
[0;32mI (58) boot: Partition Table:[0m
[0;32mI (62) boot: ## Label            Usage          Type ST Offset   Length[0m
[0;32mI (69) boot:  0 nvs              WiFi data        01 02 00009000 00006000[0m
[0;32mI (76) boot:  1 phy_init         RF data          01 01 0000f000 00001000[0m
[0;32mI (84) boot:  2 factory          factory app      00 00 00010000 00177000[0m
[0;32mI (91) boot: End of partition table[0m
[0;32mI (96) esp_image: segment 0: paddr=00010020 vaddr=3f400020 size=284c0h (165056) map[0m
[0;32mI (161) esp_image: segment 1: paddr=000384e8 vaddr=3ff80063 size=00008h (     8) load[0m
[0;32mI (161) esp_image: segment 2: paddr=000384f8 vaddr=3ffb0000 size=03f94h ( 16276) load[0m
[0;32mI (172) esp_image: segment 3: paddr=0003c494 vaddr=40080000 size=03b84h ( 15236) load[0m
[0;32mI (181) esp_image: segment 4: paddr=00040020 vaddr=400d0020 size=a38a4h (669860) map[0m
[0;32mI (413) esp_image: segment 5: paddr=000e38cc vaddr=40083b84 size=15cach ( 89260) load[0m
[0;32mI (448) esp_image: segment 6: paddr=000f9580 vaddr=400c0000 size=00064h (   100) load[0m
[0;32mI (461) boot: Loaded app from partition at offset 0x10000[0m
[0;32mI (461) boot: Disabling RNG early entropy source...[0m
[0;32mI (473) cpu_start: Multicore app[0m
[0;32mI (482) cpu_start: Pro cpu start user code[0m
[0;32mI (482) cpu_start: cpu freq: 160000000 Hz[0m
[0;32mI (482) app_init: Application information:[0m
[0;32mI (485) app_init: Project name:     PIR[0m
[0;32mI (489) app_init: App version:      1[0m
[0;32mI (493) app_init: Compile time:     Oct 31 2024 19:13:40[0m
[0;32mI (499) app_init: ELF file SHA256:  3dd3236bbfe05fc1...[0m
[0;32mI (505) app_init: ESP-IDF:          v5.3[0m
[0;32mI (510) efuse_init: Min chip rev:     v0.0[0m
[0;32mI (515) efuse_init: Max chip rev:     v3.99 [0m
[0;32mI (520) efuse_init: Chip rev:         v3.0[0m
[0;32mI (525) heap_init: Initializing. RAM available for dynamic allocation:[0m
[0;32mI (532) heap_init: At 3FFAE6E0 len 00001920 (6 KiB): DRAM[0m
[0;32mI (538) heap_init: At 3FFB88B8 len 00027748 (157 KiB): DRAM[0m
[0;32mI (544) heap_init: At 3FFE0440 len 00003AE0 (14 KiB): D/IRAM[0m
[0;32mI (550) heap_init: At 3FFE4350 len 0001BCB0 (111 KiB): D/IRAM[0m
[0;32mI (557) heap_init: At 40099830 len 000067D0 (25 KiB): IRAM[0m
[0;32mI (565) spi_flash: detected chip: generic[0m
[0;32mI (568) spi_flash: flash io: dio[0m
[0;33mW (571) spi_flash: Detected size(4096k) larger than the size in the binary image header(2048k). Using the size in the binary image header.[0m
[0;33mW (585) i2c: This driver is an old driver, please migrate your application code to adapt `driver/i2c_master.h`[0m
[0;32mI (596) main_task: Started on CPU0[0m
[0;32mI (606) main_task: Calling app_main()[0m
[0;32mI (606) progress: [APP] Free memory: 273748 bytes[0m
[0;32mI (606) progress: [APP] IDF version: v5.3[0m
[0;32mI (606) progress: MAC address: 94:3c:c6:d1:42:2c[0m
[0;31mE (626) i2cdev: Could not write to device [0x0b at 0]: 263 (ESP_ERR_TIMEOUT)[0m
[0;31mE (726) i2cdev: Could not write to device [0x0b at 0]: -1 (ESP_FAIL)[0m
[0;31mE (826) i2cdev: Could not write to device [0x0b at 0]: -1 (ESP_FAIL)[0m
[0;31mE (926) i2cdev: Could not write to device [0x0b at 0]: -1 (ESP_FAIL)[0m
[0;31mE (1026) i2cdev: Could not write to device [0x0b at 0]: -1 (ESP_FAIL)[0m
[0;31mE (1126) i2cdev: Could not write to device [0x0b at 0]: -1 (ESP_FAIL)[0m
[0;31mE (1226) i2cdev: Could not write to device [0x0b at 0]: -1 (ESP_FAIL)[0m
[0;31mE (1326) i2cdev: Could not write to device [0x0b at 0]: -1 (ESP_FAIL)[0m
[0;31mE (1426) i2cdev: Could not write to device [0x0b at 0]: -1 (ESP_FAIL)[0m
[0;31mE (1526) i2cdev: Could not write to device [0x0b at 0]: -1 (ESP_FAIL)[0m
[0;31mE (1626) i2cdev: Could not write to device [0x0b at 0]: -1 (ESP_FAIL)[0m
ESP_ERROR_CHECK failed: esp_err_t 0xffffffff (ESP_FAIL) at 0x400d96ef
file: "./main/gauge.c" line 26
func: initialize_lc709203f
expression: lc709203f_set_apa(&lc, 0x2A)

abort() was called at PC 0x4008b6e3 on core 0


Backtrace: 0x40081d4a:0x3ffbb5d0 0x4008b6ed:0x3ffbb5f0 0x40093509:0x3ffbb610 0x4008b6e3:0x3ffbb680 0x400d96ef:0x3ffbb6b0 0x400d9833:0x3ffbb6e0 0x400d8d9c:0x3ffbb720 0x4017183b:0x3ffbb770 0x4008c239:0x3ffbb7a0




ELF file SHA256: 3dd3236bbfe05fc1

Rebooting...
ets Jul 29 2019 12:21:46

rst:0xc (SW_CPU_RESET),boot:0x13 (SPI_FAST_FLASH_BOOT)
configsip: 0, SPIWP:0xee
clk_drv:0x00,q_drv:0x00,d_drv:0x00,cs0_drv:0x00,hd_drv:0x00,wp_drv:0x00
mode:DIO, clock div:2
load:0x3fff0030,len:7176
load:0x40078000,len:15564
ho 0 tail 12 room 4
load:0x40080400,len:4
load:0x40080404,len:3904
entry 0x40080640
[0;32mI (31) boot: ESP-IDF v5.3 2nd stage bootloader[0m
[0;32mI (31) boot: compile time Oct 31 2024 19:13:47[0m
[0;32mI (31) boot: Multicore bootloader[0m
[0;32mI (35) boot: chip revision: v3.0[0m
[0;32mI (39) boot.esp32: SPI Speed      : 40MHz[0m
[0;32mI (44) boot.esp32: SPI Mode       : DIO[0m
[0;32mI (48) boot.esp32: SPI Flash Size : 2MB[0m
[0;32mI (53) boot: Enabling RNG early entropy source...[0m
[0;32mI (58) boot: Partition Table:[0m
[0;32mI (62) boot: ## Label            Usage          Type ST Offset   Length[0m
[0;32mI (69) boot:  0 nvs              WiFi data        01 02 00009000 00006000[0m
[0;32mI (76) boot:  1 phy_init         RF data          01 01 0000f000 00001000[0m
[0;32mI (84) boot:  2 factory          factory app      00 00 00010000 00177000[0m
[0;32mI (91) boot: End of partition table[0m
[0;32mI (96) esp_image: segment 0: paddr=00010020 vaddr=3f400020 size=284c0h (165056) map[0m
[0;32mI (161) esp_image: segment 1: paddr=000384e8 vaddr=3ff80063 size=00008h (     8) load[0m
[0;32mI (161) esp_image: segment 2: paddr=000384f8 vaddr=3ffb0000 size=03f94h ( 16276) load[0m
[0;32mI (172) esp_image: segment 3: paddr=0003c494 vaddr=40080000 size=03b84h ( 15236) load[0m
[0;32mI (181) esp_image: segment 4: paddr=00040020 vaddr=400d0020 size=a38a4h (669860) map[0m
[0;32mI (413) esp_image: segment 5: paddr=000e38cc vaddr=40083b84 size=15cach ( 89260) load[0m
[0;32mI (448) esp_image: segment 6: paddr=000f9580 vaddr=400c0000 size=00064h (   100) load[0m
[0;32mI (461) boot: Loaded app from partition at offset 0x10000[0m
[0;32mI (461) boot: Disabling RNG early entropy source...[0m
[0;32mI (473) cpu_start: Multicore app[0m
[0;32mI (482) cpu_start: Pro cpu start user code[0m
[0;32mI (482) cpu_start: cpu freq: 160000000 Hz[0m
[0;32mI (482) app_init: Application information:[0m
[0;32mI (485) app_init: Project name:     PIR[0m
[0;32mI (489) app_init: App version:      1[0m
[0;32mI (493) app_init: Compile time:     Oct 31 2024 19:13:40[0m
[0;32mI (499) app_init: ELF file SHA256:  3dd3236bbfe05fc1...[0m
[0;32mI (505) app_init: ESP-IDF:          v5.3[0m
[0;32mI (510) efuse_init: Min chip rev:     v0.0[0m
[0;32mI (515) efuse_init: Max chip rev:     v3.99 [0m
[0;32mI (520) efuse_init: Chip rev:         v3.0[0m
[0;32mI (525) heap_init: Initializing. RAM available for dynamic allocation:[0m
[0;32mI (532) heap_init: At 3FFAE6E0 len 00001920 (6 KiB): DRAM[0m
[0;32mI (538) heap_init: At 3FFB88B8 len 00027748 (157 KiB): DRAM[0m
[0;32mI (544) heap_init: At 3FFE0440 len 00003AE0 (14 KiB): D/IRAM[0m
[0;32mI (550) heap_init: At 3FFE4350 len 0001BCB0 (111 KiB): D/IRAM[0m
[0;32mI (557) heap_init: At 40099830 len 000067D0 (25 KiB): IRAM[0m
[0;32mI (565) spi_flash: detected chip: generic[0m
[0;32mI (568) spi_flash: flash io: dio[0m
[0;33mW (571) spi_flash: Detected size(4096k) larger than the size in the binary image header(2048k). Using the size in the binary image header.[0m
[0;33mW (585) i2c: This driver is an old driver, please migrate your application code to adapt `driver/i2c_master.h`[0m
[0;32mI (596) main_task: Started on CPU0[0m
[0;32mI (606) main_task: Calling app_main()[0m
[0;32mI (606) progress: [APP] Free memory: 273748 bytes[0m
[0;32mI (606) progress: [APP] IDF version: v5.3[0m
[0;32mI (606) progress: MAC address: 94:3c:c6:d1:42:2c[0m
[0;31mE (626) i2cdev: Could not write to device [0x0b at 0]: 263 (ESP_ERR_TIMEOUT)[0m
[0;31mE (726) i2cdev: Could not write to device [0x0b at 0]: -1 (ESP_FAIL)[0m
[0;31mE (826) i2cdev: Could not write to device [0x0b at 0]: -1 (ESP_FAIL)[0m
[0;31mE (926) i2cdev: Could not write to device [0x0b at 0]: -1 (ESP_FAIL)[0m
[0;31mE (1026) i2cdev: Could not write to device [0x0b at 0]: -1 (ESP_FAIL)[0m
[0;31mE (1126) i2cdev: Could not write to device [0x0b at 0]: -1 (ESP_FAIL)[0m
[0;31mE (1226) i2cdev: Could not write to device [0x0b at 0]: -1 (ESP_FAIL)[0m
[0;31mE (1326) i2cdev: Could not write to device [0x0b at 0]: -1 (ESP_FAIL)[0m
[0;31mE (1426) i2cdev: Could not write to device [0x0b at 0]: -1 (ESP_FAIL)[0m
[0;31mE (1526) i2cdev: Could not write to device [0x0b at 0]: -1 (ESP_FAIL)[0m
[0;31mE (1626) i2cdev: Could not write to device [0x0b at 0]: -1 (ESP_FAIL)[0m
ESP_ERROR_CHECK failed: esp_err_t 0xffffffff (ESP_FAIL) at 0x400d96ef
file: "./main/gauge.c" line 26
func: initialize_lc709203f
expression: lc709203f_set_apa(&lc, 0x2A)

abort() was called at PC 0x4008b6e3 on core 0


Backtrace: 0x40081d4a:0x3ffbb5d0 0x4008b6ed:0x3ffbb5f0 0x40093509:0x3ffbb610 0x4008b6e3:0x3ffbb680 0x400d96ef:0x3ffbb6b0 0x400d9833:0x3ffbb6e0 0x400d8d9c:0x3ffbb720 0x4017183b:0x3ffbb770 0x4008c239:0x3ffbb7a0




ELF file SHA256: 3dd3236bbfe05fc1

Rebooting...
ets Jul 29 2019 12:21:46

rst:0xc (SW_CPU_RESET),boot:0x13 (SPI_FAST_FLASH_BOOT)
configsip: 0, SPIWP:0xee
clk_drv:0x00,q_drv:0x00,d_drv:0x00,cs0_drv:0x00,hd_drv:0x00,wp_drv:0x00
mode:DIO, clock div:2
load:0x3fff0030,len:7176
load:0x40078000,len:15564
ho 0 tail 12 room 4
load:0x40080400,len:4
load:0x40080404,len:3904
entry 0x40080640
[0;32mI (31) boot: ESP-IDF v5.3 2nd stage bootloader[0m
[0;32mI (31) boot: compile time Oct 31 2024 19:13:47[0m
[0;32mI (31) boot: Multicore bootloader[0m
[0;32mI (35) boot: chip revision: v3.0[0m
[0;32mI (39) boot.esp32: SPI Speed      : 40MHz[0m
[0;32mI (44) boot.esp32: SPI Mode       : DIO[0m
[0;32mI (48) boot.esp32: SPI Flash Size : 2MB[0m
[0;32mI (53) boot: Enabling RNG early entropy source...[0m
[0;32mI (58) boot: Partition Table:[0m
[0;32mI (62) boot: ## Label            Usage          Type ST Offset   Length[0m
[0;32mI (69) boot:  0 nvs              WiFi data        01 02 00009000 00006000[0m
[0;32mI (76) boot:  1 phy_init         RF data          01 01 0000f000 00001000[0m
[0;32mI (84) boot:  2 factory          factory app      00 00 00010000 00177000[0m
[0;32mI (91) boot: End of partition table[0m
[0;32mI (96) esp_image: segment 0: paddr=00010020 vaddr=3f400020 size=284c0h (165056) map[0m
[0;32mI (161) esp_image: segment 1: paddr=000384e8 vaddr=3ff80063 size=00008h (     8) load[0m
[0;32mI (161) esp_image: segment 2: paddr=000384f8 vaddr=3ffb0000 size=03f94h ( 16276) load[0m
[0;32mI (172) esp_image: segment 3: paddr=0003c494 vaddr=40080000 size=03b84h ( 15236) load[0m
[0;32mI (181) esp_image: segment 4: paddr=00040020 vaddr=400d0020 size=a38a4h (669860) map[0m
[0;32mI (413) esp_image: segment 5: paddr=000e38cc vaddr=40083b84 size=15cach ( 89260) load[0m
[0;32mI (448) esp_image: segment 6: paddr=000f9580 vaddr=400c0000 size=00064h (   100) load[0m
[0;32mI (461) boot: Loaded app from partition at offset 0x10000[0m
[0;32mI (461) boot: Disabling RNG early entropy source...[0m
[0;32mI (473) cpu_start: Multicore app[0m
[0;32mI (482) cpu_start: Pro cpu start user code[0m
[0;32mI (482) cpu_start: cpu freq: 160000000 Hz[0m
[0;32mI (482) app_init: Application information:[0m
[0;32mI (485) app_init: Project name:     PIR[0m
[0;32mI (489) app_init: App version:      1[0m
[0;32mI (493) app_init: Compile time:     Oct 31 2024 19:13:40[0m
[0;32mI (499) app_init: ELF file SHA256:  3dd3236bbfe05fc1...[0m
[0;32mI (505) app_init: ESP-IDF:          v5.3[0m
[0;32mI (510) efuse_init: Min chip rev:     v0.0[0m
[0;32mI (515) efuse_init: Max chip rev:     v3.99 [0m
[0;32mI (520) efuse_init: Chip rev:         v3.0[0m
[0;32mI (525) heap_init: Initializing. RAM available for dynamic allocation:[0m
[0;32mI (532) heap_init: At 3FFAE6E0 len 00001920 (6 KiB): DRAM[0m
[0;32mI (538) heap_init: At 3FFB88B8 len 00027748 (157 KiB): DRAM[0m
[0;32mI (544) heap_init: At 3FFE0440 len 00003AE0 (14 KiB): D/IRAM[0m
[0;32mI (550) heap_init: At 3FFE4350 len 0001BCB0 (111 KiB): D/IRAM[0m
[0;32mI (557) heap_init: At 40099830 len 000067D0 (25 KiB): IRAM[0m
[0;32mI (565) spi_flash: detected chip: generic[0m
[0;32mI (568) spi_flash: flash io: dio[0m
[0;33mW (571) spi_flash: Detected size(4096k) larger than the size in the binary image header(2048k). Using the size in the binary image header.[0m
[0;33mW (585) i2c: This driver is an old driver, please migrate your application code to adapt `driver/i2c_master.h`[0m
[0;32mI (596) main_task: Started on CPU0[0m
[0;32mI (606) main_task: Calling app_main()[0m
[0;32mI (606) progress: [APP] Free memory: 273748 bytes[0m
[0;32mI (606) progress: [APP] IDF version: v5.3[0m
[0;32mI (606) progress: MAC address: 94:3c:c6:d1:42:2c[0m
[0;31mE (626) i2cdev: Could not write to device [0x0b at 0]: 263 (ESP_ERR_TIMEOUT)[0m
[0;31mE (726) i2cdev: Could not write to device [0x0b at 0]: -1 (ESP_FAIL)[0m
[0;31mE (826) i2cdev: Could not write to device [0x0b at 0]: -1 (ESP_FAIL)[0m
[0;31mE (926) i2cdev: Could not write to device [0x0b at 0]: -1 (ESP_FAIL)[0m
[0;31mE (1026) i2cdev: Could not write to device [0x0b at 0]: -1 (ESP_FAIL)[0m
[0;31mE (1126) i2cdev: Could not write to device [0x0b at 0]: -1 (ESP_FAIL)[0m
[0;31mE (1226) i2cdev: Could not write to device [0x0b at 0]: -1 (ESP_FAIL)[0m
[0;31mE (1326) i2cdev: Could not write to device [0x0b at 0]: -1 (ESP_FAIL)[0m
[0;31mE (1426) i2cdev: Could not write to device [0x0b at 0]: -1 (ESP_FAIL)[0m
[0;31mE (1526) i2cdev: Could not write to device [0x0b at 0]: -1 (ESP_FAIL)[0m
[0;31mE (1626) i2cdev: Could not write to device [0x0b at 0]: -1 (ESP_FAIL)[0m
ESP_ERROR_CHECK failed: esp_err_t 0xffffffff (ESP_FAIL) at 0x400d96ef
file: "./main/gauge.c" line 26
func: initialize_lc709203f
expression: lc709203f_set_apa(&lc, 0x2A)

abort() was called at PC 0x4008b6e3 on core 0


Backtrace: 0x40081d4a:0x3ffbb5d0 0x4008b6ed:0x3ffbb5f0 0x40093509:0x3ffbb610 0x4008b6e3:0x3ffbb680 0x400d96ef:0x3ffbb6b0 0x400d9833:0x3ffbb6e0 0x400d8d9c:0x3ffbb720 0x4017183b:0x3ffbb770 0x4008c239:0x3ffbb7a0




ELF file SHA256: 3dd3236bbfe05fc1

Rebooting...
ets Jul 29 2019 12:21:46

rst:0xc (SW_CPU_RESET),boot:0x13 (SPI_FAST_FLASH_BOOT)
configsip: 0, SPIWP:0xee
clk_drv:0x00,q_drv:0x00,d_drv:0x00,cs0_drv:0x00,hd_drv:0x00,wp_drv:0x00
mode:DIO, clock div:2
load:0x3fff0030,len:7176
load:0x40078000,len:15564
ho 0 tail 12 room 4
load:0x40080400,len:4
load:0x40080404,len:3904
entry 0x40080640
[0;32mI (31) boot: ESP-IDF v5.3 2nd stage bootloader[0m
[0;32mI (31) boot: compile time Oct 31 2024 19:13:47[0m
[0;32mI (31) boot: Multicore bootloader[0m
[0;32mI (35) boot: chip revision: v3.0[0m
[0;32mI (39) boot.esp32: SPI Speed      : 40MHz[0m
[0;32mI (44) boot.esp32: SPI Mode       : DIO[0m
[0;32mI (48) boot.esp32: SPI Flash Size : 2MB[0m
[0;32mI (53) boot: Enabling RNG early entropy source...[0m
[0;32mI (58) boot: Partition Table:[0m
[0;32mI (62) boot: ## Label            Usage          Type ST Offset   Length[0m
[0;32mI (69) boot:  0 nvs              WiFi data        01 02 00009000 00006000[0m
[0;32mI (76) boot:  1 phy_init         RF data          01 01 0000f000 00001000[0m
[0;32mI (84) boot:  2 factory          factory app      00 00 00010000 00177000[0m
[0;32mI (91) boot: End of partition table[0m
[0;32mI (96) esp_image: segment 0: paddr=00010020 vaddr=3f400020 size=284c0h (165056) map[0m
[0;32mI (161) esp_image: segment 1: paddr=000384e8 vaddr=3ff80063 size=00008h (     8) load[0m
[0;32mI (161) esp_image: segment 2: paddr=000384f8 vaddr=3ffb0000 size=03f94h ( 16276) load[0m
[0;32mI (172) esp_image: segment 3: paddr=0003c494 vaddr=40080000 size=03b84h ( 15236) load[0m
[0;32mI (181) esp_image: segment 4: paddr=00040020 vaddr=400d0020 size=a38a4h (669860) map[0m
[0;32mI (413) esp_image: segment 5: paddr=000e38cc vaddr=40083b84 size=15cach ( 89260) load[0m
[0;32mI (448) esp_image: segment 6: paddr=000f9580 vaddr=400c0000 size=00064h (   100) load[0m
[0;32mI (461) boot: Loaded app from partition at offset 0x10000[0m
[0;32mI (461) boot: Disabling RNG early entropy source...[0m
[0;32mI (473) cpu_start: Multicore app[0m
[0;32mI (482) cpu_start: Pro cpu start user code[0m
[0;32mI (482) cpu_start: cpu freq: 160000000 Hz[0m
[0;32mI (482) app_init: Application information:[0m
[0;32mI (485) app_init: Project name:     PIR[0m
[0;32mI (489) app_init: App version:      1[0m
[0;32mI (493) app_init: Compile time:     Oct 31 2024 19:13:40[0m
[0;32mI (499) app_init: ELF file SHA256:  3dd3236bbfe05fc1...[0m
[0;32mI (505) app_init: ESP-IDF:          v5.3[0m
[0;32mI (510) efuse_init: Min chip rev:     v0.0[0m
[0;32mI (515) efuse_init: Max chip rev:     v3.99 [0m
[0;32mI (520) efuse_init: Chip rev:         v3.0[0m
[0;32mI (525) heap_init: Initializing. RAM available for dynamic allocation:[0m
[0;32mI (532) heap_init: At 3FFAE6E0 len 00001920 (6 KiB): DRAM[0m
[0;32mI (538) heap_init: At 3FFB88B8 len 00027748 (157 KiB): DRAM[0m
[0;32mI (544) heap_init: At 3FFE0440 len 00003AE0 (14 KiB): D/IRAM[0m
[0;32mI (550) heap_init: At 3FFE4350 len 0001BCB0 (111 KiB): D/IRAM[0m
[0;32mI (557) heap_init: At 40099830 len 000067D0 (25 KiB): IRAM[0m
[0;32mI (565) spi_flash: detected chip: generic[0m
[0;32mI (568) spi_flash: flash io: dio[0m
[0;33mW (571) spi_flash: Detected size(4096k) larger than the size in the binary image header(2048k). Using the size in the binary image header.[0m
[0;33mW (585) i2c: This driver is an old driver, please migrate your application code to adapt `driver/i2c_master.h`[0m
[0;32mI (596) main_task: Started on CPU0[0m
[0;32mI (606) main_task: Calling app_main()[0m
[0;32mI (606) progress: [APP] Free memory: 273748 bytes[0m
[0;32mI (606) progress: [APP] IDF version: v5.3[0m
[0;32mI (606) progress: MAC address: 94:3c:c6:d1:42:2c[0m
[0;31mE (626) i2cdev: Could not write to device [0x0b at 0]: 263 (ESP_ERR_TIMEOUT)[0m
[0;31mE (726) i2cdev: Could not write to device [0x0b at 0]: -1 (ESP_FAIL)[0m
[0;31mE (826) i2cdev: Could not write to device [0x0b at 0]: -1 (ESP_FAIL)[0m
[0;31mE (926) i2cdev: Could not write to device [0x0b at 0]: -1 (ESP_FAIL)[0m
[0;31mE (1026) i2cdev: Could not write to device [0x0b at 0]: -1 (ESP_FAIL)[0m
[0;31mE (1126) i2cdev: Could not write to device [0x0b at 0]: -1 (ESP_FAIL)[0m
[0;31mE (1226) i2cdev: Could not write to device [0x0b at 0]: -1 (ESP_FAIL)[0m
[0;31mE (1326) i2cdev: Could not write to device [0x0b at 0]: -1 (ESP_FAIL)[0m
[0;31mE (1426) i2cdev: Could not write to device [0x0b at 0]: -1 (ESP_FAIL)[0m
[0;31mE (1526) i2cdev: Could not write to device [0x0b at 0]: -1 (ESP_FAIL)[0m
[0;31mE (1626) i2cdev: Could not write to device [0x0b at 0]: -1 (ESP_FAIL)[0m
ESP_ERROR_CHECK failed: esp_err_t 0xffffffff (ESP_FAIL) at 0x400d96ef
file: "./main/gauge.c" line 26
func: initialize_lc709203f
expression: lc709203f_set_apa(&lc, 0x2A)

abort() was called at PC 0x4008b6e3 on core 0


Backtrace: 0x40081d4a:0x3ffbb5d0 0x4008b6ed:0x3ffbb5f0 0x40093509:0x3ffbb610 0x4008b6e3:0x3ffbb680 0x400d96ef:0x3ffbb6b0 0x400d9833:0x3ffbb6e0 0x400d8d9c:0x3ffbb720 0x4017183b:0x3ffbb770 0x4008c239:0x3ffbb7a0




ELF file SHA256: 3dd3236bbfe05fc1

Rebooting...
ets Jul 29 2019 12:21:46

rst:0xc (SW_CPU_RESET),boot:0x13 (SPI_FAST_FLASH_BOOT)
configsip: 0, SPIWP:0xee
clk_drv:0x00,q_drv:0x00,d_drv:0x00,cs0_drv:0x00,hd_drv:0x00,wp_drv:0x00
mode:DIO, clock div:2
load:0x3fff0030,len:7176
load:0x40078000,len:15564
ho 0 tail 12 room 4
load:0x40080400,len:4
load:0x40080404,len:3904
entry 0x40080640
[0;32mI (31) boot: ESP-IDF v5.3 2nd stage bootloader[0m
[0;32mI (31) boot: compile time Oct 31 2024 19:13:47[0m
[0;32mI (31) boot: Multicore bootloader[0m
[0;32mI (35) boot: chip revision: v3.0[0m
[0;32mI (39) boot.esp32: SPI Speed      : 40MHz[0m
[0;32mI (44) boot.esp32: SPI Mode       : DIO[0m
[0;32mI (48) boot.esp32: SPI Flash Size : 2MB[0m
[0;32mI (53) boot: Enabling RNG early entropy source...[0m
[0;32mI (58) boot: Partition Table:[0m
[0;32mI (62) boot: ## Label            Usage          Type ST Offset   Length[0m
[0;32mI (69) boot:  0 nvs              WiFi data        01 02 00009000 00006000[0m
[0;32mI (76) boot:  1 phy_init         RF data          01 01 0000f000 00001000[0m
[0;32mI (84) boot:  2 factory          factory app      00 00 00010000 00177000[0m
[0;32mI (91) boot: End of partition table[0m
[0;32mI (96) esp_image: segment 0: paddr=00010020 vaddr=3f400020 size=284c0h (165056) map[0m
[0;32mI (161) esp_image: segment 1: paddr=000384e8 vaddr=3ff80063 size=00008h (     8) load[0m
[0;32mI (161) esp_image: segment 2: paddr=000384f8 vaddr=3ffb0000 size=03f94h ( 16276) load[0m
[0;32mI (172) esp_image: segment 3: paddr=0003c494 vaddr=40080000 size=03b84h ( 15236) load[0m
[0;32mI (181) esp_image: segment 4: paddr=00040020 vaddr=400d0020 size=a38a4h (669860) map[0m
[0;32mI (413) esp_image: segment 5: paddr=000e38cc vaddr=40083b84 size=15cach ( 89260) load[0m
[0;32mI (448) esp_image: segment 6: paddr=000f9580 vaddr=400c0000 size=00064h (   100) load[0m
[0;32mI (461) boot: Loaded app from partition at offset 0x10000[0m
[0;32mI (461) boot: Disabling RNG early entropy source...[0m
[0;32mI (473) cpu_start: Multicore app[0m
[0;32mI (482) cpu_start: Pro cpu start user code[0m
[0;32mI (482) cpu_start: cpu freq: 160000000 Hz[0m
[0;32mI (482) app_init: Application information:[0m
[0;32mI (485) app_init: Project name:     PIR[0m
[0;32mI (489) app_init: App version:      1[0m
[0;32mI (493) app_init: Compile time:     Oct 31 2024 19:13:40[0m
[0;32mI (499) app_init: ELF file SHA256:  3dd3236bbfe05fc1...[0m
[0;32mI (505) app_init: ESP-IDF:          v5.3[0m
[0;32mI (510) efuse_init: Min chip rev:     v0.0[0m
[0;32mI (515) efuse_init: Max chip rev:     v3.99 [0m
[0;32mI (520) efuse_init: Chip rev:         v3.0[0m
[0;32mI (525) heap_init: Initializing. RAM available for dynamic allocation:[0m
[0;32mI (532) heap_init: At 3FFAE6E0 len 00001920 (6 KiB): DRAM[0m
[0;32mI (538) heap_init: At 3FFB88B8 len 00027748 (157 KiB): DRAM[0m
[0;32mI (544) heap_init: At 3FFE0440 len 00003AE0 (14 KiB): D/IRAM[0m
[0;32mI (550) heap_init: At 3FFE4350 len 0001BCB0 (111 KiB): D/IRAM[0m
[0;32mI (557) heap_init: At 40099830 len 000067D0 (25 KiB): IRAM[0m
[0;32mI (565) spi_flash: detected chip: generic[0m
[0;32mI (568) spi_flash: flash io: dio[0m
[0;33mW (571) spi_flash: Detected size(4096k) larger than the size in the binary image header(2048k). Using the size in the binary image header.[0m
[0;33mW (585) i2c: This driver is an old driver, please migrate your application code to adapt `driver/i2c_master.h`[0m
[0;32mI (596) main_task: Started on CPU0[0m
[0;32mI (606) main_task: Calling app_main()[0m
[0;32mI (606) progress: [APP] Free memory: 273748 bytes[0m
[0;32mI (606) progress: [APP] IDF version: v5.3[0m
[0;32mI (606) progress: MAC address: 94:3c:c6:d1:42:2c[0m
[0;31mE (626) i2cdev: Could not write to device [0x0b at 0]: 263 (ESP_ERR_TIMEOUT)[0m
[0;31mE (726) i2cdev: Could not write to device [0x0b at 0]: -1 (ESP_FAIL)[0m
[0;31mE (826) i2cdev: Could not write to device [0x0b at 0]: -1 (ESP_FAIL)[0m
[0;31mE (926) i2cdev: Could not write to device [0x0b at 0]: -1 (ESP_FAIL)[0m
[0;31mE (1026) i2cdev: Could not write to device [0x0b at 0]: -1 (ESP_FAIL)[0m
[0;31mE (1126) i2cdev: Could not write to device [0x0b at 0]: -1 (ESP_FAIL)[0m
[0;31mE (1226) i2cdev: Could not write to device [0x0b at 0]: -1 (ESP_FAIL)[0m
[0;31mE (1326) i2cdev: Could not write to device [0x0b at 0]: -1 (ESP_FAIL)[0m
[0;31mE (1426) i2cdev: Could not write to device [0x0b at 0]: -1 (ESP_FAIL)[0m
[0;31mE (1526) i2cdev: Could not write to device [0x0b at 0]: -1 (ESP_FAIL)[0m
[0;31mE (1626) i2cdev: Could not write to device [0x0b at 0]: -1 (ESP_FAIL)[0m
ESP_ERROR_CHECK failed: esp_err_t 0xffffffff (ESP_FAIL) at 0x400d96ef
file: "./main/gauge.c" line 26
func: initialize_lc709203f
expression: lc709203f_set_apa(&lc, 0x2A)

abort() was called at PC 0x4008b6e3 on core 0


Backtrace: 0x40081d4a:0x3ffbb5d0 0x4008b6ed:0x3ffbb5f0 0x40093509:0x3ffbb610 0x4008b6e3:0x3ffbb680 0x400d96ef:0x3ffbb6b0 0x400d9833:0x3ffbb6e0 0x400d8d9c:0x3ffbb720 0x4017183b:0x3ffbb770 0x4008c239:0x3ffbb7a0




ELF file SHA256: 3dd3236bbfe05fc1

Rebooting...
ets Jul 29 2019 12:21:46

rst:0xc (SW_CPU_RESET),boot:0x13 (SPI_FAST_FLASH_BOOT)
configsip: 0, SPIWP:0xee
clk_drv:0x00,q_drv:0x00,d_drv:0x00,cs0_drv:0x00,hd_drv:0x00,wp_drv:0x00
mode:DIO, clock div:2
load:0x3fff0030,len:7176
load:0x40078000,len:15564
ho 0 tail 12 room 4
load:0x40080400,len:4
load:0x40080404,len:3904
entry 0x40080640
[0;32mI (31) boot: ESP-IDF v5.3 2nd stage bootloader[0m
[0;32mI (31) boot: compile time Oct 31 2024 19:13:47[0m
[0;32mI (31) boot: Multicore bootloader[0m
[0;32mI (35) boot: chip revision: v3.0[0m
[0;32mI (39) boot.esp32: SPI Speed      : 40MHz[0m
[0;32mI (44) boot.esp32: SPI Mode       : DIO[0m
[0;32mI (48) boot.esp32: SPI Flash Size : 2MB[0m
[0;32mI (53) boot: Enabling RNG early entropy source...[0m
[0;32mI (58) boot: Partition Table:[0m
[0;32mI (62) boot: ## Label            Usage          Type ST Offset   Length[0m
[0;32mI (69) boot:  0 nvs              WiFi data        01 02 00009000 00006000[0m
[0;32mI (76) boot:  1 phy_init         RF data          01 01 0000f000 00001000[0m
[0;32mI (84) boot:  2 factory          factory app      00 00 00010000 00177000[0m
[0;32mI (91) boot: End of partition table[0m
[0;32mI (96) esp_image: segment 0: paddr=00010020 vaddr=3f400020 size=284c0h (165056) map[0m
[0;32mI (161) esp_image: segment 1: paddr=000384e8 vaddr=3ff80063 size=00008h (     8) load[0m
[0;32mI (161) esp_image: segment 2: paddr=000384f8 vaddr=3ffb0000 size=03f94h ( 16276) load[0m
[0;32mI (172) esp_image: segment 3: paddr=0003c494 vaddr=40080000 size=03b84h ( 15236) load[0m
[0;32mI (181) esp_image: segment 4: paddr=00040020 vaddr=400d0020 size=a38a4h (669860) map[0m
[0;32mI (413) esp_image: segment 5: paddr=000e38cc vaddr=40083b84 size=15cach ( 89260) load[0m
[0;32mI (448) esp_image: segment 6: paddr=000f9580 vaddr=400c0000 size=00064h (   100) load[0m
[0;32mI (461) boot: Loaded app from partition at offset 0x10000[0m
[0;32mI (461) boot: Disabling RNG early entropy source...[0m
[0;32mI (473) cpu_start: Multicore app[0m
[0;32mI (482) cpu_start: Pro cpu start user code[0m
[0;32mI (482) cpu_start: cpu freq: 160000000 Hz[0m
[0;32mI (482) app_init: Application information:[0m
[0;32mI (485) app_init: Project name:     PIR[0m
[0;32mI (489) app_init: App version:      1[0m
[0;32mI (493) app_init: Compile time:     Oct 31 2024 19:13:40[0m
[0;32mI (499) app_init: ELF file SHA256:  3dd3236bbfe05fc1...[0m
[0;32mI (505) app_init: ESP-IDF:          v5.3[0m
[0;32mI (510) efuse_init: Min chip rev:     v0.0[0m
[0;32mI (515) efuse_init: Max chip rev:     v3.99 [0m
[0;32mI (520) efuse_init: Chip rev:         v3.0[0m
[0;32mI (525) heap_init: Initializing. RAM available for dynamic allocation:[0m
[0;32mI (532) heap_init: At 3FFAE6E0 len 00001920 (6 KiB): DRAM[0m
[0;32mI (538) heap_init: At 3FFB88B8 len 00027748 (157 KiB): DRAM[0m
[0;32mI (544) heap_init: At 3FFE0440 len 00003AE0 (14 KiB): D/IRAM[0m
[0;32mI (550) heap_init: At 3FFE4350 len 0001BCB0 (111 KiB): D/IRAM[0m
[0;32mI (557) heap_init: At 40099830 len 000067D0 (25 KiB): IRAM[0m
[0;32mI (565) spi_flash: detected chip: generic[0m
[0;32mI (568) spi_flash: flash io: dio[0m
[0;33mW (571) spi_flash: Detected size(4096k) larger than the size in the binary image header(2048k). Using the size in the binary image header.[0m
[0;33mW (585) i2c: This driver is an old driver, please migrate your application code to adapt `driver/i2c_master.h`[0m
[0;32mI (596) main_task: Started on CPU0[0m
[0;32mI (606) main_task: Calling app_main()[0m
[0;32mI (606) progress: [APP] Free memory: 273748 bytes[0m
[0;32mI (606) progress: [APP] IDF version: v5.3[0m
[0;32mI (606) progress: MAC address: 94:3c:c6:d1:42:2c[0m
[0;31mE (626) i2cdev: Could not write to device [0x0b at 0]: 263 (ESP_ERR_TIMEOUT)[0m
[0;31mE (726) i2cdev: Could not write to device [0x0b at 0]: -1 (ESP_FAIL)[0m
[0;31mE (826) i2cdev: Could not write to device [0x0b at 0]: -1 (ESP_FAIL)[0m
[0;31mE (926) i2cdev: Could not write to device [0x0b at 0]: -1 (ESP_FAIL)[0m
[0;31mE (1026) i2cdev: Could not write to device [0x0b at 0]: -1 (ESP_FAIL)[0m
[0;31mE (1126) i2cdev: Could not write to device [0x0b at 0]: -1 (ESP_FAIL)[0m
[0;31mE (1226) i2cdev: Could not write to device [0x0b at 0]: -1 (ESP_FAIL)[0m
[0;31mE (1326) i2cdev: Could not write to device [0x0b at 0]: -1 (ESP_FAIL)[0m
[0;31mE (1426) i2cdev: Could not write to device [0x0b at 0]: -1 (ESP_FAIL)[0m
[0;31mE (1526) i2cdev: Could not write to device [0x0b at 0]: -1 (ESP_FAIL)[0m
[0;31mE (1626) i2cdev: Could not write to device [0x0b at 0]: -1 (ESP_FAIL)[0m
ESP_ERROR_CHECK failed: esp_err_t 0xffffffff (ESP_FAIL) at 0x400d96ef
file: "./main/gauge.c" line 26
func: initialize_lc709203f
expression: lc709203f_set_apa(&lc, 0x2A)

abort() was called at PC 0x4008b6e3 on core 0


Backtrace: 0x40081d4a:0x3ffbb5d0 0x4008b6ed:0x3ffbb5f0 0x40093509:0x3ffbb610 0x4008b6e3:0x3ffbb680 0x400d96ef:0x3ffbb6b0 0x400d9833:0x3ffbb6e0 0x400d8d9c:0x3ffbb720 0x4017183b:0x3ffbb770 0x4008c239:0x3ffbb7a0




ELF file SHA256: 3dd3236bbfe05fc1

Rebooting...
ets Jul 29 2019 12:21:46

rst:0xc (SW_CPU_RESET),boot:0x13 (SPI_FAST_FLASH_BOOT)
configsip: 0, SPIWP:0xee
clk_drv:0x00,q_drv:0x00,d_drv:0x00,cs0_drv:0x00,hd_drv:0x00,wp_drv:0x00
mode:DIO, clock div:2
load:0x3fff0030,len:7176
load:0x40078000,len:15564
ho 0 tail 12 room 4
load:0x40080400,len:4
load:0x40080404,len:3904
entry 0x40080640
[0;32mI (31) boot: ESP-IDF v5.3 2nd stage bootloader[0m
[0;32mI (31) boot: compile time Oct 31 2024 19:13:47[0m
[0;32mI (31) boot: Multicore bootloader[0m
[0;32mI (35) boot: chip revision: v3.0[0m
[0;32mI (39) boot.esp32: SPI Speed      : 40MHz[0m
[0;32mI (44) boot.esp32: SPI Mode       : DIO[0m
[0;32mI (48) boot.esp32: SPI Flash Size : 2MB[0m
[0;32mI (53) boot: Enabling RNG early entropy source...[0m
[0;32mI (58) boot: Partition Table:[0m
[0;32mI (62) boot: ## Label            Usage          Type ST Offset   Length[0m
[0;32mI (69) boot:  0 nvs              WiFi data        01 02 00009000 00006000[0m
[0;32mI (76) boot:  1 phy_init         RF data          01 01 0000f000 00001000[0m
[0;32mI (84) boot:  2 factory          factory app      00 00 00010000 00177000[0m
[0;32mI (91) boot: End of partition table[0m
[0;32mI (96) esp_image: segment 0: paddr=00010020 vaddr=3f400020 size=284c0h (165056) map[0m
[0;32mI (161) esp_image: segment 1: paddr=000384e8 vaddr=3ff80063 size=00008h (     8) load[0m
[0;32mI (161) esp_image: segment 2: paddr=000384f8 vaddr=3ffb0000 size=03f94h ( 16276) load[0m
[0;32mI (172) esp_image: segment 3: paddr=0003c494 vaddr=40080000 size=03b84h ( 15236) load[0m
[0;32mI (181) esp_image: segment 4: paddr=00040020 vaddr=400d0020 size=a38a4h (669860) map[0m
[0;32mI (413) esp_image: segment 5: paddr=000e38cc vaddr=40083b84 size=15cach ( 89260) load[0m
[0;32mI (448) esp_image: segment 6: paddr=000f9580 vaddr=400c0000 size=00064h (   100) load[0m
[0;32mI (461) boot: Loaded app from partition at offset 0x10000[0m
[0;32mI (461) boot: Disabling RNG early entropy source...[0m
[0;32mI (473) cpu_start: Multicore app[0m
[0;32mI (482) cpu_start: Pro cpu start user code[0m
[0;32mI (482) cpu_start: cpu freq: 160000000 Hz[0m
[0;32mI (482) app_init: Application information:[0m
[0;32mI (485) app_init: Project name:     PIR[0m
[0;32mI (489) app_init: App version:      1[0m
[0;32mI (493) app_init: Compile time:     Oct 31 2024 19:13:40[0m
[0;32mI (499) app_init: ELF file SHA256:  3dd3236bbfe05fc1...[0m
[0;32mI (505) app_init: ESP-IDF:          v5.3[0m
[0;32mI (510) efuse_init: Min chip rev:     v0.0[0m
[0;32mI (515) efuse_init: Max chip rev:     v3.99 [0m
[0;32mI (520) efuse_init: Chip rev:         v3.0[0m
[0;32mI (525) heap_init: Initializing. RAM available for dynamic allocation:[0m
[0;32mI (532) heap_init: At 3FFAE6E0 len 00001920 (6 KiB): DRAM[0m
[0;32mI (538) heap_init: At 3FFB88B8 len 00027748 (157 KiB): DRAM[0m
[0;32mI (544) heap_init: At 3FFE0440 len 00003AE0 (14 KiB): D/IRAM[0m
[0;32mI (550) heap_init: At 3FFE4350 len 0001BCB0 (111 KiB): D/IRAM[0m
[0;32mI (557) heap_init: At 40099830 len 000067D0 (25 KiB): IRAM[0m
[0;32mI (565) spi_flash: detected chip: generic[0m
[0;32mI (568) spi_flash: flash io: dio[0m
[0;33mW (571) spi_flash: Detected size(4096k) larger than the size in the binary image header(2048k). Using the size in the binary image header.[0m
[0;33mW (585) i2c: This driver is an old driver, please migrate your application code to adapt `driver/i2c_master.h`[0m
[0;32mI (596) main_task: Started on CPU0[0m
[0;32mI (606) main_task: Calling app_main()[0m
[0;32mI (606) progress: [APP] Free memory: 273748 bytes[0m
[0;32mI (606) progress: [APP] IDF version: v5.3[0m
[0;32mI (606) progress: MAC address: 94:3c:c6:d1:42:2c[0m
[0;31mE (626) i2cdev: Could not write to device [0x0b at 0]: 263 (ESP_ERR_TIMEOUT)[0m
[0;31mE (726) i2cdev: Could not write to device [0x0b at 0]: -1 (ESP_FAIL)[0m
[0;31mE (826) i2cdev: Could not write to device [0x0b at 0]: -1 (ESP_FAIL)[0m
[0;31mE (926) i2cdev: Could not write to device [0x0b at 0]: -1 (ESP_FAIL)[0m
[0;31mE (1026) i2cdev: Could not write to device [0x0b at 0]: -1 (ESP_FAIL)[0m
[0;31mE (1126) i2cdev: Could not write to device [0x0b at 0]: -1 (ESP_FAIL)[0m
[0;31mE (1226) i2cdev: Could not write to device [0x0b at 0]: -1 (ESP_FAIL)[0m
[0;31mE (1326) i2cdev: Could not write to device [0x0b at 0]: -1 (ESP_FAIL)[0m
[0;31mE (1426) i2cdev: Could not write to device [0x0b at 0]: -1 (ESP_FAIL)[0m
[0;31mE (1526) i2cdev: Could not write to device [0x0b at 0]: -1 (ESP_FAIL)[0m
[0;31mE (1626) i2cdev: Could not write to device [0x0b at 0]: -1 (ESP_FAIL)[0m
ESP_ERROR_CHECK failed: esp_err_t 0xffffffff (ESP_FAIL) at 0x400d96ef
file: "./main/gauge.c" line 26
func: initialize_lc709203f
expression: lc709203f_set_apa(&lc, 0x2A)

abort() was called at PC 0x4008b6e3 on core 0


Backtrace: 0x40081d4a:0x3ffbb5d0 0x4008b6ed:0x3ffbb5f0 0x40093509:0x3ffbb610 0x4008b6e3:0x3ffbb680 0x400d96ef:0x3ffbb6b0 0x400d9833:0x3ffbb6e0 0x400d8d9c:0x3ffbb720 0x4017183b:0x3ffbb770 0x4008c239:0x3ffbb7a0




ELF file SHA256: 3dd3236bbfe05fc1

Rebooting...
ets Jul 29 2019 12:21:46

rst:0xc (SW_CPU_RESET),boot:0x13 (SPI_FAST_FLASH_BOOT)
configsip: 0, SPIWP:0xee
clk_drv:0x00,q_drv:0x00,d_drv:0x00,cs0_drv:0x00,hd_drv:0x00,wp_drv:0x00
mode:DIO, clock div:2
load:0x3fff0030,len:7176
load:0x40078000,len:15564
ho 0 tail 12 room 4
load:0x40080400,len:4
load:0x40080404,len:3904
entry 0x40080640
[0;32mI (31) boot: ESP-IDF v5.3 2nd stage bootloader[0m
[0;32mI (31) boot: compile time Oct 31 2024 19:13:47[0m
[0;32mI (31) boot: Multicore bootloader[0m
[0;32mI (35) boot: chip revision: v3.0[0m
[0;32mI (39) boot.esp32: SPI Speed      : 40MHz[0m
[0;32mI (44) boot.esp32: SPI Mode       : DIO[0m
[0;32mI (48) boot.esp32: SPI Flash Size : 2MB[0m
[0;32mI (53) boot: Enabling RNG early entropy source...[0m
[0;32mI (58) boot: Partition Table:[0m
[0;32mI (62) boot: ## Label            Usage          Type ST Offset   Length[0m
[0;32mI (69) boot:  0 nvs              WiFi data        01 02 00009000 00006000[0m
[0;32mI (76) boot:  1 phy_init         RF data          01 01 0000