ets Jul 29 2019 12:21:46

rst:0x1 (POWERON_RESET),boot:0x13 (SPI_FAST_FLASH_BOOT)
configsip: 0, SPIWP:0xee
clk_drv:0x00,q_drv:0x00,d_drv:0x00,cs0_drv:0x00,hd_drv:0x00,wp_drv:0x00
mode:DIO, clock div:2
load:0x3fff0030,len:7176
load:0x40078000,len:15564
ho 0 tail 12 room 4
load:0x40080400,len:4
load:0x40080404,len:3904
entry 0x40080640
[0;32mI (31) boot: ESP-IDF v5.3 2nd stage bootloader[0m
[0;32mI (31) boot: compile time Oct 31 2024 19:13:47[0m
[0;32mI (31) boot: Multicore bootloader[0m
[0;32mI (35) boot: chip revision: v3.0[0m
[0;32mI (39) boot.esp32: SPI Speed      : 40MHz[0m
[0;32mI (44) boot.esp32: SPI Mode       : DIO[0m
[0;32mI (48) boot.esp32: SPI Flash Size : 2MB[0m
[0;32mI (53) boot: Enabling RNG early entropy source...[0m
[0;32mI (58) boot: Partition Table:[0m
[0;32mI (62) boot: ## Label            Usage          Type ST Offset   Length[0m
[0;32mI (69) boot:  0 nvs              WiFi data        01 02 00009000 00006000[0m
[0;32mI (76) boot:  1 phy_init         RF data          01 01 0000f000 00001000[0m
[0;32mI (84) boot:  2 factory          factory app      00 00 00010000 00177000[0m
[0;32mI (91) boot: End of partition table[0m
[0;32mI (96) esp_image: segment 0: paddr=00010020 vaddr=3f400020 size=287a8h (165800) map[0m
[0;32mI (161) esp_image: segment 1: paddr=000387d0 vaddr=3ff80063 size=00008h (     8) load[0m
[0;32mI (161) esp_image: segment 2: paddr=000387e0 vaddr=3ffb0000 size=03f94h ( 16276) load[0m
[0;32mI (173) esp_image: segment 3: paddr=0003c77c vaddr=40080000 size=0389ch ( 14492) load[0m
[0;32mI (181) esp_image: segment 4: paddr=00040020 vaddr=400d0020 size=a4064h (671844) map[0m
[0;32mI (414) esp_image: segment 5: paddr=000e408c vaddr=4008389c size=15f94h ( 90004) load[0m
[0;32mI (449) esp_image: segment 6: paddr=000fa028 vaddr=400c0000 size=00064h (   100) load[0m
[0;32mI (462) boot: Loaded app from partition at offset 0x10000[0m
[0;32mI (462) boot: Disabling RNG early entropy source...[0m
[0;32mI (474) cpu_start: Multicore app[0m
[0;32mI (483) cpu_start: Pro cpu start user code[0m
[0;32mI (483) cpu_start: cpu freq: 160000000 Hz[0m
[0;32mI (483) app_init: Application information:[0m
[0;32mI (486) app_init: Project name:     PIR[0m
[0;32mI (490) app_init: App version:      1[0m
[0;32mI (495) app_init: Compile time:     Oct 31 2024 20:01:10[0m
[0;32mI (501) app_init: ELF file SHA256:  6f064d0451ae43b5...[0m
[0;32mI (507) app_init: ESP-IDF:          v5.3[0m
[0;32mI (511) efuse_init: Min chip rev:     v0.0[0m
[0;32mI (516) efuse_init: Max chip rev:     v3.99 [0m
[0;32mI (521) efuse_init: Chip rev:         v3.0[0m
[0;32mI (526) heap_init: Initializing. RAM available for dynamic allocation:[0m
[0;32mI (533) heap_init: At 3FFAE6E0 len 00001920 (6 KiB): DRAM[0m
[0;32mI (539) heap_init: At 3FFB88B8 len 00027748 (157 KiB): DRAM[0m
[0;32mI (545) heap_init: At 3FFE0440 len 00003AE0 (14 KiB): D/IRAM[0m
[0;32mI (552) heap_init: At 3FFE4350 len 0001BCB0 (111 KiB): D/IRAM[0m
[0;32mI (558) heap_init: At 40099830 len 000067D0 (25 KiB): IRAM[0m
[0;32mI (566) spi_flash: detected chip: generic[0m
[0;32mI (569) spi_flash: flash io: dio[0m
[0;33mW (573) spi_flash: Detected size(4096k) larger than the size in the binary image header(2048k). Using the size in the binary image header.[0m
[0;33mW (586) i2c: This driver is an old driver, please migrate your application code to adapt `driver/i2c_master.h`[0m
[0;32mI (597) main_task: Started on CPU0[0m
[0;32mI (607) main_task: Calling app_main()[0m
[0;32mI (607) progress: [APP] Free memory: 273748 bytes[0m
[0;32mI (607) progress: [APP] IDF version: v5.3[0m
[0;32mI (607) progress: MAC address: ec:62:60:bc:e8:50[0m
[0;31mE (617) i2cdev: Could not write to device [0x0b at 0]: -1 (ESP_FAIL)[0m
[0;32mI (737) gauge: Power Mode: 0x1[0m
[0;32mI (737) gauge: APA: 0x2A[0m
[0;32mI (737) gauge: Battery Profile: 0x1[0m
[0;32mI (737) gauge: Temp Mode: 0x0[0m
[0;32mI (747) gauge: Voltage: 4.18	RSOC: 100.0%[0m
[0;32mI (767) progress: Starting Wifi[0m
[0;32mI (3607) progress: Starting Clock[0m
[0;32mI (5607) progress: The current date/time in Germany is: Thu Oct 31 23:42:26 2024[0m
[0;32mI (5607) progress: Starting MQTT[0m
[0;32mI (5607) mqtt: Device Key: eyJhbGciOiJSUzI1NiIsInR5cCI6IkpXVCJ9.eyJpYXQiOjE3MzAzODAxNTYsImlzcyI6ImlvdHBsYXRmb3JtIiwic3ViIjoiMS80In0.pz7e__yvBeb-xrVAXNlY_6-GPg0PBvrMOzxsG9re_ohsAMgKnVddBFwaaRB15P07J-D4_s_1KpHDRNw0trIfXdnPTFaV0ibKzk2C-j6EGXlBRFi7POP0p_QMobHk5DtI54j9fpbxtAvl7uwQCWJlBY4w0rmynlJrEN5TRvu2veMtvN8HPOoYpw4k1L_jif_w0Jli-MM-aDhhuRFUO07hwqV1qoxArm0xcd4EW0u0OWM0Uvs9vW51Vr_BDb7-TgvywJQO9R8DCjXk3BBPG8BYavinuA4fTTC5oKzJRyRI3_zwv7DHaXMT3eD-tRMKxqvdBsaxpTG0UyCIQ9HrefKTVaE8JD6so1fbGdsMQ3qvjKtSamQYPFWMFhUGj7qmEwzjIqXBXdGEO1j7YTh3jG1fDaXXIvVSffj2_Hl1hCEwuiaPxh7DRQIhZVNV0Gv2IXq1_s7hB6byjXnUdQyJtUZS8xfdCPEP3YHDPe14fRUBZJDJrYsg2XPRGkLrpcPlIDSgDgv9nS_vO19lwX3QN-LmtJ7P2mYgVnG0ELljRAKtZvYhcKfoSyE6R1Amw5XlAiV5OcftdpayJLlqmMStQjakQLuxQVI6KALcCNkHvbOAM5zcAbSCgRNSdZppxlGzePu15ngtBZjL5xSuIEW6Y5NTM6E1v24kUhWUvvi9p42c3r0[0m
[0;32mI (5677) mqtt: [APP] Free memory: 224924 bytes[0m
[0;32mI (5687) mqtt: MQTT_EVENT_BEFORE_CONNECT
[0m
[0;32mI (5697) mqtt: Note free memory: 213344 bytes[0m
[0;32mI (5697) mqtt: Waiting for connection to MQTT
[0m
[0;32mI (7697) mqtt: MQTT_EVENT_CONNECTED
[0m
[0;32mI (7697) mqtt: Connected to MQTT
[0m
[0;32mI (7697) progress: Sending battery status to MQTT[0m
[0;32mI (7697) mqtt: Sent <{"sensors":[{"name":"battery","values":[{"timestamp":1730414548000, "voltage":4.2, "soc":100.0}]}]}> to topic 1/4/data[0m
[0;32mI (7717) progress: Not a wakeup from deep sleep[0m
[0;32mI (7717) progress: Waiting for sensors to become inactive[0m
[0;32mI (7727) progress: Going to sleep[0m
[0;32mI (7727) mqtt: MQTT_EVENT_PUBLISHED, msg_id=43072
[0m
ets Jul 29 2019 12:21:46

rst:0x5 (DEEPSLEEP_RESET),boot:0x13 (SPI_FAST_FLASH_BOOT)
configsip: 0, SPIWP:0xee
clk_drv:0x00,q_drv:0x00,d_drv:0x00,cs0_drv:0x00,hd_drv:0x00,wp_drv:0x00
mode:DIO, clock div:2
load:0x3fff0030,len:7176
load:0x40078000,len:15564
ho 0 tail 12 room 4
load:0x40080400,len:4
load:0x40080404,len:3904
entry 0x40080640
[0;32mI (31) boot: ESP-IDF v5.3 2nd stage bootloader[0m
[0;32mI (31) boot: compile time Oct 31 2024 19:13:47[0m
[0;32mI (31) boot: Multicore bootloader[0m
[0;32mI (35) boot: chip revision: v3.0[0m
[0;32mI (39) boot.esp32: SPI Speed      : 40MHz[0m
[0;32mI (44) boot.esp32: SPI Mode       : DIO[0m
[0;32mI (48) boot.esp32: SPI Flash Size : 2MB[0m
[0;32mI (53) boot: Enabling RNG early entropy source...[0m
[0;32mI (58) boot: Partition Table:[0m
[0;32mI (62) boot: ## Label            Usage          Type ST Offset   Length[0m
[0;32mI (69) boot:  0 nvs              WiFi data        01 02 00009000 00006000[0m
[0;32mI (77) boot:  1 phy_init         RF data          01 01 0000f000 00001000[0m
[0;32mI (84) boot:  2 factory          factory app      00 00 00010000 00177000[0m
[0;32mI (92) boot: End of partition table[0m
[0;32mI (96) esp_image: segment 0: paddr=00010020 vaddr=3f400020 size=287a8h (165800) map[0m
[0;32mI (161) esp_image: segment 1: paddr=000387d0 vaddr=3ff80063 size=00008h (     8) [0m
[0;32mI (161) esp_image: segment 2: paddr=000387e0 vaddr=3ffb0000 size=03f94h ( 16276) load[0m
[0;32mI (173) esp_image: segment 3: paddr=0003c77c vaddr=40080000 size=0389ch ( 14492) load[0m
[0;32mI (181) esp_image: segment 4: paddr=00040020 vaddr=400d0020 size=a4064h (671844) map[0m
[0;32mI (414) esp_image: segment 5: paddr=000e408c vaddr=4008389c size=15f94h ( 90004) load[0m
[0;32mI (449) esp_image: segment 6: paddr=000fa028 vaddr=400c0000 size=00064h (   100) [0m
[0;32mI (462) boot: Loaded app from partition at offset 0x10000[0m
[0;32mI (462) boot: Disabling RNG early entropy source...[0m
[0;32mI (474) cpu_start: Multicore app[0m
[0;32mI (483) cpu_start: Pro cpu start user code[0m
[0;32mI (483) cpu_start: cpu freq: 160000000 Hz[0m
[0;32mI (483) app_init: Application information:[0m
[0;32mI (486) app_init: Project name:     PIR[0m
[0;32mI (490) app_init: App version:      1[0m
[0;32mI (495) app_init: Compile time:     Oct 31 2024 20:01:10[0m
[0;32mI (501) app_init: ELF file SHA256:  6f064d0451ae43b5...[0m
[0;32mI (506) app_init: ESP-IDF:          v5.3[0m
[0;32mI (511) efuse_init: Min chip rev:     v0.0[0m
[0;32mI (516) efuse_init: Max chip rev:     v3.99 [0m
[0;32mI (521) efuse_init: Chip rev:         v3.0[0m
[0;32mI (526) heap_init: Initializing. RAM available for dynamic allocation:[0m
[0;32mI (533) heap_init: At 3FFAE6E0 len 00001920 (6 KiB): DRAM[0m
[0;32mI (539) heap_init: At 3FFB88B8 len 00027748 (157 KiB): DRAM[0m
[0;32mI (545) heap_init: At 3FFE0440 len 00003AE0 (14 KiB): D/IRAM[0m
[0;32mI (551) heap_init: At 3FFE4350 len 0001BCB0 (111 KiB): D/IRAM[0m
[0;32mI (558) heap_init: At 40099830 len 000067D0 (25 KiB): IRAM[0m
[0;32mI (566) spi_flash: detected chip: generic[0m
[0;32mI (569) spi_flash: flash io: dio[0m
[0;33mW (573) spi_flash: Detected size(4096k) larger than the size in the binary image header(2048k). Using the size in the binary image header.[0m
[0;33mW (586) i2c: This driver is an old driver, please migrate your application code to adapt `driver/i2c_master.h`[0m
[0;32mI (597) main_task: Started on CPU0[0m
[0;32mI (607) main_task: Calling app_main()[0m
[0;32mI (607) progress: [APP] Free memory: 273748 bytes[0m
[0;32mI (607) progress: [APP] IDF version: v5.3[0m
[0;32mI (607) progress: MAC address: ec:62:60:bc:e8:50[0m
[0;31mE (617) i2cdev: Could not write to device [0x0b at 0]: -1 (ESP_FAIL)[0m
[0;32mI (737) gauge: Power Mode: 0x1[0m
[0;32mI (737) gauge: APA: 0x2A[0m
[0;32mI (737) gauge: Battery Profile: 0x1[0m
[0;32mI (737) gauge: Temp Mode: 0x0[0m
[0;32mI (747) gauge: Voltage: 4.18	RSOC: 100.0%[0m
[0;32mI (767) progress: Starting Wifi[0m
[0;32mI (10677) progress: Starting Clock[0m
[0;32mI (14677) progress: The current date/time in Germany is: Thu Oct 31 23:42:54 2024[0m
[0;32mI (14677) progress: Starting MQTT[0m
[0;32mI (14677) mqtt: Device Key: eyJhbGciOiJSUzI1NiIsInR5cCI6IkpXVCJ9.eyJpYXQiOjE3MzAzODAxNTYsImlzcyI6ImlvdHBsYXRmb3JtIiwic3ViIjoiMS80In0.pz7e__yvBeb-xrVAXNlY_6-GPg0PBvrMOzxsG9re_ohsAMgKnVddBFwaaRB15P07J-D4_s_1KpHDRNw0trIfXdnPTFaV0ibKzk2C-j6EGXlBRFi7POP0p_QMobHk5DtI54j9fpbxtAvl7uwQCWJlBY4w0rmynlJrEN5TRvu2veMtvN8HPOoYpw4k1L_jif_w0Jli-MM-aDhhuRFUO07hwqV1qoxArm0xcd4EW0u0OWM0Uvs9vW51Vr_BDb7-TgvywJQO9R8DCjXk3BBPG8BYavinuA4fTTC5oKzJRyRI3_zwv7DHaXMT3eD-tRMKxqvdBsaxpTG0UyCIQ9HrefKTVaE8JD6so1fbGdsMQ3qvjKtSamQYPFWMFhUGj7qmEwzjIqXBXdGEO1j7YTh3jG1fDaXXIvVSffj2_Hl1hCEwuiaPxh7DRQIhZVNV0Gv2IXq1_s7hB6byjXnUdQyJtUZS8xfdCPEP3YHDPe14fRUBZJDJrYsg2XPRGkLrpcPlIDSgDgv9nS_vO19lwX3QN-LmtJ7P2mYgVnG0ELljRAKtZvYhcKfoSyE6R1Amw5XlAiV5OcftdpayJLlqmMStQjakQLuxQVI6KALcCNkHvbOAM5zcAbSCgRNSdZppxlGzePu15ngtBZjL5xSuIEW6Y5NTM6E1v24kUhWUvvi9p42c3r0[0m
[0;32mI (14747) mqtt: [APP] Free memory: 224908 bytes[0m
[0;32mI (14757) mqtt: MQTT_EVENT_BEFORE_CONNECT
[0m
[0;32mI (14767) mqtt: Note free memory: 213420 bytes[0m
[0;32mI (14767) mqtt: Waiting for connection to MQTT
[0m
[0;32mI (16797) mqtt: MQTT_EVENT_CONNECTED
[0m
[0;32mI (16797) mqtt: Connected to MQTT
[0m
[0;32mI (16797) progress: Sending battery status to MQTT[0m
[0;32mI (16807) mqtt: Sent <{"sensors":[{"name":"battery","values":[{"timestamp":1730414576000, "voltage":4.2, "soc":100.0}]}]}> to topic 1/4/data[0m
[0;32mI (16817) progress: Wakeup caused by Magnetic Switch[0m
[0;32mI (16827) mqtt: Sent <{"sensors":[{"name":"MagneticSwitch","values":[{"timestamp":1730414576000, "roomID":"livingroomdoor"}]}]}> to topic 1/4/data[0m
[0;32mI (16837) mqtt: MQTT_EVENT_PUBLISHED, msg_id=33014
[0m
[0;32mI (16847) progress: Waiting for sensors to become inactive[0m
[0;32mI (16847) progress: Going to sleep[0m
[0;32mI (16857) mqtt: MQTT_EVENT_PUBLISHED, msg_id=7275
[0m
ets Jul 29 2019 12:21:46

rst:0x5 (DEEPSLEEP_RESET),boot:0x13 (SPI_FAST_FLASH_BOOT)
configsip: 0, SPIWP:0xee
clk_drv:0x00,q_drv:0x00,d_drv:0x00,cs0_drv:0x00,hd_drv:0x00,wp_drv:0x00
mode:DIO, clock div:2
load:0x3fff0030,len:7176
load:0x40078000,len:15564
ho 0 tail 12 room 4
load:0x40080400,len:4
load:0x40080404,len:3904
entry 0x40080640
[0;32mI (31) boot: ESP-IDF v5.3 2nd stage bootloader[0m
[0;32mI (31) boot: compile time Oct 31 2024 19:13:47[0m
[0;32mI (31) boot: Multicore bootloader[0m
[0;32mI (35) boot: chip revision: v3.0[0m
[0;32mI (39) boot.esp32: SPI Speed      : 40MHz[0m
[0;32mI (44) boot.esp32: SPI Mode       : DIO[0m
[0;32mI (48) boot.esp32: SPI Flash Size : 2MB[0m
[0;32mI (53) boot: Enabling RNG early entropy source...[0m
[0;32mI (58) boot: Partition Table:[0m
[0;32mI (62) boot: ## Label            Usage          Type ST Offset   Length[0m
[0;32mI (69) boot:  0 nvs              WiFi data        01 02 00009000 00006000[0m
[0;32mI (77) boot:  1 phy_init         RF data          01 01 0000f000 00001000[0m
[0;32mI (84) boot:  2 factory          factory app      00 00 00010000 00177000[0m
[0;32mI (92) boot: End of partition table[0m
[0;32mI (96) esp_image: segment 0: paddr=00010020 vaddr=3f400020 size=287a8h (165800) map[0m
[0;32mI (161) esp_image: segment 1: paddr=000387d0 vaddr=3ff80063 size=00008h (     8) [0m
[0;32mI (161) esp_image: segment 2: paddr=000387e0 vaddr=3ffb0000 size=03f94h ( 16276) load[0m
[0;32mI (173) esp_image: segment 3: paddr=0003c77c vaddr=40080000 size=0389ch ( 14492) load[0m
[0;32mI (181) esp_image: segment 4: paddr=00040020 vaddr=400d0020 size=a4064h (671844) map[0m
[0;32mI (414) esp_image: segment 5: paddr=000e408c vaddr=4008389c size=15f94h ( 90004) load[0m
[0;32mI (449) esp_image: segment 6: paddr=000fa028 vaddr=400c0000 size=00064h (   100) [0m
[0;32mI (462) boot: Loaded app from partition at offset 0x10000[0m
[0;32mI (462) boot: Disabling RNG early entropy source...[0m
[0;32mI (474) cpu_start: Multicore app[0m
[0;32mI (483) cpu_start: Pro cpu start user code[0m
[0;32mI (483) cpu_start: cpu freq: 160000000 Hz[0m
[0;32mI (483) app_init: Application information:[0m
[0;32mI (486) app_init: Project name:     PIR[0m
[0;32mI (490) app_init: App version:      1[0m
[0;32mI (495) app_init: Compile time:     Oct 31 2024 20:01:10[0m
[0;32mI (501) app_init: ELF file SHA256:  6f064d0451ae43b5...[0m
[0;32mI (506) app_init: ESP-IDF:          v5.3[0m
[0;32mI (511) efuse_init: Min chip rev:     v0.0[0m
[0;32mI (516) efuse_init: Max chip rev:     v3.99 [0m
[0;32mI (521) efuse_init: Chip rev:         v3.0[0m
[0;32mI (526) heap_init: Initializing. RAM available for dynamic allocation:[0m
[0;32mI (533) heap_init: At 3FFAE6E0 len 00001920 (6 KiB): DRAM[0m
[0;32mI (539) heap_init: At 3FFB88B8 len 00027748 (157 KiB): DRAM[0m
[0;32mI (545) heap_init: At 3FFE0440 len 00003AE0 (14 KiB): D/IRAM[0m
[0;32mI (551) heap_init: At 3FFE4350 len 0001BCB0 (111 KiB): D/IRAM[0m
[0;32mI (558) heap_init: At 40099830 len 000067D0 (25 KiB): IRAM[0m
[0;32mI (566) spi_flash: detected chip: generic[0m
[0;32mI (569) spi_flash: flash io: dio[0m
[0;33mW (573) spi_flash: Detected size(4096k) larger than the size in the binary image header(2048k). Using the size in the binary image header.[0m
[0;33mW (586) i2c: This driver is an old driver, please migrate your application code to adapt `driver/i2c_master.h`[0m
[0;32mI (597) main_task: Started on CPU0[0m
[0;32mI (607) main_task: Calling app_main()[0m
[0;32mI (607) progress: [APP] Free memory: 273748 bytes[0m
[0;32mI (607) progress: [APP] IDF version: v5.3[0m
[0;32mI (607) progress: MAC address: ec:62:60:bc:e8:50[0m
[0;31mE (617) i2cdev: Could not write to device [0x0b at 0]: -1 (ESP_FAIL)[0m
[0;32mI (737) gauge: Power Mode: 0x1[0m
[0;32mI (737) gauge: APA: 0x2A[0m
[0;32mI (737) gauge: Battery Profile: 0x1[0m
[0;32mI (737) gauge: Temp Mode: 0x0[0m
[0;32mI (747) gauge: Voltage: 4.18	RSOC: 100.0%[0m
[0;32mI (767) progress: Starting Wifi[0m
[0;32mI (10567) progress: Starting Clock[0m
[0;32mI (16567) progress: The current date/time in Germany is: Thu Oct 31 23:43:37 2024[0m
[0;32mI (16567) progress: Starting MQTT[0m
[0;32mI (16567) mqtt: Device Key: eyJhbGciOiJSUzI1NiIsInR5cCI6IkpXVCJ9.eyJpYXQiOjE3MzAzODAxNTYsImlzcyI6ImlvdHBsYXRmb3JtIiwic3ViIjoiMS80In0.pz7e__yvBeb-xrVAXNlY_6-GPg0PBvrMOzxsG9re_ohsAMgKnVddBFwaaRB15P07J-D4_s_1KpHDRNw0trIfXdnPTFaV0ibKzk2C-j6EGXlBRFi7POP0p_QMobHk5DtI54j9fpbxtAvl7uwQCWJlBY4w0rmynlJrEN5TRvu2veMtvN8HPOoYpw4k1L_jif_w0Jli-MM-aDhhuRFUO07hwqV1qoxArm0xcd4EW0u0OWM0Uvs9vW51Vr_BDb7-TgvywJQO9R8DCjXk3BBPG8BYavinuA4fTTC5oKzJRyRI3_zwv7DHaXMT3eD-tRMKxqvdBsaxpTG0UyCIQ9HrefKTVaE8JD6so1fbGdsMQ3qvjKtSamQYPFWMFhUGj7qmEwzjIqXBXdGEO1j7YTh3jG1fDaXXIvVSffj2_Hl1hCEwuiaPxh7DRQIhZVNV0Gv2IXq1_s7hB6byjXnUdQyJtUZS8xfdCPEP3YHDPe14fRUBZJDJrYsg2XPRGkLrpcPlIDSgDgv9nS_vO19lwX3QN-LmtJ7P2mYgVnG0ELljRAKtZvYhcKfoSyE6R1Amw5XlAiV5OcftdpayJLlqmMStQjakQLuxQVI6KALcCNkHvbOAM5zcAbSCgRNSdZppxlGzePu15ngtBZjL5xSuIEW6Y5NTM6E1v24kUhWUvvi9p42c3r0[0m
[0;32mI (16637) mqtt: [APP] Free memory: 224912 bytes[0m
[0;32mI (16647) mqtt: MQTT_EVENT_BEFORE_CONNECT
[0m
[0;32mI (16657) mqtt: Note free memory: 213336 bytes[0m
[0;32mI (16657) mqtt: Waiting for connection to MQTT
[0m
[0;32mI (17127) mqtt: MQTT_EVENT_CONNECTED
[0m
[0;32mI (17127) mqtt: Connected to MQTT
[0m
[0;32mI (17127) progress: Sending battery status to MQTT[0m
[0;32mI (17137) mqtt: Sent <{"sensors":[{"name":"battery","values":[{"timestamp":1730414618000, "voltage":4.2, "soc":100.0}]}]}> to topic 1/4/data[0m
[0;32mI (17147) progress: Wakeup caused by PIR sensor[0m
[0;32mI (17157) mqtt: Sent <{"sensors":[{"name":"PIR","values":[{"timestamp":1730414618000, "roomID":"livingroombedarea"}]}]}> to topic 1/4/data[0m
[0;32mI (17167) progress: Waiting for sensors to become inactive[0m
[0;32mI (17167) progress: Going to sleep[0m
[0;32mI (17167) mqtt: MQTT_EVENT_PUBLISHED, msg_id=47606
[0m
ets Jul 29 2019 12:21:46

rst:0x5 (DEEPSLEEP_RESET),boot:0x13 (SPI_FAST_FLASH_BOOT)
configsip: 0, SPIWP:0xee
clk_drv:0x00,q_drv:0x00,d_drv:0x00,cs0_drv:0x00,hd_drv:0x00,wp_drv:0x00
mode:DIO, clock div:2
load:0x3fff0030,len:7176
load:0x40078000,len:15564
ho 0 tail 12 room 4
load:0x40080400,len:4
load:0x40080404,len:3904
entry 0x40080640
[0;32mI (31) boot: ESP-IDF v5.3 2nd stage bootloader[0m
[0;32mI (31) boot: compile time Oct 31 2024 19:13:47[0m
[0;32mI (31) boot: Multicore bootloader[0m
[0;32mI (35) boot: chip revision: v3.0[0m
[0;32mI (39) boot.esp32: SPI Speed      : 40MHz[0m
[0;32mI (44) boot.esp32: SPI Mode       : DIO[0m
[0;32mI (48) boot.esp32: SPI Flash Size : 2MB[0m
[0;32mI (53) boot: Enabling RNG early entropy source...[0m
[0;32mI (58) boot: Partition Table:[0m
[0;32mI (62) boot: ## Label            Usage          Type ST Offset   Length[0m
[0;32mI (69) boot:  0 nvs              WiFi data        01 02 00009000 00006000[0m
[0;32mI (77) boot:  1 phy_init         RF data          01 01 0000f000 00001000[0m
[0;32mI (84) boot:  2 factory          factory app      00 00 00010000 00177000[0m
[0;32mI (92) boot: End of partition table[0m
[0;32mI (96) esp_image: segment 0: paddr=00010020 vaddr=3f400020 size=287a8h (165800) map[0m
[0;32mI (161) esp_image: segment 1: paddr=000387d0 vaddr=3ff80063 size=00008h (     8) [0m
[0;32mI (161) esp_image: segment 2: paddr=000387e0 vaddr=3ffb0000 size=03f94h ( 16276) load[0m
[0;32mI (173) esp_image: segment 3: paddr=0003c77c vaddr=40080000 size=0389ch ( 14492) load[0m
[0;32mI (181) esp_image: segment 4: paddr=00040020 vaddr=400d0020 size=a4064h (671844) map[0m
[0;32mI (414) esp_image: segment 5: paddr=000e408c vaddr=4008389c size=15f94h ( 90004) load[0m
[0;32mI (449) esp_image: segment 6: paddr=000fa028 vaddr=400c0000 size=00064h (   100) [0m
[0;32mI (462) boot: Loaded app from partition at offset 0x10000[0m
[0;32mI (462) boot: Disabling RNG early entropy source...[0m
[0;32mI (474) cpu_start: Multicore app[0m
[0;32mI (483) cpu_start: Pro cpu start user code[0m
[0;32mI (483) cpu_start: cpu freq: 160000000 Hz[0m
[0;32mI (483) app_init: Application information:[0m
[0;32mI (486) app_init: Project name:     PIR[0m
[0;32mI (490) app_init: App version:      1[0m
[0;32mI (495) app_init: Compile time:     Oct 31 2024 20:01:10[0m
[0;32mI (501) app_init: ELF file SHA256:  6f064d0451ae43b5...[0m
[0;32mI (506) app_init: ESP-IDF:          v5.3[0m
[0;32mI (511) efuse_init: Min chip rev:     v0.0[0m
[0;32mI (516) efuse_init: Max chip rev:     v3.99 [0m
[0;32mI (521) efuse_init: Chip rev:         v3.0[0m
[0;32mI (526) heap_init: Initializing. RAM available for dynamic allocation:[0m
[0;32mI (533) heap_init: At 3FFAE6E0 len 00001920 (6 KiB): DRAM[0m
[0;32mI (539) heap_init: At 3FFB88B8 len 00027748 (157 KiB): DRAM[0m
[0;32mI (545) heap_init: At 3FFE0440 len 00003AE0 (14 KiB): D/IRAM[0m
[0;32mI (551) heap_init: At 3FFE4350 len 0001BCB0 (111 KiB): D/IRAM[0m
[0;32mI (558) heap_init: At 40099830 len 000067D0 (25 KiB): IRAM[0m
[0;32mI (566) spi_flash: detected chip: generic[0m
[0;32mI (569) spi_flash: flash io: dio[0m
[0;33mW (573) spi_flash: Detected size(4096k) larger than the size in the binary image header(2048k). Using the size in the binary image header.[0m
[0;33mW (586) i2c: This driver is an old driver, please migrate your application code to adapt `driver/i2c_master.h`[0m
[0;32mI (597) main_task: Started on CPU0[0m
[0;32mI (607) main_task: Calling app_main()[0m
[0;32mI (607) progress: [APP] Free memory: 273748 bytes[0m
[0;32mI (607) progress: [APP] IDF version: v5.3[0m
[0;32mI (607) progress: MAC address: ec:62:60:bc:e8:50[0m
[0;31mE (617) i2cdev: Could not write to device [0x0b at 0]: -1 (ESP_FAIL)[0m
[0;32mI (737) gauge: Power Mode: 0x1[0m
[0;32mI (737) gauge: APA: 0x2A[0m
[0;32mI (737) gauge: Battery Profile: 0x1[0m
[0;32mI (737) gauge: Temp Mode: 0x0[0m
[0;32mI (747) gauge: Voltage: 4.18	RSOC: 100.0%[0m
[0;32mI (767) progress: Starting Wifi[0m
[0;32mI (10607) progress: Starting Clock[0m
[0;32mI (28607) progress: The current date/time in Germany is: Thu Oct 31 23:44:17 2024[0m
[0;32mI (28607) progress: Starting MQTT[0m
[0;32mI (28607) mqtt: Device Key: eyJhbGciOiJSUzI1NiIsInR5cCI6IkpXVCJ9.eyJpYXQiOjE3MzAzODAxNTYsImlzcyI6ImlvdHBsYXRmb3JtIiwic3ViIjoiMS80In0.pz7e__yvBeb-xrVAXNlY_6-GPg0PBvrMOzxsG9re_ohsAMgKnVddBFwaaRB15P07J-D4_s_1KpHDRNw0trIfXdnPTFaV0ibKzk2C-j6EGXlBRFi7POP0p_QMobHk5DtI54j9fpbxtAvl7uwQCWJlBY4w0rmynlJrEN5TRvu2veMtvN8HPOoYpw4k1L_jif_w0Jli-MM-aDhhuRFUO07hwqV1qoxArm0xcd4EW0u0OWM0Uvs9vW51Vr_BDb7-TgvywJQO9R8DCjXk3BBPG8BYavinuA4fTTC5oKzJRyRI3_zwv7DHaXMT3eD-tRMKxqvdBsaxpTG0UyCIQ9HrefKTVaE8JD6so1fbGdsMQ3qvjKtSamQYPFWMFhUGj7qmEwzjIqXBXdGEO1j7YTh3jG1fDaXXIvVSffj2_Hl1hCEwuiaPxh7DRQIhZVNV0Gv2IXq1_s7hB6byjXnUdQyJtUZS8xfdCPEP3YHDPe14fRUBZJDJrYsg2XPRGkLrpcPlIDSgDgv9nS_vO19lwX3QN-LmtJ7P2mYgVnG0ELljRAKtZvYhcKfoSyE6R1Amw5XlAiV5OcftdpayJLlqmMStQjakQLuxQVI6KALcCNkHvbOAM5zcAbSCgRNSdZppxlGzePu15ngtBZjL5xSuIEW6Y5NTM6E1v24kUhWUvvi9p42c3r0[0m
[0;32mI (28677) mqtt: [APP] Free memory: 225704 bytes[0m
[0;32mI (28687) mqtt: MQTT_EVENT_BEFORE_CONNECT
[0m
[0;31mE (28687) esp-tls: [sock=54] connect() error: Host is unreachable[0m
[0;31mE (28697) transport_base: Failed to open a new connection: 32772[0m
[0;31mE (28697) mqtt_client: Error transport connect[0m
[0;32mI (28707) mqtt: MQTT_EVENT_ERROR
[0m
[0;32mI (28707) mqtt: MQTT_EVENT_DISCONNECTED
[0m
[0;32mI (28717) mqtt: Note free memory: 214948 bytes[0m
[0;32mI (28717) mqtt: Waiting for connection to MQTT
[0m
[0;32mI (38717) mqtt: MQTT_EVENT_BEFORE_CONNECT
[0m
[0;31mE (38717) esp-tls: [sock=54] connect() error: Host is unreachable[0m
[0;31mE (38717) transport_base: Failed to open a new connection: 32772[0m
[0;31mE (38717) mqtt_client: Error transport connect[0m
[0;32mI (38727) mqtt: MQTT_EVENT_ERROR
[0m
[0;32mI (38727) mqtt: MQTT_EVENT_DISCONNECTED
[0m
